Archive member included to satisfy reference by file (symbol)

D:/SOFTWARE/CubeIDE/STM32CubeIDE_1.18.1/STM32CubeIDE/plugins/com.st.stm32cube.ide.mcu.externaltools.gnu-tools-for-stm32.13.3.rel1.win32_1.0.0.202411081344/tools/bin/../lib/gcc/arm-none-eabi/13.3.1/../../../../arm-none-eabi/lib/thumb/v7-m/nofp\libc_nano.a(libc_a-exit.o)
                              D:/SOFTWARE/CubeIDE/STM32CubeIDE_1.18.1/STM32CubeIDE/plugins/com.st.stm32cube.ide.mcu.externaltools.gnu-tools-for-stm32.13.3.rel1.win32_1.0.0.202411081344/tools/bin/../lib/gcc/arm-none-eabi/13.3.1/../../../../arm-none-eabi/lib/thumb/v7-m/nofp/crt0.o (exit)
D:/SOFTWARE/CubeIDE/STM32CubeIDE_1.18.1/STM32CubeIDE/plugins/com.st.stm32cube.ide.mcu.externaltools.gnu-tools-for-stm32.13.3.rel1.win32_1.0.0.202411081344/tools/bin/../lib/gcc/arm-none-eabi/13.3.1/../../../../arm-none-eabi/lib/thumb/v7-m/nofp\libc_nano.a(libc_a-findfp.o)
                              D:/SOFTWARE/CubeIDE/STM32CubeIDE_1.18.1/STM32CubeIDE/plugins/com.st.stm32cube.ide.mcu.externaltools.gnu-tools-for-stm32.13.3.rel1.win32_1.0.0.202411081344/tools/bin/../lib/gcc/arm-none-eabi/13.3.1/../../../../arm-none-eabi/lib/thumb/v7-m/nofp\libc_nano.a(libc_a-exit.o) (__stdio_exit_handler)
D:/SOFTWARE/CubeIDE/STM32CubeIDE_1.18.1/STM32CubeIDE/plugins/com.st.stm32cube.ide.mcu.externaltools.gnu-tools-for-stm32.13.3.rel1.win32_1.0.0.202411081344/tools/bin/../lib/gcc/arm-none-eabi/13.3.1/../../../../arm-none-eabi/lib/thumb/v7-m/nofp\libc_nano.a(libc_a-fwalk.o)
                              D:/SOFTWARE/CubeIDE/STM32CubeIDE_1.18.1/STM32CubeIDE/plugins/com.st.stm32cube.ide.mcu.externaltools.gnu-tools-for-stm32.13.3.rel1.win32_1.0.0.202411081344/tools/bin/../lib/gcc/arm-none-eabi/13.3.1/../../../../arm-none-eabi/lib/thumb/v7-m/nofp\libc_nano.a(libc_a-findfp.o) (_fwalk_sglue)
D:/SOFTWARE/CubeIDE/STM32CubeIDE_1.18.1/STM32CubeIDE/plugins/com.st.stm32cube.ide.mcu.externaltools.gnu-tools-for-stm32.13.3.rel1.win32_1.0.0.202411081344/tools/bin/../lib/gcc/arm-none-eabi/13.3.1/../../../../arm-none-eabi/lib/thumb/v7-m/nofp\libc_nano.a(libc_a-printf.o)
                              ./Core/Src/ft5206.o (printf)
D:/SOFTWARE/CubeIDE/STM32CubeIDE_1.18.1/STM32CubeIDE/plugins/com.st.stm32cube.ide.mcu.externaltools.gnu-tools-for-stm32.13.3.rel1.win32_1.0.0.202411081344/tools/bin/../lib/gcc/arm-none-eabi/13.3.1/../../../../arm-none-eabi/lib/thumb/v7-m/nofp\libc_nano.a(libc_a-sprintf.o)
                              ./Core/Src/main.o (sprintf)
D:/SOFTWARE/CubeIDE/STM32CubeIDE_1.18.1/STM32CubeIDE/plugins/com.st.stm32cube.ide.mcu.externaltools.gnu-tools-for-stm32.13.3.rel1.win32_1.0.0.202411081344/tools/bin/../lib/gcc/arm-none-eabi/13.3.1/../../../../arm-none-eabi/lib/thumb/v7-m/nofp\libc_nano.a(libc_a-stdio.o)
                              D:/SOFTWARE/CubeIDE/STM32CubeIDE_1.18.1/STM32CubeIDE/plugins/com.st.stm32cube.ide.mcu.externaltools.gnu-tools-for-stm32.13.3.rel1.win32_1.0.0.202411081344/tools/bin/../lib/gcc/arm-none-eabi/13.3.1/../../../../arm-none-eabi/lib/thumb/v7-m/nofp\libc_nano.a(libc_a-findfp.o) (__sread)
D:/SOFTWARE/CubeIDE/STM32CubeIDE_1.18.1/STM32CubeIDE/plugins/com.st.stm32cube.ide.mcu.externaltools.gnu-tools-for-stm32.13.3.rel1.win32_1.0.0.202411081344/tools/bin/../lib/gcc/arm-none-eabi/13.3.1/../../../../arm-none-eabi/lib/thumb/v7-m/nofp\libc_nano.a(libc_a-memset.o)
                              D:/SOFTWARE/CubeIDE/STM32CubeIDE_1.18.1/STM32CubeIDE/plugins/com.st.stm32cube.ide.mcu.externaltools.gnu-tools-for-stm32.13.3.rel1.win32_1.0.0.202411081344/tools/bin/../lib/gcc/arm-none-eabi/13.3.1/../../../../arm-none-eabi/lib/thumb/v7-m/nofp/crt0.o (memset)
D:/SOFTWARE/CubeIDE/STM32CubeIDE_1.18.1/STM32CubeIDE/plugins/com.st.stm32cube.ide.mcu.externaltools.gnu-tools-for-stm32.13.3.rel1.win32_1.0.0.202411081344/tools/bin/../lib/gcc/arm-none-eabi/13.3.1/../../../../arm-none-eabi/lib/thumb/v7-m/nofp\libc_nano.a(libc_a-closer.o)
                              D:/SOFTWARE/CubeIDE/STM32CubeIDE_1.18.1/STM32CubeIDE/plugins/com.st.stm32cube.ide.mcu.externaltools.gnu-tools-for-stm32.13.3.rel1.win32_1.0.0.202411081344/tools/bin/../lib/gcc/arm-none-eabi/13.3.1/../../../../arm-none-eabi/lib/thumb/v7-m/nofp\libc_nano.a(libc_a-stdio.o) (_close_r)
D:/SOFTWARE/CubeIDE/STM32CubeIDE_1.18.1/STM32CubeIDE/plugins/com.st.stm32cube.ide.mcu.externaltools.gnu-tools-for-stm32.13.3.rel1.win32_1.0.0.202411081344/tools/bin/../lib/gcc/arm-none-eabi/13.3.1/../../../../arm-none-eabi/lib/thumb/v7-m/nofp\libc_nano.a(libc_a-reent.o)
                              D:/SOFTWARE/CubeIDE/STM32CubeIDE_1.18.1/STM32CubeIDE/plugins/com.st.stm32cube.ide.mcu.externaltools.gnu-tools-for-stm32.13.3.rel1.win32_1.0.0.202411081344/tools/bin/../lib/gcc/arm-none-eabi/13.3.1/../../../../arm-none-eabi/lib/thumb/v7-m/nofp\libc_nano.a(libc_a-closer.o) (errno)
[...]
Memory Configuration

Name             Origin             Length             Attributes
RAM              0x20000000         0x0000c000         xrw
FLASH            0x08000000         0x00040000         xr
*default*        0x00000000         0xffffffff

Linker script and memory map

LOAD D:/SOFTWARE/CubeIDE/STM32CubeIDE_1.18.1/STM32CubeIDE/plugins/com.st.stm32cube.ide.mcu.externaltools.gnu-tools-for-stm32.13.3.rel1.win32_1.0.0.202411081344/tools/bin/../lib/gcc/arm-none-eabi/13.3.1/thumb/v7-m/nofp/crti.o
LOAD D:/SOFTWARE/CubeIDE/STM32CubeIDE_1.18.1/STM32CubeIDE/plugins/com.st.stm32cube.ide.mcu.externaltools.gnu-tools-for-stm32.13.3.rel1.win32_1.0.0.202411081344/tools/bin/../lib/gcc/arm-none-eabi/13.3.1/thumb/v7-m/nofp/crtbegin.o
LOAD D:/SOFTWARE/CubeIDE/STM32CubeIDE_1.18.1/STM32CubeIDE/plugins/com.st.stm32cube.ide.mcu.externaltools.gnu-tools-for-stm32.13.3.rel1.win32_1.0.0.202411081344/tools/bin/../lib/gcc/arm-none-eabi/13.3.1/../../../../arm-none-eabi/lib/thumb/v7-m/nofp/crt0.o
LOAD ./Core/Src/24cxx.o
LOAD ./Core/Src/24l01.o
LOAD ./Core/Src/ctiic.o
LOAD ./Core/Src/delay.o
LOAD ./Core/Src/ft5206.o
LOAD ./Core/Src/gt9147.o
LOAD ./Core/Src/key.o
LOAD ./Core/Src/lcd.o
LOAD ./Core/Src/led.o
LOAD ./Core/Src/main.o
LOAD ./Core/Src/myiic.o
LOAD ./Core/Src/ott2001a.o
LOAD ./Core/Src/route_planning.o
LOAD ./Core/Src/screen.o
LOAD ./Core/Src/spi.o
LOAD ./Core/Src/stm32f1xx_hal_msp.o
LOAD ./Core/Src/stm32f1xx_it.o
LOAD ./Core/Src/sys.o
LOAD ./Core/Src/syscalls.o
LOAD ./Core/Src/sysmem.o
LOAD ./Core/Src/system_stm32f1xx.o
LOAD ./Core/Src/touch.o
LOAD ./Core/Startup/startup_stm32f103rctx.o
LOAD ./Drivers/STM32F1xx_HAL_Driver/Src/stm32f1xx_hal.o
LOAD ./Drivers/STM32F1xx_HAL_Driver/Src/stm32f1xx_hal_cortex.o
LOAD ./Drivers/STM32F1xx_HAL_Driver/Src/stm32f1xx_hal_dma.o
LOAD ./Drivers/STM32F1xx_HAL_Driver/Src/stm32f1xx_hal_exti.o
LOAD ./Drivers/STM32F1xx_HAL_Driver/Src/stm32f1xx_hal_flash.o
LOAD ./Drivers/STM32F1xx_HAL_Driver/Src/stm32f1xx_hal_flash_ex.o
LOAD ./Drivers/STM32F1xx_HAL_Driver/Src/stm32f1xx_hal_gpio.o
LOAD ./Drivers/STM32F1xx_HAL_Driver/Src/stm32f1xx_hal_gpio_ex.o
LOAD ./Drivers/STM32F1xx_HAL_Driver/Src/stm32f1xx_hal_pwr.o
LOAD ./Drivers/STM32F1xx_HAL_Driver/Src/stm32f1xx_hal_rcc.o
LOAD ./Drivers/STM32F1xx_HAL_Driver/Src/stm32f1xx_hal_rcc_ex.o
LOAD ./Drivers/STM32F1xx_HAL_Driver/Src/stm32f1xx_hal_spi.o
LOAD ./Drivers/STM32F1xx_HAL_Driver/Src/stm32f1xx_hal_uart.o
START GROUP
LOAD D:/SOFTWARE/CubeIDE/STM32CubeIDE_1.18.1/STM32CubeIDE/plugins/com.st.stm32cube.ide.mcu.externaltools.gnu-tools-for-stm32.13.3.rel1.win32_1.0.0.202411081344/tools/bin/../lib/gcc/arm-none-eabi/13.3.1/../../../../arm-none-eabi/lib/thumb/v7-m/nofp\libc_nano.a
LOAD D:/SOFTWARE/CubeIDE/STM32CubeIDE_1.18.1/STM32CubeIDE/plugins/com.st.stm32cube.ide.mcu.externaltools.gnu-tools-for-stm32.13.3.rel1.win32_1.0.0.202411081344/tools/bin/../lib/gcc/arm-none-eabi/13.3.1/../../../../arm-none-eabi/lib/thumb/v7-m/nofp\libm.a
END GROUP
START GROUP
LOAD D:/SOFTWARE/CubeIDE/STM32CubeIDE_1.18.1/STM32CubeIDE/plugins/com.st.stm32cube.ide.mcu.externaltools.gnu-tools-for-stm32.13.3.rel1.win32_1.0.0.202411081344/tools/bin/../lib/gcc/arm-none-eabi/13.3.1/thumb/v7-m/nofp\libgcc.a
LOAD D:/SOFTWARE/CubeIDE/STM32CubeIDE_1.18.1/STM32CubeIDE/plugins/com.st.stm32cube.ide.mcu.externaltools.gnu-tools-for-stm32.13.3.rel1.win32_1.0.0.202411081344/tools/bin/../lib/gcc/arm-none-eabi/13.3.1/../../../../arm-none-eabi/lib/thumb/v7-m/nofp\libc_nano.a
END GROUP
START GROUP
LOAD D:/SOFTWARE/CubeIDE/STM32CubeIDE_1.18.1/STM32CubeIDE/plugins/com.st.stm32cube.ide.mcu.externaltools.gnu-tools-for-stm32.13.3.rel1.win32_1.0.0.202411081344/tools/bin/../lib/gcc/arm-none-eabi/13.3.1/thumb/v7-m/nofp\libgcc.a
LOAD D:/SOFTWARE/CubeIDE/STM32CubeIDE_1.18.1/STM32CubeIDE/plugins/com.st.stm32cube.ide.mcu.externaltools.gnu-tools-for-stm32.13.3.rel1.win32_1.0.0.202411081344/tools/bin/../lib/gcc/arm-none-eabi/13.3.1/../../../../arm-none-eabi/lib/thumb/v7-m/nofp\libc_nano.a
LOAD D:/SOFTWARE/CubeIDE/STM32CubeIDE_1.18.1/STM32CubeIDE/plugins/com.st.stm32cube.ide.mcu.externaltools.gnu-tools-for-stm32.13.3.rel1.win32_1.0.0.202411081344/tools/bin/../lib/gcc/arm-none-eabi/13.3.1/../../../../arm-none-eabi/lib/thumb/v7-m/nofp\libnosys.a
END GROUP
START GROUP
LOAD D:/SOFTWARE/CubeIDE/STM32CubeIDE_1.18.1/STM32CubeIDE/plugins/com.st.stm32cube.ide.mcu.externaltools.gnu-tools-for-stm32.13.3.rel1.win32_1.0.0.202411081344/tools/bin/../lib/gcc/arm-none-eabi/13.3.1/thumb/v7-m/nofp\libgcc.a
LOAD D:/SOFTWARE/CubeIDE/STM32CubeIDE_1.18.1/STM32CubeIDE/plugins/com.st.stm32cube.ide.mcu.externaltools.gnu-tools-for-stm32.13.3.rel1.win32_1.0.0.202411081344/tools/bin/../lib/gcc/arm-none-eabi/13.3.1/../../../../arm-none-eabi/lib/thumb/v7-m/nofp\libc_nano.a
LOAD D:/SOFTWARE/CubeIDE/STM32CubeIDE_1.18.1/STM32CubeIDE/plugins/com.st.stm32cube.ide.mcu.externaltools.gnu-tools-for-stm32.13.3.rel1.win32_1.0.0.202411081344/tools/bin/../lib/gcc/arm-none-eabi/13.3.1/../../../../arm-none-eabi/lib/thumb/v7-m/nofp\libnosys.a
END GROUP
LOAD D:/SOFTWARE/CubeIDE/STM32CubeIDE_1.18.1/STM32CubeIDE/plugins/com.st.stm32cube.ide.mcu.externaltools.gnu-tools-for-stm32.13.3.rel1.win32_1.0.0.202411081344/tools/bin/../lib/gcc/arm-none-eabi/13.3.1/thumb/v7-m/nofp/crtend.o
LOAD D:/SOFTWARE/CubeIDE/STM32CubeIDE_1.18.1/STM32CubeIDE/plugins/com.st.stm32cube.ide.mcu.externaltools.gnu-tools-for-stm32.13.3.rel1.win32_1.0.0.202411081344/tools/bin/../lib/gcc/arm-none-eabi/13.3.1/thumb/v7-m/nofp/crtn.o
                0x2000c000                        _estack = (ORIGIN (RAM) + LENGTH (RAM))
                0x00000200                        _Min_Heap_Size = 0x200
                0x00000400                        _Min_Stack_Size = 0x400

.isr_vector     0x08000000      0x1e4
                0x08000000                        . = ALIGN (0x4)
 *(.isr_vector)
 .isr_vector    0x08000000      0x1e4 ./Core/Startup/startup_stm32f103rctx.o
                0x08000000                g_pfnVectors
                0x080001e4                        . = ALIGN (0x4)

.text           0x080001e8     0xc768
                0x080001e8                        . = ALIGN (0x4)
 *(.text)
 .text          0x080001e8       0x40 D:/SOFTWARE/CubeIDE/STM32CubeIDE_1.18.1/STM32CubeIDE/plugins/com.st.stm32cube.ide.mcu.externaltools.gnu-tools-for-stm32.13.3.rel1.win32_1.0.0.202411081344/tools/bin/../lib/gcc/arm-none-eabi/13.3.1/thumb/v7-m/nofp/crtbegin.o
 .text          0x08000228       0x14 D:/SOFTWARE/CubeIDE/STM32CubeIDE_1.18.1/STM32CubeIDE/plugins/com.st.stm32cube.ide.mcu.externaltools.gnu-tools-for-stm32.13.3.rel1.win32_1.0.0.202411081344/tools/bin/../lib/gcc/arm-none-eabi/13.3.1/../../../../arm-none-eabi/lib/thumb/v7-m/nofp\libc_nano.a(libc_a-strcmp.o)
                0x08000228                strcmp
 .text          0x0800023c       0x10 D:/SOFTWARE/CubeIDE/STM32CubeIDE_1.18.1/STM32CubeIDE/plugins/com.st.stm32cube.ide.mcu.externaltools.gnu-tools-for-stm32.13.3.rel1.win32_1.0.0.202411081344/tools/bin/../lib/gcc/arm-none-eabi/13.3.1/../../../../arm-none-eabi/lib/thumb/v7-m/nofp\libc_nano.a(libc_a-strlen.o)
                0x0800023c                strlen
 .text          0x0800024c      0x378 D:/SOFTWARE/CubeIDE/STM32CubeIDE_1.18.1/STM32CubeIDE/plugins/com.st.stm32cube.ide.mcu.externaltools.gnu-tools-for-stm32.13.3.rel1.win32_1.0.0.202411081344/tools/bin/../lib/gcc/arm-none-eabi/13.3.1/thumb/v7-m/nofp\libgcc.a(_arm_addsubdf3.o)
                0x0800024c                __aeabi_drsub
                0x08000254                __aeabi_dsub
                0x08000254                __subdf3
                0x08000258                __aeabi_dadd
                0x08000258                __adddf3
                0x080004d0                __floatunsidf
                0x080004d0                __aeabi_ui2d
                0x080004f0                __floatsidf
                0x080004f0                __aeabi_i2d
                0x08000514                __aeabi_f2d
                0x08000514                __extendsfdf2
                0x08000558                __floatundidf
                0x08000558                __aeabi_ul2d
                0x08000568                __floatdidf
                0x08000568                __aeabi_l2d
 .text          0x080005c4      0x424 D:/SOFTWARE/CubeIDE/STM32CubeIDE_1.18.1/STM32CubeIDE/plugins/com.st.stm32cube.ide.mcu.externaltools.gnu-tools-for-stm32.13.3.rel1.win32_1.0.0.202411081344/tools/bin/../lib/gcc/arm-none-eabi/13.3.1/thumb/v7-m/nofp\libgcc.a(_arm_muldivdf3.o)
                0x080005c4                __aeabi_dmul
                0x080005c4                __muldf3
                0x08000818                __divdf3
                0x08000818                __aeabi_ddiv
 .text          0x080009e8      0x110 D:/SOFTWARE/CubeIDE/STM32CubeIDE_1.18.1/STM32CubeIDE/plugins/com.st.stm32cube.ide.mcu.externaltools.gnu-tools-for-stm32.13.3.rel1.win32_1.0.0.202411081344/tools/bin/../lib/gcc/arm-none-eabi/13.3.1/thumb/v7-m/nofp\libgcc.a(_arm_cmpdf2.o)
                0x080009e8                __gtdf2
                0x080009e8                __gedf2
                0x080009f0                __ltdf2
                0x080009f0                __ledf2
                0x080009f8                __nedf2
                0x080009f8                __eqdf2
                0x080009f8                __cmpdf2
                0x08000a74                __aeabi_cdrcmple
                0x08000a84                __aeabi_cdcmpeq
                0x08000a84                __aeabi_cdcmple
                0x08000a94                __aeabi_dcmpeq
                0x08000aa8                __aeabi_dcmplt
                0x08000abc                __aeabi_dcmple
                0x08000ad0                __aeabi_dcmpge
                0x08000ae4                __aeabi_dcmpgt
 .text          0x08000af8       0x2c D:/SOFTWARE/CubeIDE/STM32CubeIDE_1.18.1/STM32CubeIDE/plugins/com.st.stm32cube.ide.mcu.externaltools.gnu-tools-for-stm32.13.3.rel1.win32_1.0.0.202411081344/tools/bin/../lib/gcc/arm-none-eabi/13.3.1/thumb/v7-m/nofp\libgcc.a(_arm_unorddf2.o)
                0x08000af8                __unorddf2
                0x08000af8                __aeabi_dcmpun
 .text          0x08000b24       0x40 D:/SOFTWARE/CubeIDE/STM32CubeIDE_1.18.1/STM32CubeIDE/plugins/com.st.stm32cube.ide.mcu.externaltools.gnu-tools-for-stm32.13.3.rel1.win32_1.0.0.202411081344/tools/bin/../lib/gcc/arm-none-eabi/13.3.1/thumb/v7-m/nofp\libgcc.a(_arm_fixunsdfsi.o)
                0x08000b24                __aeabi_d2uiz
                0x08000b24                __fixunsdfsi
 .text          0x08000b64      0x21c D:/SOFTWARE/CubeIDE/STM32CubeIDE_1.18.1/STM32CubeIDE/plugins/com.st.stm32cube.ide.mcu.externaltools.gnu-tools-for-stm32.13.3.rel1.win32_1.0.0.202411081344/tools/bin/../lib/gcc/arm-none-eabi/13.3.1/thumb/v7-m/nofp\libgcc.a(_arm_addsubsf3.o)
                0x08000b64                __aeabi_frsub
                0x08000b6c                __subsf3
                0x08000b6c                __aeabi_fsub
                0x08000b70                __aeabi_fadd
                0x08000b70                __addsf3
                0x08000cd0                __aeabi_ui2f
                0x08000cd0                __floatunsisf
                0x08000cd8                __aeabi_i2f
                0x08000cd8                __floatsisf
                0x08000cf4                __aeabi_ul2f
                0x08000cf4                __floatundisf
                0x08000d04                __aeabi_l2f
                0x08000d04                __floatdisf
 .text          0x08000d80      0x2a0 D:/SOFTWARE/CubeIDE/STM32CubeIDE_1.18.1/STM32CubeIDE/plugins/com.st.stm32cube.ide.mcu.externaltools.gnu-tools-for-stm32.13.3.rel1.win32_1.0.0.202411081344/tools/bin/../lib/gcc/arm-none-eabi/13.3.1/thumb/v7-m/nofp\libgcc.a(_arm_muldivsf3.o)
                0x08000d80                __mulsf3
                0x08000d80                __aeabi_fmul
                0x08000ee8                __aeabi_fdiv
                0x08000ee8                __divsf3
 .text          0x08001020       0xec D:/SOFTWARE/CubeIDE/STM32CubeIDE_1.18.1/STM32CubeIDE/plugins/com.st.stm32cube.ide.mcu.externaltools.gnu-tools-for-stm32.13.3.rel1.win32_1.0.0.202411081344/tools/bin/../lib/gcc/arm-none-eabi/13.3.1/thumb/v7-m/nofp\libgcc.a(_arm_cmpsf2.o)
                0x08001020                __gesf2
                0x08001020                __gtsf2
                0x08001028                __lesf2
                0x08001028                __ltsf2
                0x08001030                __nesf2
                0x08001030                __eqsf2
                0x08001030                __cmpsf2
                0x08001090                __aeabi_cfrcmple
                0x08001098                __aeabi_cfcmpeq
                0x08001098                __aeabi_cfcmple
                0x080010a8                __aeabi_fcmpeq
                0x080010bc                __aeabi_fcmplt
                0x080010d0                __aeabi_fcmple
                0x080010e4                __aeabi_fcmpge
                0x080010f8                __aeabi_fcmpgt
 .text          0x0800110c       0x2c D:/SOFTWARE/CubeIDE/STM32CubeIDE_1.18.1/STM32CubeIDE/plugins/com.st.stm32cube.ide.mcu.externaltools.gnu-tools-for-stm32.13.3.rel1.win32_1.0.0.202411081344/tools/bin/../lib/gcc/arm-none-eabi/13.3.1/thumb/v7-m/nofp\libgcc.a(_arm_unordsf2.o)
                0x0800110c                __unordsf2
                0x0800110c                __aeabi_fcmpun
 .text          0x08001138       0x4c D:/SOFTWARE/CubeIDE/STM32CubeIDE_1.18.1/STM32CubeIDE/plugins/com.st.stm32cube.ide.mcu.externaltools.gnu-tools-for-stm32.13.3.rel1.win32_1.0.0.202411081344/tools/bin/../lib/gcc/arm-none-eabi/13.3.1/thumb/v7-m/nofp\libgcc.a(_arm_fixsfsi.o)
                0x08001138                __aeabi_f2iz
                0x08001138                __fixsfsi
 .text          0x08001184       0x40 D:/SOFTWARE/CubeIDE/STM32CubeIDE_1.18.1/STM32CubeIDE/plugins/com.st.stm32cube.ide.mcu.externaltools.gnu-tools-for-stm32.13.3.rel1.win32_1.0.0.202411081344/tools/bin/../lib/gcc/arm-none-eabi/13.3.1/thumb/v7-m/nofp\libgcc.a(_arm_fixunssfsi.o)
                0x08001184                __fixunssfsi
                0x08001184                __aeabi_f2uiz
 *(.text*)
 .text.AT24CXX_Init
                0x080011c4        0xc ./Core/Src/24cxx.o
                0x080011c4                AT24CXX_Init
 .text.AT24CXX_ReadOneByte
                0x080011d0       0x60 ./Core/Src/24cxx.o
                0x080011d0                AT24CXX_ReadOneByte
 .text.AT24CXX_WriteOneByte
                0x08001230       0x5a ./Core/Src/24cxx.o
                0x08001230                AT24CXX_WriteOneByte
 .text.AT24CXX_Read
                0x0800128a       0x3e ./Core/Src/24cxx.o
                0x0800128a                AT24CXX_Read
 .text.AT24CXX_Write
                0x080012c8       0x40 ./Core/Src/24cxx.o
                0x080012c8                AT24CXX_Write
 .text.CT_Delay
                0x08001308        0xe ./Core/Src/ctiic.o
                0x08001308                CT_Delay
 *fill*         0x08001316        0x2 
 .text.CT_IIC_Init
                0x08001318       0x60 ./Core/Src/ctiic.o
                0x08001318                CT_IIC_Init
 .text.CT_IIC_Start
                0x08001378       0x50 ./Core/Src/ctiic.o
                0x08001378                CT_IIC_Start
 .text.CT_IIC_Stop
                0x080013c8       0x48 ./Core/Src/ctiic.o
                0x080013c8                CT_IIC_Stop
 .text.CT_IIC_Wait_Ack
                0x08001410       0x74 ./Core/Src/ctiic.o
                0x08001410                CT_IIC_Wait_Ack
 .text.CT_IIC_Ack
                0x08001484       0x50 ./Core/Src/ctiic.o
                0x08001484                CT_IIC_Ack
 .text.CT_IIC_NAck
                0x080014d4       0x50 ./Core/Src/ctiic.o
                0x080014d4                CT_IIC_NAck
 .text.CT_IIC_Send_Byte
                0x08001524       0x78 ./Core/Src/ctiic.o
                0x08001524                CT_IIC_Send_Byte
 .text.CT_IIC_Read_Byte
                0x0800159c       0x88 ./Core/Src/ctiic.o
                0x0800159c                CT_IIC_Read_Byte
 .text.delay_init
                0x08001624       0x24 ./Core/Src/delay.o
                0x08001624                delay_init
 .text.delay_us
                0x08001648       0x7c ./Core/Src/delay.o
                0x08001648                delay_us
 .text.delay_ms
                0x080016c4       0x30 ./Core/Src/delay.o
                0x080016c4                delay_ms
 .text.FT5206_WR_Reg
                0x080016f4       0x72 ./Core/Src/ft5206.o
                0x080016f4                FT5206_WR_Reg
 .text.FT5206_RD_Reg
                0x08001766       0x7c ./Core/Src/ft5206.o
                0x08001766                FT5206_RD_Reg
 *fill*         0x080017e2        0x2 
 .text.FT5206_Init
                0x080017e4       0xf4 ./Core/Src/ft5206.o
                0x080017e4                FT5206_Init
 .text.FT5206_Scan
                0x080018d8      0x22c ./Core/Src/ft5206.o
                0x080018d8                FT5206_Scan
 .text.GT9147_Send_Cfg
                0x08001b04       0x68 ./Core/Src/gt9147.o
                0x08001b04                GT9147_Send_Cfg
 .text.GT9147_WR_Reg
                0x08001b6c       0x84 ./Core/Src/gt9147.o
                0x08001b6c                GT9147_WR_Reg
 .text.GT9147_RD_Reg
                0x08001bf0       0x8e ./Core/Src/gt9147.o
                0x08001bf0                GT9147_RD_Reg
 *fill*         0x08001c7e        0x2 
 .text.GT9147_Init
                0x08001c80      0x138 ./Core/Src/gt9147.o
                0x08001c80                GT9147_Init
 .text.GT9147_Scan
                0x08001db8      0x268 ./Core/Src/gt9147.o
                0x08001db8                GT9147_Scan
 .text.KEY_Init
                0x08002020       0x90 ./Core/Src/key.o
                0x08002020                KEY_Init
 .text.KEY_Scan
                0x080020b0       0xdc ./Core/Src/key.o
                0x080020b0                KEY_Scan
 .text.LCD_WR_REG
                0x0800218c       0x48 ./Core/Src/lcd.o
                0x0800218c                LCD_WR_REG
 .text.LCD_WR_DATAX
                0x080021d4       0x48 ./Core/Src/lcd.o
                0x080021d4                LCD_WR_DATAX
 .text.opt_delay
                0x0800221c       0x22 ./Core/Src/lcd.o
                0x0800221c                opt_delay
 *fill*         0x0800223e        0x2 
 .text.LCD_RD_DATA
                0x08002240       0x78 ./Core/Src/lcd.o
                0x08002240                LCD_RD_DATA
 .text.LCD_WriteReg
                0x080022b8       0x54 ./Core/Src/lcd.o
                0x080022b8                LCD_WriteReg
 .text.LCD_WriteRAM_Prepare
                0x0800230c       0x18 ./Core/Src/lcd.o
                0x0800230c                LCD_WriteRAM_Prepare
 .text.LCD_SetCursor
                0x08002324      0x454 ./Core/Src/lcd.o
                0x08002324                LCD_SetCursor
 .text.LCD_Scan_Dir
                0x08002778      0x528 ./Core/Src/lcd.o
                0x08002778                LCD_Scan_Dir
 .text.LCD_DrawPoint
                0x08002ca0       0x60 ./Core/Src/lcd.o
                0x08002ca0                LCD_DrawPoint
 .text.LCD_Fast_DrawPoint
                0x08002d00      0x3f4 ./Core/Src/lcd.o
                0x08002d00                LCD_Fast_DrawPoint
 *fill*         0x080030f4        0x4 
 .text.LCD_SSD_BackLightSet
                0x080030f8      0x148 ./Core/Src/lcd.o
                0x080030f8                LCD_SSD_BackLightSet
 .text.LCD_Display_Dir
                0x08003240      0x170 ./Core/Src/lcd.o
                0x08003240                LCD_Display_Dir
 .text.LCD_Init
                0x080033b0     0x2c24 ./Core/Src/lcd.o
                0x080033b0                LCD_Init
 .text.LCD_Clear
                0x08005fd4       0x84 ./Core/Src/lcd.o
                0x08005fd4                LCD_Clear
 .text.LCD_Fill
                0x08006058       0xa4 ./Core/Src/lcd.o
                0x08006058                LCD_Fill
 .text.LCD_DrawLine
                0x080060fc      0x108 ./Core/Src/lcd.o
                0x080060fc                LCD_DrawLine
 .text.LCD_DrawRectangle
                0x08006204       0x56 ./Core/Src/lcd.o
                0x08006204                LCD_DrawRectangle
 .text.LCD_Draw_Circle
                0x0800625a      0x13a ./Core/Src/lcd.o
                0x0800625a                LCD_Draw_Circle
 .text.LCD_ShowChar
                0x08006394      0x15c ./Core/Src/lcd.o
                0x08006394                LCD_ShowChar
 .text.LCD_Pow  0x080064f0       0x36 ./Core/Src/lcd.o
                0x080064f0                LCD_Pow
 *fill*         0x08006526        0x2 
 .text.LCD_ShowNum
                0x08006528       0xe4 ./Core/Src/lcd.o
                0x08006528                LCD_ShowNum
 .text.LCD_ShowString
                0x0800660c       0x9a ./Core/Src/lcd.o
                0x0800660c                LCD_ShowString
 *fill*         0x080066a6        0x2 
 .text.Load_Drow_Dialog
                0x080066a8       0x48 ./Core/Src/main.o
                0x080066a8                Load_Drow_Dialog
 .text.screen_print
                0x080066f0       0x98 ./Core/Src/main.o
                0x080066f0                screen_print
 .text.main     0x08006788       0x4c ./Core/Src/main.o
                0x08006788                main
 .text.SystemClock_Config
                0x080067d4       0x8a ./Core/Src/main.o
                0x080067d4                SystemClock_Config
 *fill*         0x0800685e        0x2 
 .text.MX_SPI1_Init
                0x08006860       0x6c ./Core/Src/main.o
 .text.MX_USART1_UART_Init
                0x080068cc       0x54 ./Core/Src/main.o
 .text.MX_USART2_UART_Init
                0x08006920       0x54 ./Core/Src/main.o
 .text.MX_GPIO_Init
                0x08006974       0x6c ./Core/Src/main.o
 .text.Error_Handler
                0x080069e0        0xc ./Core/Src/main.o
                0x080069e0                Error_Handler
 .text.IIC_Init
                0x080069ec       0x60 ./Core/Src/myiic.o
                0x080069ec                IIC_Init
 .text.IIC_Start
                0x08006a4c       0x50 ./Core/Src/myiic.o
                0x08006a4c                IIC_Start
 .text.IIC_Stop
                0x08006a9c       0x50 ./Core/Src/myiic.o
                0x08006a9c                IIC_Stop
 .text.IIC_Wait_Ack
                0x08006aec       0x78 ./Core/Src/myiic.o
                0x08006aec                IIC_Wait_Ack
 .text.IIC_Ack  0x08006b64       0x50 ./Core/Src/myiic.o
                0x08006b64                IIC_Ack
 .text.IIC_NAck
                0x08006bb4       0x50 ./Core/Src/myiic.o
                0x08006bb4                IIC_NAck
 .text.IIC_Send_Byte
                0x08006c04       0x80 ./Core/Src/myiic.o
                0x08006c04                IIC_Send_Byte
 .text.IIC_Read_Byte
                0x08006c84       0x8c ./Core/Src/myiic.o
                0x08006c84                IIC_Read_Byte
 .text.OTT2001A_WR_Reg
                0x08006d10       0x84 ./Core/Src/ott2001a.o
                0x08006d10                OTT2001A_WR_Reg
 .text.OTT2001A_RD_Reg
                0x08006d94       0x8e ./Core/Src/ott2001a.o
                0x08006d94                OTT2001A_RD_Reg
 .text.OTT2001A_SensorControl
                0x08006e22       0x30 ./Core/Src/ott2001a.o
                0x08006e22                OTT2001A_SensorControl
 *fill*         0x08006e52        0x2 
 .text.OTT2001A_Init
                0x08006e54       0xb0 ./Core/Src/ott2001a.o
                0x08006e54                OTT2001A_Init
 *fill*         0x08006f04        0x4 
 .text.OTT2001A_Scan
                0x08006f08      0x254 ./Core/Src/ott2001a.o
                0x08006f08                OTT2001A_Scan
 .text.pixel_to_meter
                0x0800715c       0x78 ./Core/Src/route_planning.o
 .text.RoutePlanning_Init
                0x080071d4       0x20 ./Core/Src/route_planning.o
                0x080071d4                RoutePlanning_Init
 .text.RoutePlanning_AddPoint
                0x080071f4      0x144 ./Core/Src/route_planning.o
                0x080071f4                RoutePlanning_AddPoint
 .text.angle_rad
                0x08007338       0x44 ./Core/Src/route_planning.o
 .text.rad2deg  0x0800737c       0x20 ./Core/Src/route_planning.o
 .text.RoutePlanning_FitByAngle
                0x0800739c      0x164 ./Core/Src/route_planning.o
                0x0800739c                RoutePlanning_FitByAngle
 .text.RoutePlanning_Clear
                0x08007500       0x20 ./Core/Src/route_planning.o
                0x08007500                RoutePlanning_Clear
 .text.RoutePlanning_Execute
                0x08007520      0x210 ./Core/Src/route_planning.o
                0x08007520                RoutePlanning_Execute
 .text.rtp_test
                0x08007730      0x294 ./Core/Src/screen.o
                0x08007730                rtp_test
 .text.Display_ConnectionStatus
                0x080079c4       0x68 ./Core/Src/screen.o
                0x080079c4                Display_ConnectionStatus
 .text.Display_ShowMainMenu
                0x08007a2c      0x130 ./Core/Src/screen.o
                0x08007a2c                Display_ShowMainMenu
 .text.Display_ShowSubMenu
                0x08007b5c       0x44 ./Core/Src/screen.o
                0x08007b5c                Display_ShowSubMenu
 .text.Display_RoutePlanning
                0x08007ba0       0xb0 ./Core/Src/screen.o
                0x08007ba0                Display_RoutePlanning
 .text.HAL_MspInit
                0x08007c50       0x64 ./Core/Src/stm32f1xx_hal_msp.o
                0x08007c50                HAL_MspInit
 .text.HAL_SPI_MspInit
                0x08007cb4       0x94 ./Core/Src/stm32f1xx_hal_msp.o
                0x08007cb4                HAL_SPI_MspInit
 .text.HAL_UART_MspInit
                0x08007d48      0x118 ./Core/Src/stm32f1xx_hal_msp.o
                0x08007d48                HAL_UART_MspInit
 .text.NMI_Handler
                0x08007e60        0x8 ./Core/Src/stm32f1xx_it.o
                0x08007e60                NMI_Handler
 .text.HardFault_Handler
                0x08007e68        0x8 ./Core/Src/stm32f1xx_it.o
                0x08007e68                HardFault_Handler
 .text.MemManage_Handler
                0x08007e70        0x8 ./Core/Src/stm32f1xx_it.o
                0x08007e70                MemManage_Handler
 .text.BusFault_Handler
                0x08007e78        0x8 ./Core/Src/stm32f1xx_it.o
                0x08007e78                BusFault_Handler
 .text.UsageFault_Handler
                0x08007e80        0x8 ./Core/Src/stm32f1xx_it.o
                0x08007e80                UsageFault_Handler
 .text.SVC_Handler
                0x08007e88        0xc ./Core/Src/stm32f1xx_it.o
                0x08007e88                SVC_Handler
 .text.DebugMon_Handler
                0x08007e94        0xc ./Core/Src/stm32f1xx_it.o
                0x08007e94                DebugMon_Handler
 .text.PendSV_Handler
                0x08007ea0        0xc ./Core/Src/stm32f1xx_it.o
                0x08007ea0                PendSV_Handler
 .text.SysTick_Handler
                0x08007eac        0xc ./Core/Src/stm32f1xx_it.o
                0x08007eac                SysTick_Handler
 .text.USART2_IRQHandler
                0x08007eb8       0x14 ./Core/Src/stm32f1xx_it.o
                0x08007eb8                USART2_IRQHandler
 .text.Stm32_Clock_Init
                0x08007ecc       0x82 ./Core/Src/sys.o
                0x08007ecc                Stm32_Clock_Init
 .text._read    0x08007f4e       0x3a ./Core/Src/syscalls.o
                0x08007f4e                _read
 .text._write   0x08007f88       0x38 ./Core/Src/syscalls.o
                0x08007f88                _write
 .text._close   0x08007fc0       0x16 ./Core/Src/syscalls.o
                0x08007fc0                _close
 .text._fstat   0x08007fd6       0x1e ./Core/Src/syscalls.o
                0x08007fd6                _fstat
 .text._isatty  0x08007ff4       0x14 ./Core/Src/syscalls.o
                0x08007ff4                _isatty
 .text._lseek   0x08008008       0x18 ./Core/Src/syscalls.o
                0x08008008                _lseek
 .text._sbrk    0x08008020       0x6c ./Core/Src/sysmem.o
                0x08008020                _sbrk
 .text.SystemInit
                0x0800808c        0xc ./Core/Src/system_stm32f1xx.o
                0x0800808c                SystemInit
 .text.TP_Write_Byte
                0x08008098       0x60 ./Core/Src/touch.o
                0x08008098                TP_Write_Byte
 .text.TP_Read_AD
                0x080080f8       0xb0 ./Core/Src/touch.o
                0x080080f8                TP_Read_AD
 .text.TP_Read_XOY
                0x080081a8       0xf4 ./Core/Src/touch.o
                0x080081a8                TP_Read_XOY
 .text.TP_Read_XY
                0x0800829c       0x44 ./Core/Src/touch.o
                0x0800829c                TP_Read_XY
 .text.TP_Read_XY2
                0x080082e0       0xc4 ./Core/Src/touch.o
                0x080082e0                TP_Read_XY2
 .text.TP_Drow_Touch_Point
                0x080083a4       0xa8 ./Core/Src/touch.o
                0x080083a4                TP_Drow_Touch_Point
 .text.TP_Draw_Big_Point
                0x0800844c       0x64 ./Core/Src/touch.o
                0x0800844c                TP_Draw_Big_Point
 .text.TP_Scan  0x080084b0      0x13c ./Core/Src/touch.o
                0x080084b0                TP_Scan
 .text.TP_Save_Adjdata
                0x080085ec       0x20 ./Core/Src/touch.o
                0x080085ec                TP_Save_Adjdata
 .text.TP_Get_Adjdata
                0x0800860c       0x64 ./Core/Src/touch.o
                0x0800860c                TP_Get_Adjdata
 .text.TP_Adj_Info_Show
                0x08008670      0x1c4 ./Core/Src/touch.o
                0x08008670                TP_Adj_Info_Show
 *fill*         0x08008834        0x4 
 .text.TP_Adjust
                0x08008838      0x878 ./Core/Src/touch.o
                0x08008838                TP_Adjust
 .text.TP_Init  0x080090b0      0x154 ./Core/Src/touch.o
                0x080090b0                TP_Init
 .text.Reset_Handler
                0x08009204       0x48 ./Core/Startup/startup_stm32f103rctx.o
                0x08009204                Reset_Handler
 .text.Default_Handler
                0x0800924c        0x2 ./Core/Startup/startup_stm32f103rctx.o
                0x0800924c                RTC_Alarm_IRQHandler
                0x0800924c                EXTI2_IRQHandler
                0x0800924c                TIM8_TRG_COM_IRQHandler
                0x0800924c                TIM8_CC_IRQHandler
                0x0800924c                TIM1_CC_IRQHandler
                0x0800924c                TIM6_IRQHandler
                0x0800924c                PVD_IRQHandler
                0x0800924c                SDIO_IRQHandler
                0x0800924c                EXTI3_IRQHandler
                0x0800924c                EXTI0_IRQHandler
                0x0800924c                I2C2_EV_IRQHandler
                0x0800924c                ADC1_2_IRQHandler
                0x0800924c                SPI1_IRQHandler
                0x0800924c                TAMPER_IRQHandler
                0x0800924c                TIM8_UP_IRQHandler
                0x0800924c                DMA2_Channel2_IRQHandler
                0x0800924c                DMA1_Channel4_IRQHandler
                0x0800924c                USART3_IRQHandler
                0x0800924c                RTC_IRQHandler
                0x0800924c                DMA1_Channel7_IRQHandler
                0x0800924c                CAN1_RX1_IRQHandler
                0x0800924c                UART5_IRQHandler
                0x0800924c                ADC3_IRQHandler
                0x0800924c                TIM4_IRQHandler
                0x0800924c                DMA2_Channel1_IRQHandler
                0x0800924c                I2C1_EV_IRQHandler
                0x0800924c                DMA1_Channel6_IRQHandler
                0x0800924c                UART4_IRQHandler
                0x0800924c                TIM3_IRQHandler
                0x0800924c                RCC_IRQHandler
                0x0800924c                TIM1_TRG_COM_IRQHandler
                0x0800924c                DMA1_Channel1_IRQHandler
                0x0800924c                Default_Handler
                0x0800924c                EXTI15_10_IRQHandler
                0x0800924c                TIM7_IRQHandler
                0x0800924c                TIM5_IRQHandler
                0x0800924c                EXTI9_5_IRQHandler
                0x0800924c                SPI2_IRQHandler
                0x0800924c                DMA1_Channel5_IRQHandler
                0x0800924c                EXTI4_IRQHandler
                0x0800924c                USB_LP_CAN1_RX0_IRQHandler
                0x0800924c                USB_HP_CAN1_TX_IRQHandler
                0x0800924c                DMA1_Channel3_IRQHandler
                0x0800924c                FSMC_IRQHandler
                0x0800924c                TIM1_UP_IRQHandler
                0x0800924c                WWDG_IRQHandler
                0x0800924c                TIM2_IRQHandler
                0x0800924c                TIM1_BRK_IRQHandler
                0x0800924c                EXTI1_IRQHandler
                0x0800924c                DMA2_Channel4_5_IRQHandler
                0x0800924c                I2C2_ER_IRQHandler
                0x0800924c                DMA1_Channel2_IRQHandler
                0x0800924c                TIM8_BRK_IRQHandler
                0x0800924c                CAN1_SCE_IRQHandler
                0x0800924c                FLASH_IRQHandler
                0x0800924c                USART1_IRQHandler
                0x0800924c                SPI3_IRQHandler
                0x0800924c                I2C1_ER_IRQHandler
                0x0800924c                USBWakeUp_IRQHandler
                0x0800924c                DMA2_Channel3_IRQHandler
 *fill*         0x0800924e        0x2 
 .text.HAL_Init
                0x08009250       0x2c ./Drivers/STM32F1xx_HAL_Driver/Src/stm32f1xx_hal.o
                0x08009250                HAL_Init
 .text.HAL_InitTick
                0x0800927c       0x60 ./Drivers/STM32F1xx_HAL_Driver/Src/stm32f1xx_hal.o
                0x0800927c                HAL_InitTick
 .text.HAL_IncTick
                0x080092dc       0x24 ./Drivers/STM32F1xx_HAL_Driver/Src/stm32f1xx_hal.o
                0x080092dc                HAL_IncTick
 .text.HAL_GetTick
                0x08009300       0x14 ./Drivers/STM32F1xx_HAL_Driver/Src/stm32f1xx_hal.o
                0x08009300                HAL_GetTick
 .text.HAL_Delay
                0x08009314       0x48 ./Drivers/STM32F1xx_HAL_Driver/Src/stm32f1xx_hal.o
                0x08009314                HAL_Delay
 .text.__NVIC_SetPriorityGrouping
                0x0800935c       0x48 ./Drivers/STM32F1xx_HAL_Driver/Src/stm32f1xx_hal_cortex.o
 .text.__NVIC_GetPriorityGrouping
                0x080093a4       0x1c ./Drivers/STM32F1xx_HAL_Driver/Src/stm32f1xx_hal_cortex.o
 .text.__NVIC_EnableIRQ
                0x080093c0       0x38 ./Drivers/STM32F1xx_HAL_Driver/Src/stm32f1xx_hal_cortex.o
 .text.__NVIC_SetPriority
                0x080093f8       0x54 ./Drivers/STM32F1xx_HAL_Driver/Src/stm32f1xx_hal_cortex.o
 .text.NVIC_EncodePriority
                0x0800944c       0x64 ./Drivers/STM32F1xx_HAL_Driver/Src/stm32f1xx_hal_cortex.o
 .text.SysTick_Config
                0x080094b0       0x44 ./Drivers/STM32F1xx_HAL_Driver/Src/stm32f1xx_hal_cortex.o
 .text.HAL_NVIC_SetPriorityGrouping
                0x080094f4       0x16 ./Drivers/STM32F1xx_HAL_Driver/Src/stm32f1xx_hal_cortex.o
                0x080094f4                HAL_NVIC_SetPriorityGrouping
 .text.HAL_NVIC_SetPriority
                0x0800950a       0x38 ./Drivers/STM32F1xx_HAL_Driver/Src/stm32f1xx_hal_cortex.o
                0x0800950a                HAL_NVIC_SetPriority
 .text.HAL_NVIC_EnableIRQ
                0x08009542       0x1c ./Drivers/STM32F1xx_HAL_Driver/Src/stm32f1xx_hal_cortex.o
                0x08009542                HAL_NVIC_EnableIRQ
 .text.HAL_SYSTICK_Config
                0x0800955e       0x18 ./Drivers/STM32F1xx_HAL_Driver/Src/stm32f1xx_hal_cortex.o
                0x0800955e                HAL_SYSTICK_Config
 *fill*         0x08009576        0x2 
 .text.HAL_SYSTICK_CLKSourceConfig
                0x08009578       0x38 ./Drivers/STM32F1xx_HAL_Driver/Src/stm32f1xx_hal_cortex.o
                0x08009578                HAL_SYSTICK_CLKSourceConfig
 .text.HAL_DMA_Abort
                0x080095b0       0x76 ./Drivers/STM32F1xx_HAL_Driver/Src/stm32f1xx_hal_dma.o
                0x080095b0                HAL_DMA_Abort
 *fill*         0x08009626        0x2 
 .text.HAL_DMA_Abort_IT
                0x08009628      0x210 ./Drivers/STM32F1xx_HAL_Driver/Src/stm32f1xx_hal_dma.o
                0x08009628                HAL_DMA_Abort_IT
 .text.HAL_GPIO_Init
                0x08009838      0x328 ./Drivers/STM32F1xx_HAL_Driver/Src/stm32f1xx_hal_gpio.o
                0x08009838                HAL_GPIO_Init
 .text.HAL_GPIO_ReadPin
                0x08009b60       0x2e ./Drivers/STM32F1xx_HAL_Driver/Src/stm32f1xx_hal_gpio.o
                0x08009b60                HAL_GPIO_ReadPin
 *fill*         0x08009b8e        0x2 
 .text.HAL_RCC_OscConfig
                0x08009b90      0x504 ./Drivers/STM32F1xx_HAL_Driver/Src/stm32f1xx_hal_rcc.o
                0x08009b90                HAL_RCC_OscConfig
 .text.HAL_RCC_ClockConfig
                0x0800a094      0x1d4 ./Drivers/STM32F1xx_HAL_Driver/Src/stm32f1xx_hal_rcc.o
                0x0800a094                HAL_RCC_ClockConfig
 .text.HAL_RCC_GetSysClockFreq
                0x0800a268       0xa8 ./Drivers/STM32F1xx_HAL_Driver/Src/stm32f1xx_hal_rcc.o
                0x0800a268                HAL_RCC_GetSysClockFreq
 .text.HAL_RCC_GetHCLKFreq
                0x0800a310       0x14 ./Drivers/STM32F1xx_HAL_Driver/Src/stm32f1xx_hal_rcc.o
                0x0800a310                HAL_RCC_GetHCLKFreq
 .text.HAL_RCC_GetPCLK1Freq
                0x0800a324       0x28 ./Drivers/STM32F1xx_HAL_Driver/Src/stm32f1xx_hal_rcc.o
                0x0800a324                HAL_RCC_GetPCLK1Freq
 .text.HAL_RCC_GetPCLK2Freq
                0x0800a34c       0x28 ./Drivers/STM32F1xx_HAL_Driver/Src/stm32f1xx_hal_rcc.o
                0x0800a34c                HAL_RCC_GetPCLK2Freq
 .text.RCC_Delay
                0x0800a374       0x3c ./Drivers/STM32F1xx_HAL_Driver/Src/stm32f1xx_hal_rcc.o
 .text.HAL_SPI_Init
                0x0800a3b0      0x108 ./Drivers/STM32F1xx_HAL_Driver/Src/stm32f1xx_hal_spi.o
                0x0800a3b0                HAL_SPI_Init
 .text.HAL_UART_Init
                0x0800a4b8       0xa0 ./Drivers/STM32F1xx_HAL_Driver/Src/stm32f1xx_hal_uart.o
                0x0800a4b8                HAL_UART_Init
 .text.HAL_UART_Transmit
                0x0800a558      0x116 ./Drivers/STM32F1xx_HAL_Driver/Src/stm32f1xx_hal_uart.o
                0x0800a558                HAL_UART_Transmit
 *fill*         0x0800a66e        0x2 
 .text.HAL_UART_IRQHandler
                0x0800a670      0x524 ./Drivers/STM32F1xx_HAL_Driver/Src/stm32f1xx_hal_uart.o
                0x0800a670                HAL_UART_IRQHandler
 .text.HAL_UART_TxCpltCallback
                0x0800ab94       0x12 ./Drivers/STM32F1xx_HAL_Driver/Src/stm32f1xx_hal_uart.o
                0x0800ab94                HAL_UART_TxCpltCallback
 .text.HAL_UART_RxCpltCallback
                0x0800aba6       0x12 ./Drivers/STM32F1xx_HAL_Driver/Src/stm32f1xx_hal_uart.o
                0x0800aba6                HAL_UART_RxCpltCallback
 .text.HAL_UART_ErrorCallback
                0x0800abb8       0x12 ./Drivers/STM32F1xx_HAL_Driver/Src/stm32f1xx_hal_uart.o
                0x0800abb8                HAL_UART_ErrorCallback
 .text.HAL_UARTEx_RxEventCallback
                0x0800abca       0x16 ./Drivers/STM32F1xx_HAL_Driver/Src/stm32f1xx_hal_uart.o
                0x0800abca                HAL_UARTEx_RxEventCallback
 .text.UART_WaitOnFlagUntilTimeout
                0x0800abe0       0xb2 ./Drivers/STM32F1xx_HAL_Driver/Src/stm32f1xx_hal_uart.o
 .text.UART_EndRxTransfer
                0x0800ac92       0xc4 ./Drivers/STM32F1xx_HAL_Driver/Src/stm32f1xx_hal_uart.o
 .text.UART_DMAAbortOnError
                0x0800ad56       0x28 ./Drivers/STM32F1xx_HAL_Driver/Src/stm32f1xx_hal_uart.o
 .text.UART_Transmit_IT
                0x0800ad7e       0x9e ./Drivers/STM32F1xx_HAL_Driver/Src/stm32f1xx_hal_uart.o
 .text.UART_EndTransmit_IT
                0x0800ae1c       0x30 ./Drivers/STM32F1xx_HAL_Driver/Src/stm32f1xx_hal_uart.o
 .text.UART_Receive_IT
                0x0800ae4c      0x17c ./Drivers/STM32F1xx_HAL_Driver/Src/stm32f1xx_hal_uart.o
 .text.UART_SetConfig
                0x0800afc8      0x11c ./Drivers/STM32F1xx_HAL_Driver/Src/stm32f1xx_hal_uart.o
 .text.std      0x0800b0e4       0x6c D:/SOFTWARE/CubeIDE/STM32CubeIDE_1.18.1/STM32CubeIDE/plugins/com.st.stm32cube.ide.mcu.externaltools.gnu-tools-for-stm32.13.3.rel1.win32_1.0.0.202411081344/tools/bin/../lib/gcc/arm-none-eabi/13.3.1/../../../../arm-none-eabi/lib/thumb/v7-m/nofp\libc_nano.a(libc_a-findfp.o)
 .text.stdio_exit_handler
                0x0800b150       0x18 D:/SOFTWARE/CubeIDE/STM32CubeIDE_1.18.1/STM32CubeIDE/plugins/com.st.stm32cube.ide.mcu.externaltools.gnu-tools-for-stm32.13.3.rel1.win32_1.0.0.202411081344/tools/bin/../lib/gcc/arm-none-eabi/13.3.1/../../../../arm-none-eabi/lib/thumb/v7-m/nofp\libc_nano.a(libc_a-findfp.o)
 .text.cleanup_stdio
                0x0800b168       0x40 D:/SOFTWARE/CubeIDE/STM32CubeIDE_1.18.1/STM32CubeIDE/plugins/com.st.stm32cube.ide.mcu.externaltools.gnu-tools-for-stm32.13.3.rel1.win32_1.0.0.202411081344/tools/bin/../lib/gcc/arm-none-eabi/13.3.1/../../../../arm-none-eabi/lib/thumb/v7-m/nofp\libc_nano.a(libc_a-findfp.o)
 .text.global_stdio_init.part.0
                0x0800b1a8       0x3c D:/SOFTWARE/CubeIDE/STM32CubeIDE_1.18.1/STM32CubeIDE/plugins/com.st.stm32cube.ide.mcu.externaltools.gnu-tools-for-stm32.13.3.rel1.win32_1.0.0.202411081344/tools/bin/../lib/gcc/arm-none-eabi/13.3.1/../../../../arm-none-eabi/lib/thumb/v7-m/nofp\libc_nano.a(libc_a-findfp.o)
 .text.__sfp_lock_acquire
                0x0800b1e4        0xc D:/SOFTWARE/CubeIDE/STM32CubeIDE_1.18.1/STM32CubeIDE/plugins/com.st.stm32cube.ide.mcu.externaltools.gnu-tools-for-stm32.13.3.rel1.win32_1.0.0.202411081344/tools/bin/../lib/gcc/arm-none-eabi/13.3.1/../../../../arm-none-eabi/lib/thumb/v7-m/nofp\libc_nano.a(libc_a-findfp.o)
                0x0800b1e4                __sfp_lock_acquire
 .text.__sfp_lock_release
                0x0800b1f0        0xc D:/SOFTWARE/CubeIDE/STM32CubeIDE_1.18.1/STM32CubeIDE/plugins/com.st.stm32cube.ide.mcu.externaltools.gnu-tools-for-stm32.13.3.rel1.win32_1.0.0.202411081344/tools/bin/../lib/gcc/arm-none-eabi/13.3.1/../../../../arm-none-eabi/lib/thumb/v7-m/nofp\libc_nano.a(libc_a-findfp.o)
                0x0800b1f0                __sfp_lock_release
 .text.__sinit  0x0800b1fc       0x30 D:/SOFTWARE/CubeIDE/STM32CubeIDE_1.18.1/STM32CubeIDE/plugins/com.st.stm32cube.ide.mcu.externaltools.gnu-tools-for-stm32.13.3.rel1.win32_1.0.0.202411081344/tools/bin/../lib/gcc/arm-none-eabi/13.3.1/../../../../arm-none-eabi/lib/thumb/v7-m/nofp\libc_nano.a(libc_a-findfp.o)
                0x0800b1fc                __sinit
 .text._fwalk_sglue
                0x0800b22c       0x3c D:/SOFTWARE/CubeIDE/STM32CubeIDE_1.18.1/STM32CubeIDE/plugins/com.st.stm32cube.ide.mcu.externaltools.gnu-tools-for-stm32.13.3.rel1.win32_1.0.0.202411081344/tools/bin/../lib/gcc/arm-none-eabi/13.3.1/../../../../arm-none-eabi/lib/thumb/v7-m/nofp\libc_nano.a(libc_a-fwalk.o)
                0x0800b22c                _fwalk_sglue
 .text.printf   0x0800b268       0x24 D:/SOFTWARE/CubeIDE/STM32CubeIDE_1.18.1/STM32CubeIDE/plugins/com.st.stm32cube.ide.mcu.externaltools.gnu-tools-for-stm32.13.3.rel1.win32_1.0.0.202411081344/tools/bin/../lib/gcc/arm-none-eabi/13.3.1/../../../../arm-none-eabi/lib/thumb/v7-m/nofp\libc_nano.a(libc_a-printf.o)
                0x0800b268                iprintf
                0x0800b268                printf
 .text.sprintf  0x0800b28c       0x44 D:/SOFTWARE/CubeIDE/STM32CubeIDE_1.18.1/STM32CubeIDE/plugins/com.st.stm32cube.ide.mcu.externaltools.gnu-tools-for-stm32.13.3.rel1.win32_1.0.0.202411081344/tools/bin/../lib/gcc/arm-none-eabi/13.3.1/../../../../arm-none-eabi/lib/thumb/v7-m/nofp\libc_nano.a(libc_a-sprintf.o)
                0x0800b28c                siprintf
                0x0800b28c                sprintf
 .text.__sread  0x0800b2d0       0x22 D:/SOFTWARE/CubeIDE/STM32CubeIDE_1.18.1/STM32CubeIDE/plugins/com.st.stm32cube.ide.mcu.externaltools.gnu-tools-for-stm32.13.3.rel1.win32_1.0.0.202411081344/tools/bin/../lib/gcc/arm-none-eabi/13.3.1/../../../../arm-none-eabi/lib/thumb/v7-m/nofp\libc_nano.a(libc_a-stdio.o)
                0x0800b2d0                __sread
 .text.__swrite
                0x0800b2f2       0x38 D:/SOFTWARE/CubeIDE/STM32CubeIDE_1.18.1/STM32CubeIDE/plugins/com.st.stm32cube.ide.mcu.externaltools.gnu-tools-for-stm32.13.3.rel1.win32_1.0.0.202411081344/tools/bin/../lib/gcc/arm-none-eabi/13.3.1/../../../../arm-none-eabi/lib/thumb/v7-m/nofp\libc_nano.a(libc_a-stdio.o)
                0x0800b2f2                __swrite
 .text.__sseek  0x0800b32a       0x24 D:/SOFTWARE/CubeIDE/STM32CubeIDE_1.18.1/STM32CubeIDE/plugins/com.st.stm32cube.ide.mcu.externaltools.gnu-tools-for-stm32.13.3.rel1.win32_1.0.0.202411081344/tools/bin/../lib/gcc/arm-none-eabi/13.3.1/../../../../arm-none-eabi/lib/thumb/v7-m/nofp\libc_nano.a(libc_a-stdio.o)
                0x0800b32a                __sseek
 .text.__sclose
                0x0800b34e        0x8 D:/SOFTWARE/CubeIDE/STM32CubeIDE_1.18.1/STM32CubeIDE/plugins/com.st.stm32cube.ide.mcu.externaltools.gnu-tools-for-stm32.13.3.rel1.win32_1.0.0.202411081344/tools/bin/../lib/gcc/arm-none-eabi/13.3.1/../../../../arm-none-eabi/lib/thumb/v7-m/nofp\libc_nano.a(libc_a-stdio.o)
                0x0800b34e                __sclose
 .text.memset   0x0800b356       0x10 D:/SOFTWARE/CubeIDE/STM32CubeIDE_1.18.1/STM32CubeIDE/plugins/com.st.stm32cube.ide.mcu.externaltools.gnu-tools-for-stm32.13.3.rel1.win32_1.0.0.202411081344/tools/bin/../lib/gcc/arm-none-eabi/13.3.1/../../../../arm-none-eabi/lib/thumb/v7-m/nofp\libc_nano.a(libc_a-memset.o)
                0x0800b356                memset
 *fill*         0x0800b366        0x2 
 .text._close_r
                0x0800b368       0x20 D:/SOFTWARE/CubeIDE/STM32CubeIDE_1.18.1/STM32CubeIDE/plugins/com.st.stm32cube.ide.mcu.externaltools.gnu-tools-for-stm32.13.3.rel1.win32_1.0.0.202411081344/tools/bin/../lib/gcc/arm-none-eabi/13.3.1/../../../../arm-none-eabi/lib/thumb/v7-m/nofp\libc_nano.a(libc_a-closer.o)
                0x0800b368                _close_r
 .text._lseek_r
                0x0800b388       0x24 D:/SOFTWARE/CubeIDE/STM32CubeIDE_1.18.1/STM32CubeIDE/plugins/com.st.stm32cube.ide.mcu.externaltools.gnu-tools-for-stm32.13.3.rel1.win32_1.0.0.202411081344/tools/bin/../lib/gcc/arm-none-eabi/13.3.1/../../../../arm-none-eabi/lib/thumb/v7-m/nofp\libc_nano.a(libc_a-lseekr.o)
                0x0800b388                _lseek_r
 .text._read_r  0x0800b3ac       0x24 D:/SOFTWARE/CubeIDE/STM32CubeIDE_1.18.1/STM32CubeIDE/plugins/com.st.stm32cube.ide.mcu.externaltools.gnu-tools-for-stm32.13.3.rel1.win32_1.0.0.202411081344/tools/bin/../lib/gcc/arm-none-eabi/13.3.1/../../../../arm-none-eabi/lib/thumb/v7-m/nofp\libc_nano.a(libc_a-readr.o)
                0x0800b3ac                _read_r
 .text._write_r
                0x0800b3d0       0x24 D:/SOFTWARE/CubeIDE/STM32CubeIDE_1.18.1/STM32CubeIDE/plugins/com.st.stm32cube.ide.mcu.externaltools.gnu-tools-for-stm32.13.3.rel1.win32_1.0.0.202411081344/tools/bin/../lib/gcc/arm-none-eabi/13.3.1/../../../../arm-none-eabi/lib/thumb/v7-m/nofp\libc_nano.a(libc_a-writer.o)
                0x0800b3d0                _write_r
 .text.__errno  0x0800b3f4        0xc D:/SOFTWARE/CubeIDE/STM32CubeIDE_1.18.1/STM32CubeIDE/plugins/com.st.stm32cube.ide.mcu.externaltools.gnu-tools-for-stm32.13.3.rel1.win32_1.0.0.202411081344/tools/bin/../lib/gcc/arm-none-eabi/13.3.1/../../../../arm-none-eabi/lib/thumb/v7-m/nofp\libc_nano.a(libc_a-errno.o)
                0x0800b3f4                __errno
 .text.__libc_init_array
                0x0800b400       0x48 D:/SOFTWARE/CubeIDE/STM32CubeIDE_1.18.1/STM32CubeIDE/plugins/com.st.stm32cube.ide.mcu.externaltools.gnu-tools-for-stm32.13.3.rel1.win32_1.0.0.202411081344/tools/bin/../lib/gcc/arm-none-eabi/13.3.1/../../../../arm-none-eabi/lib/thumb/v7-m/nofp\libc_nano.a(libc_a-init.o)
                0x0800b400                __libc_init_array
 .text.__retarget_lock_init_recursive
                0x0800b448        0x2 D:/SOFTWARE/CubeIDE/STM32CubeIDE_1.18.1/STM32CubeIDE/plugins/com.st.stm32cube.ide.mcu.externaltools.gnu-tools-for-stm32.13.3.rel1.win32_1.0.0.202411081344/tools/bin/../lib/gcc/arm-none-eabi/13.3.1/../../../../arm-none-eabi/lib/thumb/v7-m/nofp\libc_nano.a(libc_a-lock.o)
                0x0800b448                __retarget_lock_init_recursive
 .text.__retarget_lock_acquire_recursive
                0x0800b44a        0x2 D:/SOFTWARE/CubeIDE/STM32CubeIDE_1.18.1/STM32CubeIDE/plugins/com.st.stm32cube.ide.mcu.externaltools.gnu-tools-for-stm32.13.3.rel1.win32_1.0.0.202411081344/tools/bin/../lib/gcc/arm-none-eabi/13.3.1/../../../../arm-none-eabi/lib/thumb/v7-m/nofp\libc_nano.a(libc_a-lock.o)
                0x0800b44a                __retarget_lock_acquire_recursive
 .text.__retarget_lock_release_recursive
                0x0800b44c        0x2 D:/SOFTWARE/CubeIDE/STM32CubeIDE_1.18.1/STM32CubeIDE/plugins/com.st.stm32cube.ide.mcu.externaltools.gnu-tools-for-stm32.13.3.rel1.win32_1.0.0.202411081344/tools/bin/../lib/gcc/arm-none-eabi/13.3.1/../../../../arm-none-eabi/lib/thumb/v7-m/nofp\libc_nano.a(libc_a-lock.o)
                0x0800b44c                __retarget_lock_release_recursive
 *fill*         0x0800b44e        0x2 
 .text._free_r  0x0800b450       0x90 D:/SOFTWARE/CubeIDE/STM32CubeIDE_1.18.1/STM32CubeIDE/plugins/com.st.stm32cube.ide.mcu.externaltools.gnu-tools-for-stm32.13.3.rel1.win32_1.0.0.202411081344/tools/bin/../lib/gcc/arm-none-eabi/13.3.1/../../../../arm-none-eabi/lib/thumb/v7-m/nofp\libc_nano.a(libc_a-freer.o)
                0x0800b450                _free_r
 .text.sbrk_aligned
                0x0800b4e0       0x44 D:/SOFTWARE/CubeIDE/STM32CubeIDE_1.18.1/STM32CubeIDE/plugins/com.st.stm32cube.ide.mcu.externaltools.gnu-tools-for-stm32.13.3.rel1.win32_1.0.0.202411081344/tools/bin/../lib/gcc/arm-none-eabi/13.3.1/../../../../arm-none-eabi/lib/thumb/v7-m/nofp\libc_nano.a(libc_a-mallocr.o)
 .text._malloc_r
                0x0800b524      0x100 D:/SOFTWARE/CubeIDE/STM32CubeIDE_1.18.1/STM32CubeIDE/plugins/com.st.stm32cube.ide.mcu.externaltools.gnu-tools-for-stm32.13.3.rel1.win32_1.0.0.202411081344/tools/bin/../lib/gcc/arm-none-eabi/13.3.1/../../../../arm-none-eabi/lib/thumb/v7-m/nofp\libc_nano.a(libc_a-mallocr.o)
                0x0800b524                _malloc_r
 .text.__malloc_lock
                0x0800b624        0xc D:/SOFTWARE/CubeIDE/STM32CubeIDE_1.18.1/STM32CubeIDE/plugins/com.st.stm32cube.ide.mcu.externaltools.gnu-tools-for-stm32.13.3.rel1.win32_1.0.0.202411081344/tools/bin/../lib/gcc/arm-none-eabi/13.3.1/../../../../arm-none-eabi/lib/thumb/v7-m/nofp\libc_nano.a(libc_a-mlock.o)
                0x0800b624                __malloc_lock
 .text.__malloc_unlock
                0x0800b630        0xc D:/SOFTWARE/CubeIDE/STM32CubeIDE_1.18.1/STM32CubeIDE/plugins/com.st.stm32cube.ide.mcu.externaltools.gnu-tools-for-stm32.13.3.rel1.win32_1.0.0.202411081344/tools/bin/../lib/gcc/arm-none-eabi/13.3.1/../../../../arm-none-eabi/lib/thumb/v7-m/nofp\libc_nano.a(libc_a-mlock.o)
                0x0800b630                __malloc_unlock
 .text.__ssputs_r
                0x0800b63c       0xb6 D:/SOFTWARE/CubeIDE/STM32CubeIDE_1.18.1/STM32CubeIDE/plugins/com.st.stm32cube.ide.mcu.externaltools.gnu-tools-for-stm32.13.3.rel1.win32_1.0.0.202411081344/tools/bin/../lib/gcc/arm-none-eabi/13.3.1/../../../../arm-none-eabi/lib/thumb/v7-m/nofp\libc_nano.a(libc_a-nano-svfprintf.o)
                0x0800b63c                __ssputs_r
 *fill*         0x0800b6f2        0x2 
 .text._svfprintf_r
                0x0800b6f4      0x1f8 D:/SOFTWARE/CubeIDE/STM32CubeIDE_1.18.1/STM32CubeIDE/plugins/com.st.stm32cube.ide.mcu.externaltools.gnu-tools-for-stm32.13.3.rel1.win32_1.0.0.202411081344/tools/bin/../lib/gcc/arm-none-eabi/13.3.1/../../../../arm-none-eabi/lib/thumb/v7-m/nofp\libc_nano.a(libc_a-nano-svfprintf.o)
                0x0800b6f4                _svfiprintf_r
                0x0800b6f4                _svfprintf_r
 .text.__sfputc_r
                0x0800b8ec       0x2a D:/SOFTWARE/CubeIDE/STM32CubeIDE_1.18.1/STM32CubeIDE/plugins/com.st.stm32cube.ide.mcu.externaltools.gnu-tools-for-stm32.13.3.rel1.win32_1.0.0.202411081344/tools/bin/../lib/gcc/arm-none-eabi/13.3.1/../../../../arm-none-eabi/lib/thumb/v7-m/nofp\libc_nano.a(libc_a-nano-vfprintf.o)
 .text.__sfputs_r
                0x0800b916       0x24 D:/SOFTWARE/CubeIDE/STM32CubeIDE_1.18.1/STM32CubeIDE/plugins/com.st.stm32cube.ide.mcu.externaltools.gnu-tools-for-stm32.13.3.rel1.win32_1.0.0.202411081344/tools/bin/../lib/gcc/arm-none-eabi/13.3.1/../../../../arm-none-eabi/lib/thumb/v7-m/nofp\libc_nano.a(libc_a-nano-vfprintf.o)
                0x0800b916                __sfputs_r
 *fill*         0x0800b93a        0x2 
 .text._vfprintf_r
                0x0800b93c      0x230 D:/SOFTWARE/CubeIDE/STM32CubeIDE_1.18.1/STM32CubeIDE/plugins/com.st.stm32cube.ide.mcu.externaltools.gnu-tools-for-stm32.13.3.rel1.win32_1.0.0.202411081344/tools/bin/../lib/gcc/arm-none-eabi/13.3.1/../../../../arm-none-eabi/lib/thumb/v7-m/nofp\libc_nano.a(libc_a-nano-vfprintf.o)
                0x0800b93c                _vfprintf_r
                0x0800b93c                _vfiprintf_r
 .text._printf_common
                0x0800bb6c       0xe4 D:/SOFTWARE/CubeIDE/STM32CubeIDE_1.18.1/STM32CubeIDE/plugins/com.st.stm32cube.ide.mcu.externaltools.gnu-tools-for-stm32.13.3.rel1.win32_1.0.0.202411081344/tools/bin/../lib/gcc/arm-none-eabi/13.3.1/../../../../arm-none-eabi/lib/thumb/v7-m/nofp\libc_nano.a(libc_a-nano-vfprintf_i.o)
                0x0800bb6c                _printf_common
 .text._printf_i
                0x0800bc50      0x23c D:/SOFTWARE/CubeIDE/STM32CubeIDE_1.18.1/STM32CubeIDE/plugins/com.st.stm32cube.ide.mcu.externaltools.gnu-tools-for-stm32.13.3.rel1.win32_1.0.0.202411081344/tools/bin/../lib/gcc/arm-none-eabi/13.3.1/../../../../arm-none-eabi/lib/thumb/v7-m/nofp\libc_nano.a(libc_a-nano-vfprintf_i.o)
                0x0800bc50                _printf_i
 .text.__sflush_r
                0x0800be8c      0x100 D:/SOFTWARE/CubeIDE/STM32CubeIDE_1.18.1/STM32CubeIDE/plugins/com.st.stm32cube.ide.mcu.externaltools.gnu-tools-for-stm32.13.3.rel1.win32_1.0.0.202411081344/tools/bin/../lib/gcc/arm-none-eabi/13.3.1/../../../../arm-none-eabi/lib/thumb/v7-m/nofp\libc_nano.a(libc_a-fflush.o)
                0x0800be8c                __sflush_r
 .text._fflush_r
                0x0800bf8c       0x50 D:/SOFTWARE/CubeIDE/STM32CubeIDE_1.18.1/STM32CubeIDE/plugins/com.st.stm32cube.ide.mcu.externaltools.gnu-tools-for-stm32.13.3.rel1.win32_1.0.0.202411081344/tools/bin/../lib/gcc/arm-none-eabi/13.3.1/../../../../arm-none-eabi/lib/thumb/v7-m/nofp\libc_nano.a(libc_a-fflush.o)
                0x0800bf8c                _fflush_r
 .text.__swbuf_r
                0x0800bfdc       0x7c D:/SOFTWARE/CubeIDE/STM32CubeIDE_1.18.1/STM32CubeIDE/plugins/com.st.stm32cube.ide.mcu.externaltools.gnu-tools-for-stm32.13.3.rel1.win32_1.0.0.202411081344/tools/bin/../lib/gcc/arm-none-eabi/13.3.1/../../../../arm-none-eabi/lib/thumb/v7-m/nofp\libc_nano.a(libc_a-wbuf.o)
                0x0800bfdc                __swbuf_r
 .text.__swsetup_r
                0x0800c058       0xac D:/SOFTWARE/CubeIDE/STM32CubeIDE_1.18.1/STM32CubeIDE/plugins/com.st.stm32cube.ide.mcu.externaltools.gnu-tools-for-stm32.13.3.rel1.win32_1.0.0.202411081344/tools/bin/../lib/gcc/arm-none-eabi/13.3.1/../../../../arm-none-eabi/lib/thumb/v7-m/nofp\libc_nano.a(libc_a-wsetup.o)
                0x0800c058                __swsetup_r
 .text.memmove  0x0800c104       0x34 D:/SOFTWARE/CubeIDE/STM32CubeIDE_1.18.1/STM32CubeIDE/plugins/com.st.stm32cube.ide.mcu.externaltools.gnu-tools-for-stm32.13.3.rel1.win32_1.0.0.202411081344/tools/bin/../lib/gcc/arm-none-eabi/13.3.1/../../../../arm-none-eabi/lib/thumb/v7-m/nofp\libc_nano.a(libc_a-memmove.o)
                0x0800c104                memmove
 .text._sbrk_r  0x0800c138       0x20 D:/SOFTWARE/CubeIDE/STM32CubeIDE_1.18.1/STM32CubeIDE/plugins/com.st.stm32cube.ide.mcu.externaltools.gnu-tools-for-stm32.13.3.rel1.win32_1.0.0.202411081344/tools/bin/../lib/gcc/arm-none-eabi/13.3.1/../../../../arm-none-eabi/lib/thumb/v7-m/nofp\libc_nano.a(libc_a-sbrkr.o)
                0x0800c138                _sbrk_r
 .text.memchr   0x0800c158       0x1c D:/SOFTWARE/CubeIDE/STM32CubeIDE_1.18.1/STM32CubeIDE/plugins/com.st.stm32cube.ide.mcu.externaltools.gnu-tools-for-stm32.13.3.rel1.win32_1.0.0.202411081344/tools/bin/../lib/gcc/arm-none-eabi/13.3.1/../../../../arm-none-eabi/lib/thumb/v7-m/nofp\libc_nano.a(libc_a-memchr-stub.o)
                0x0800c158                memchr
 .text.memcpy   0x0800c174       0x1c D:/SOFTWARE/CubeIDE/STM32CubeIDE_1.18.1/STM32CubeIDE/plugins/com.st.stm32cube.ide.mcu.externaltools.gnu-tools-for-stm32.13.3.rel1.win32_1.0.0.202411081344/tools/bin/../lib/gcc/arm-none-eabi/13.3.1/../../../../arm-none-eabi/lib/thumb/v7-m/nofp\libc_nano.a(libc_a-memcpy-stub.o)
                0x0800c174                memcpy
 .text._realloc_r
                0x0800c190       0x5c D:/SOFTWARE/CubeIDE/STM32CubeIDE_1.18.1/STM32CubeIDE/plugins/com.st.stm32cube.ide.mcu.externaltools.gnu-tools-for-stm32.13.3.rel1.win32_1.0.0.202411081344/tools/bin/../lib/gcc/arm-none-eabi/13.3.1/../../../../arm-none-eabi/lib/thumb/v7-m/nofp\libc_nano.a(libc_a-reallocr.o)
                0x0800c190                _realloc_r
 .text.__swhatbuf_r
                0x0800c1ec       0x4a D:/SOFTWARE/CubeIDE/STM32CubeIDE_1.18.1/STM32CubeIDE/plugins/com.st.stm32cube.ide.mcu.externaltools.gnu-tools-for-stm32.13.3.rel1.win32_1.0.0.202411081344/tools/bin/../lib/gcc/arm-none-eabi/13.3.1/../../../../arm-none-eabi/lib/thumb/v7-m/nofp\libc_nano.a(libc_a-makebuf.o)
                0x0800c1ec                __swhatbuf_r
 .text.__smakebuf_r
                0x0800c236       0x78 D:/SOFTWARE/CubeIDE/STM32CubeIDE_1.18.1/STM32CubeIDE/plugins/com.st.stm32cube.ide.mcu.externaltools.gnu-tools-for-stm32.13.3.rel1.win32_1.0.0.202411081344/tools/bin/../lib/gcc/arm-none-eabi/13.3.1/../../../../arm-none-eabi/lib/thumb/v7-m/nofp\libc_nano.a(libc_a-makebuf.o)
                0x0800c236                __smakebuf_r
 *fill*         0x0800c2ae        0x2 
 .text._fstat_r
                0x0800c2b0       0x24 D:/SOFTWARE/CubeIDE/STM32CubeIDE_1.18.1/STM32CubeIDE/plugins/com.st.stm32cube.ide.mcu.externaltools.gnu-tools-for-stm32.13.3.rel1.win32_1.0.0.202411081344/tools/bin/../lib/gcc/arm-none-eabi/13.3.1/../../../../arm-none-eabi/lib/thumb/v7-m/nofp\libc_nano.a(libc_a-fstatr.o)
                0x0800c2b0                _fstat_r
 .text._isatty_r
                0x0800c2d4       0x20 D:/SOFTWARE/CubeIDE/STM32CubeIDE_1.18.1/STM32CubeIDE/plugins/com.st.stm32cube.ide.mcu.externaltools.gnu-tools-for-stm32.13.3.rel1.win32_1.0.0.202411081344/tools/bin/../lib/gcc/arm-none-eabi/13.3.1/../../../../arm-none-eabi/lib/thumb/v7-m/nofp\libc_nano.a(libc_a-isattyr.o)
                0x0800c2d4                _isatty_r
 .text._malloc_usable_size_r
                0x0800c2f4       0x10 D:/SOFTWARE/CubeIDE/STM32CubeIDE_1.18.1/STM32CubeIDE/plugins/com.st.stm32cube.ide.mcu.externaltools.gnu-tools-for-stm32.13.3.rel1.win32_1.0.0.202411081344/tools/bin/../lib/gcc/arm-none-eabi/13.3.1/../../../../arm-none-eabi/lib/thumb/v7-m/nofp\libc_nano.a(libc_a-msizer.o)
                0x0800c2f4                _malloc_usable_size_r
 .text.sqrt     0x0800c304       0x48 D:/SOFTWARE/CubeIDE/STM32CubeIDE_1.18.1/STM32CubeIDE/plugins/com.st.stm32cube.ide.mcu.externaltools.gnu-tools-for-stm32.13.3.rel1.win32_1.0.0.202411081344/tools/bin/../lib/gcc/arm-none-eabi/13.3.1/../../../../arm-none-eabi/lib/thumb/v7-m/nofp\libm.a(libm_a-w_sqrt.o)
                0x0800c304                sqrt
 .text.atan2f   0x0800c34c        0x4 D:/SOFTWARE/CubeIDE/STM32CubeIDE_1.18.1/STM32CubeIDE/plugins/com.st.stm32cube.ide.mcu.externaltools.gnu-tools-for-stm32.13.3.rel1.win32_1.0.0.202411081344/tools/bin/../lib/gcc/arm-none-eabi/13.3.1/../../../../arm-none-eabi/lib/thumb/v7-m/nofp\libm.a(libm_a-wf_atan2.o)
                0x0800c34c                atan2f
 .text.sqrtf    0x0800c350       0x34 D:/SOFTWARE/CubeIDE/STM32CubeIDE_1.18.1/STM32CubeIDE/plugins/com.st.stm32cube.ide.mcu.externaltools.gnu-tools-for-stm32.13.3.rel1.win32_1.0.0.202411081344/tools/bin/../lib/gcc/arm-none-eabi/13.3.1/../../../../arm-none-eabi/lib/thumb/v7-m/nofp\libm.a(libm_a-wf_sqrt.o)
                0x0800c350                sqrtf
 .text.__ieee754_sqrt
                0x0800c384      0x1a4 D:/SOFTWARE/CubeIDE/STM32CubeIDE_1.18.1/STM32CubeIDE/plugins/com.st.stm32cube.ide.mcu.externaltools.gnu-tools-for-stm32.13.3.rel1.win32_1.0.0.202411081344/tools/bin/../lib/gcc/arm-none-eabi/13.3.1/../../../../arm-none-eabi/lib/thumb/v7-m/nofp\libm.a(libm_a-e_sqrt.o)
                0x0800c384                __ieee754_sqrt
 .text.__ieee754_sqrtf
                0x0800c528       0xe0 D:/SOFTWARE/CubeIDE/STM32CubeIDE_1.18.1/STM32CubeIDE/plugins/com.st.stm32cube.ide.mcu.externaltools.gnu-tools-for-stm32.13.3.rel1.win32_1.0.0.202411081344/tools/bin/../lib/gcc/arm-none-eabi/13.3.1/../../../../arm-none-eabi/lib/thumb/v7-m/nofp\libm.a(libm_a-ef_sqrt.o)
                0x0800c528                __ieee754_sqrtf
 .text.__ieee754_atan2f
                0x0800c608      0x110 D:/SOFTWARE/CubeIDE/STM32CubeIDE_1.18.1/STM32CubeIDE/plugins/com.st.stm32cube.ide.mcu.externaltools.gnu-tools-for-stm32.13.3.rel1.win32_1.0.0.202411081344/tools/bin/../lib/gcc/arm-none-eabi/13.3.1/../../../../arm-none-eabi/lib/thumb/v7-m/nofp\libm.a(libm_a-ef_atan2.o)
                0x0800c608                __ieee754_atan2f
 .text.atanf    0x0800c718      0x218 D:/SOFTWARE/CubeIDE/STM32CubeIDE_1.18.1/STM32CubeIDE/plugins/com.st.stm32cube.ide.mcu.externaltools.gnu-tools-for-stm32.13.3.rel1.win32_1.0.0.202411081344/tools/bin/../lib/gcc/arm-none-eabi/13.3.1/../../../../arm-none-eabi/lib/thumb/v7-m/nofp\libm.a(libm_a-sf_atan.o)
                0x0800c718                atanf
 .text.fabsf    0x0800c930        0x6 D:/SOFTWARE/CubeIDE/STM32CubeIDE_1.18.1/STM32CubeIDE/plugins/com.st.stm32cube.ide.mcu.externaltools.gnu-tools-for-stm32.13.3.rel1.win32_1.0.0.202411081344/tools/bin/../lib/gcc/arm-none-eabi/13.3.1/../../../../arm-none-eabi/lib/thumb/v7-m/nofp\libm.a(libm_a-sf_fabs.o)
                0x0800c930                fabsf
 *(.glue_7)
 .glue_7        0x0800c936        0x0 linker stubs
 *(.glue_7t)
 .glue_7t       0x0800c936        0x0 linker stubs
 *(.eh_frame)
 *fill*         0x0800c936        0x2 
 .eh_frame      0x0800c938        0x0 D:/SOFTWARE/CubeIDE/STM32CubeIDE_1.18.1/STM32CubeIDE/plugins/com.st.stm32cube.ide.mcu.externaltools.gnu-tools-for-stm32.13.3.rel1.win32_1.0.0.202411081344/tools/bin/../lib/gcc/arm-none-eabi/13.3.1/thumb/v7-m/nofp/crtbegin.o
 *(.init)
 .init          0x0800c938        0x4 D:/SOFTWARE/CubeIDE/STM32CubeIDE_1.18.1/STM32CubeIDE/plugins/com.st.stm32cube.ide.mcu.externaltools.gnu-tools-for-stm32.13.3.rel1.win32_1.0.0.202411081344/tools/bin/../lib/gcc/arm-none-eabi/13.3.1/thumb/v7-m/nofp/crti.o
                0x0800c938                _init
 .init          0x0800c93c        0x8 D:/SOFTWARE/CubeIDE/STM32CubeIDE_1.18.1/STM32CubeIDE/plugins/com.st.stm32cube.ide.mcu.externaltools.gnu-tools-for-stm32.13.3.rel1.win32_1.0.0.202411081344/tools/bin/../lib/gcc/arm-none-eabi/13.3.1/thumb/v7-m/nofp/crtn.o
 *(.fini)
 .fini          0x0800c944        0x4 D:/SOFTWARE/CubeIDE/STM32CubeIDE_1.18.1/STM32CubeIDE/plugins/com.st.stm32cube.ide.mcu.externaltools.gnu-tools-for-stm32.13.3.rel1.win32_1.0.0.202411081344/tools/bin/../lib/gcc/arm-none-eabi/13.3.1/thumb/v7-m/nofp/crti.o
                0x0800c944                _fini
 .fini          0x0800c948        0x8 D:/SOFTWARE/CubeIDE/STM32CubeIDE_1.18.1/STM32CubeIDE/plugins/com.st.stm32cube.ide.mcu.externaltools.gnu-tools-for-stm32.13.3.rel1.win32_1.0.0.202411081344/tools/bin/../lib/gcc/arm-none-eabi/13.3.1/thumb/v7-m/nofp/crtn.o
                0x0800c950                        . = ALIGN (0x4)
                0x0800c950                        _etext = .

.vfp11_veneer   0x0800c950        0x0
 .vfp11_veneer  0x0800c950        0x0 linker stubs

.v4_bx          0x0800c950        0x0
 .v4_bx         0x0800c950        0x0 linker stubs

.iplt           0x0800c950        0x0
 .iplt          0x0800c950        0x0 D:/SOFTWARE/CubeIDE/STM32CubeIDE_1.18.1/STM32CubeIDE/plugins/com.st.stm32cube.ide.mcu.externaltools.gnu-tools-for-stm32.13.3.rel1.win32_1.0.0.202411081344/tools/bin/../lib/gcc/arm-none-eabi/13.3.1/thumb/v7-m/nofp/crtbegin.o

.rodata         0x0800c950     0x1b38
                0x0800c950                        . = ALIGN (0x4)
 *(.rodata)
 .rodata        0x0800c950        0xc ./Core/Src/ft5206.o
 .rodata        0x0800c95c       0x25 ./Core/Src/gt9147.o
 *fill*         0x0800c981        0x3 
 .rodata        0x0800c984        0xd ./Core/Src/lcd.o
 *fill*         0x0800c991        0x3 
 .rodata        0x0800c994       0x3b ./Core/Src/main.o
 *fill*         0x0800c9cf        0x1 
 .rodata        0x0800c9d0        0xc ./Core/Src/ott2001a.o
 .rodata        0x0800c9dc        0xf ./Core/Src/route_planning.o
 *fill*         0x0800c9eb        0x1 
 .rodata        0x0800c9ec       0x7a ./Core/Src/screen.o
 *fill*         0x0800ca66        0x2 
 .rodata        0x0800ca68       0xd0 ./Core/Src/touch.o
 *(.rodata*)
 .rodata.FT5206_TPX_TBL
                0x0800cb38        0xa ./Core/Src/ft5206.o
                0x0800cb38                FT5206_TPX_TBL
 *fill*         0x0800cb42        0x2 
 .rodata.GT9147_CFG_TBL
                0x0800cb44       0xb8 ./Core/Src/gt9147.o
                0x0800cb44                GT9147_CFG_TBL
 .rodata.GT9147_TPX_TBL
                0x0800cbfc        0xa ./Core/Src/gt9147.o
                0x0800cbfc                GT9147_TPX_TBL
 *fill*         0x0800cc06        0x2 
 .rodata.asc2_1206
                0x0800cc08      0x474 ./Core/Src/lcd.o
                0x0800cc08                asc2_1206
 .rodata.asc2_1608
                0x0800d07c      0x5f0 ./Core/Src/lcd.o
                0x0800d07c                asc2_1608
 .rodata.asc2_2412
                0x0800d66c      0xd5c ./Core/Src/lcd.o
                0x0800d66c                asc2_2412
 .rodata.OTT_TPX_TBL
                0x0800e3c8        0xa ./Core/Src/ott2001a.o
                0x0800e3c8                OTT_TPX_TBL
 *fill*         0x0800e3d2        0x2 
 .rodata.AHBPrescTable
                0x0800e3d4       0x10 ./Core/Src/system_stm32f1xx.o
                0x0800e3d4                AHBPrescTable
 .rodata.APBPrescTable
                0x0800e3e4        0x8 ./Core/Src/system_stm32f1xx.o
                0x0800e3e4                APBPrescTable
 .rodata.aPLLMULFactorTable.1
                0x0800e3ec       0x10 ./Drivers/STM32F1xx_HAL_Driver/Src/stm32f1xx_hal_rcc.o
 .rodata.aPredivFactorTable.0
                0x0800e3fc        0x2 ./Drivers/STM32F1xx_HAL_Driver/Src/stm32f1xx_hal_rcc.o
 .rodata._svfprintf_r.str1.1
                0x0800e3fe       0x33 D:/SOFTWARE/CubeIDE/STM32CubeIDE_1.18.1/STM32CubeIDE/plugins/com.st.stm32cube.ide.mcu.externaltools.gnu-tools-for-stm32.13.3.rel1.win32_1.0.0.202411081344/tools/bin/../lib/gcc/arm-none-eabi/13.3.1/../../../../arm-none-eabi/lib/thumb/v7-m/nofp\libc_nano.a(libc_a-nano-svfprintf.o)
                                 0x11 (size before relaxing)
 .rodata._vfprintf_r.str1.1
                0x0800e431       0x11 D:/SOFTWARE/CubeIDE/STM32CubeIDE_1.18.1/STM32CubeIDE/plugins/com.st.stm32cube.ide.mcu.externaltools.gnu-tools-for-stm32.13.3.rel1.win32_1.0.0.202411081344/tools/bin/../lib/gcc/arm-none-eabi/13.3.1/../../../../arm-none-eabi/lib/thumb/v7-m/nofp\libc_nano.a(libc_a-nano-vfprintf.o)
 .rodata._printf_i.str1.1
                0x0800e431       0x22 D:/SOFTWARE/CubeIDE/STM32CubeIDE_1.18.1/STM32CubeIDE/plugins/com.st.stm32cube.ide.mcu.externaltools.gnu-tools-for-stm32.13.3.rel1.win32_1.0.0.202411081344/tools/bin/../lib/gcc/arm-none-eabi/13.3.1/../../../../arm-none-eabi/lib/thumb/v7-m/nofp\libc_nano.a(libc_a-nano-vfprintf_i.o)
 *fill*         0x0800e431        0x7 
 .rodata.tiny   0x0800e438        0x8 D:/SOFTWARE/CubeIDE/STM32CubeIDE_1.18.1/STM32CubeIDE/plugins/com.st.stm32cube.ide.mcu.externaltools.gnu-tools-for-stm32.13.3.rel1.win32_1.0.0.202411081344/tools/bin/../lib/gcc/arm-none-eabi/13.3.1/../../../../arm-none-eabi/lib/thumb/v7-m/nofp\libm.a(libm_a-e_sqrt.o)
 .rodata.one    0x0800e440        0x8 D:/SOFTWARE/CubeIDE/STM32CubeIDE_1.18.1/STM32CubeIDE/plugins/com.st.stm32cube.ide.mcu.externaltools.gnu-tools-for-stm32.13.3.rel1.win32_1.0.0.202411081344/tools/bin/../lib/gcc/arm-none-eabi/13.3.1/../../../../arm-none-eabi/lib/thumb/v7-m/nofp\libm.a(libm_a-e_sqrt.o)
 .rodata.tiny   0x0800e448        0x4 D:/SOFTWARE/CubeIDE/STM32CubeIDE_1.18.1/STM32CubeIDE/plugins/com.st.stm32cube.ide.mcu.externaltools.gnu-tools-for-stm32.13.3.rel1.win32_1.0.0.202411081344/tools/bin/../lib/gcc/arm-none-eabi/13.3.1/../../../../arm-none-eabi/lib/thumb/v7-m/nofp\libm.a(libm_a-ef_sqrt.o)
 .rodata.one    0x0800e44c        0x4 D:/SOFTWARE/CubeIDE/STM32CubeIDE_1.18.1/STM32CubeIDE/plugins/com.st.stm32cube.ide.mcu.externaltools.gnu-tools-for-stm32.13.3.rel1.win32_1.0.0.202411081344/tools/bin/../lib/gcc/arm-none-eabi/13.3.1/../../../../arm-none-eabi/lib/thumb/v7-m/nofp\libm.a(libm_a-ef_sqrt.o)
 .rodata.CSWTCH.9
                0x0800e450        0xc D:/SOFTWARE/CubeIDE/STM32CubeIDE_1.18.1/STM32CubeIDE/plugins/com.st.stm32cube.ide.mcu.externaltools.gnu-tools-for-stm32.13.3.rel1.win32_1.0.0.202411081344/tools/bin/../lib/gcc/arm-none-eabi/13.3.1/../../../../arm-none-eabi/lib/thumb/v7-m/nofp\libm.a(libm_a-ef_atan2.o)
 .rodata.CSWTCH.8
                0x0800e45c        0xc D:/SOFTWARE/CubeIDE/STM32CubeIDE_1.18.1/STM32CubeIDE/plugins/com.st.stm32cube.ide.mcu.externaltools.gnu-tools-for-stm32.13.3.rel1.win32_1.0.0.202411081344/tools/bin/../lib/gcc/arm-none-eabi/13.3.1/../../../../arm-none-eabi/lib/thumb/v7-m/nofp\libm.a(libm_a-ef_atan2.o)
 .rodata.atanlo
                0x0800e468       0x10 D:/SOFTWARE/CubeIDE/STM32CubeIDE_1.18.1/STM32CubeIDE/plugins/com.st.stm32cube.ide.mcu.externaltools.gnu-tools-for-stm32.13.3.rel1.win32_1.0.0.202411081344/tools/bin/../lib/gcc/arm-none-eabi/13.3.1/../../../../arm-none-eabi/lib/thumb/v7-m/nofp\libm.a(libm_a-sf_atan.o)
 .rodata.atanhi
                0x0800e478       0x10 D:/SOFTWARE/CubeIDE/STM32CubeIDE_1.18.1/STM32CubeIDE/plugins/com.st.stm32cube.ide.mcu.externaltools.gnu-tools-for-stm32.13.3.rel1.win32_1.0.0.202411081344/tools/bin/../lib/gcc/arm-none-eabi/13.3.1/../../../../arm-none-eabi/lib/thumb/v7-m/nofp\libm.a(libm_a-sf_atan.o)
                0x0800e488                        . = ALIGN (0x4)

.ARM.extab      0x0800e488        0x0
                0x0800e488                        . = ALIGN (0x4)
 *(.ARM.extab* .gnu.linkonce.armextab.*)
                0x0800e488                        . = ALIGN (0x4)

.ARM            0x0800e488        0x8
                0x0800e488                        . = ALIGN (0x4)
                0x0800e488                        __exidx_start = .
 *(.ARM.exidx*)
 .ARM.exidx     0x0800e488        0x8 D:/SOFTWARE/CubeIDE/STM32CubeIDE_1.18.1/STM32CubeIDE/plugins/com.st.stm32cube.ide.mcu.externaltools.gnu-tools-for-stm32.13.3.rel1.win32_1.0.0.202411081344/tools/bin/../lib/gcc/arm-none-eabi/13.3.1/../../../../arm-none-eabi/lib/thumb/v7-m/nofp\libc_nano.a(libc_a-strcmp.o)
 .ARM.exidx     0x0800e490        0x0 D:/SOFTWARE/CubeIDE/STM32CubeIDE_1.18.1/STM32CubeIDE/plugins/com.st.stm32cube.ide.mcu.externaltools.gnu-tools-for-stm32.13.3.rel1.win32_1.0.0.202411081344/tools/bin/../lib/gcc/arm-none-eabi/13.3.1/../../../../arm-none-eabi/lib/thumb/v7-m/nofp\libc_nano.a(libc_a-strlen.o)
                                  0x8 (size before relaxing)
                0x0800e490                        __exidx_end = .
                0x0800e490                        . = ALIGN (0x4)

.rel.dyn        0x0800e490        0x0
 .rel.iplt      0x0800e490        0x0 D:/SOFTWARE/CubeIDE/STM32CubeIDE_1.18.1/STM32CubeIDE/plugins/com.st.stm32cube.ide.mcu.externaltools.gnu-tools-for-stm32.13.3.rel1.win32_1.0.0.202411081344/tools/bin/../lib/gcc/arm-none-eabi/13.3.1/thumb/v7-m/nofp/crtbegin.o

.preinit_array  0x0800e490        0x0
                0x0800e490                        . = ALIGN (0x4)
                0x0800e490                        PROVIDE (__preinit_array_start = .)
 *(.preinit_array*)
                0x0800e490                        PROVIDE (__preinit_array_end = .)
                0x0800e490                        . = ALIGN (0x4)

.init_array     0x0800e490        0x4
                0x0800e490                        . = ALIGN (0x4)
                0x0800e490                        PROVIDE (__init_array_start = .)
 *(SORT_BY_NAME(.init_array.*))
 *(.init_array*)
 .init_array    0x0800e490        0x4 D:/SOFTWARE/CubeIDE/STM32CubeIDE_1.18.1/STM32CubeIDE/plugins/com.st.stm32cube.ide.mcu.externaltools.gnu-tools-for-stm32.13.3.rel1.win32_1.0.0.202411081344/tools/bin/../lib/gcc/arm-none-eabi/13.3.1/thumb/v7-m/nofp/crtbegin.o
                0x0800e494                        PROVIDE (__init_array_end = .)
                0x0800e494                        . = ALIGN (0x4)

.fini_array     0x0800e494        0x4
                0x0800e494                        . = ALIGN (0x4)
                [!provide]                        PROVIDE (__fini_array_start = .)
 *(SORT_BY_NAME(.fini_array.*))
 *(.fini_array*)
 .fini_array    0x0800e494        0x4 D:/SOFTWARE/CubeIDE/STM32CubeIDE_1.18.1/STM32CubeIDE/plugins/com.st.stm32cube.ide.mcu.externaltools.gnu-tools-for-stm32.13.3.rel1.win32_1.0.0.202411081344/tools/bin/../lib/gcc/arm-none-eabi/13.3.1/thumb/v7-m/nofp/crtbegin.o
                [!provide]                        PROVIDE (__fini_array_end = .)
                0x0800e498                        . = ALIGN (0x4)
                0x0800e498                        _sidata = LOADADDR (.data)

.data           0x20000000       0xa8 load address 0x0800e498
                0x20000000                        . = ALIGN (0x4)
                0x20000000                        _sdata = .
 *(.data)
 *(.data*)
 .data.key_up.0
                0x20000000        0x1 ./Core/Src/key.o
 *fill*         0x20000001        0x1 
 .data.BACK_COLOR
                0x20000002        0x2 ./Core/Src/lcd.o
                0x20000002                BACK_COLOR
 .data.bt_connected
                0x20000004        0x1 ./Core/Src/screen.o
                0x20000004                bt_connected
 *fill*         0x20000005        0x3 
 .data.SystemCoreClock
                0x20000008        0x4 ./Core/Src/system_stm32f1xx.o
                0x20000008                SystemCoreClock
 .data.tp_dev   0x2000000c       0x34 ./Core/Src/touch.o
                0x2000000c                tp_dev
 .data.CMD_RDX  0x20000040        0x1 ./Core/Src/touch.o
                0x20000040                CMD_RDX
 .data.CMD_RDY  0x20000041        0x1 ./Core/Src/touch.o
                0x20000041                CMD_RDY
 *fill*         0x20000042        0x2 
 .data.uwTickPrio
                0x20000044        0x4 ./Drivers/STM32F1xx_HAL_Driver/Src/stm32f1xx_hal.o
                0x20000044                uwTickPrio
 .data.uwTickFreq
                0x20000048        0x1 ./Drivers/STM32F1xx_HAL_Driver/Src/stm32f1xx_hal.o
                0x20000048                uwTickFreq
 *fill*         0x20000049        0x3 
 .data.__sglue  0x2000004c        0xc D:/SOFTWARE/CubeIDE/STM32CubeIDE_1.18.1/STM32CubeIDE/plugins/com.st.stm32cube.ide.mcu.externaltools.gnu-tools-for-stm32.13.3.rel1.win32_1.0.0.202411081344/tools/bin/../lib/gcc/arm-none-eabi/13.3.1/../../../../arm-none-eabi/lib/thumb/v7-m/nofp\libc_nano.a(libc_a-findfp.o)
                0x2000004c                __sglue
 .data._impure_ptr
                0x20000058        0x4 D:/SOFTWARE/CubeIDE/STM32CubeIDE_1.18.1/STM32CubeIDE/plugins/com.st.stm32cube.ide.mcu.externaltools.gnu-tools-for-stm32.13.3.rel1.win32_1.0.0.202411081344/tools/bin/../lib/gcc/arm-none-eabi/13.3.1/../../../../arm-none-eabi/lib/thumb/v7-m/nofp\libc_nano.a(libc_a-impure.o)
                0x20000058                _impure_ptr
 .data._impure_data
                0x2000005c       0x4c D:/SOFTWARE/CubeIDE/STM32CubeIDE_1.18.1/STM32CubeIDE/plugins/com.st.stm32cube.ide.mcu.externaltools.gnu-tools-for-stm32.13.3.rel1.win32_1.0.0.202411081344/tools/bin/../lib/gcc/arm-none-eabi/13.3.1/../../../../arm-none-eabi/lib/thumb/v7-m/nofp\libc_nano.a(libc_a-impure.o)
                0x2000005c                _impure_data
 *(.RamFunc)
 *(.RamFunc*)
                0x200000a8                        . = ALIGN (0x4)
                0x200000a8                        _edata = .

.igot.plt       0x200000a8        0x0 load address 0x0800e540
 .igot.plt      0x200000a8        0x0 D:/SOFTWARE/CubeIDE/STM32CubeIDE_1.18.1/STM32CubeIDE/plugins/com.st.stm32cube.ide.mcu.externaltools.gnu-tools-for-stm32.13.3.rel1.win32_1.0.0.202411081344/tools/bin/../lib/gcc/arm-none-eabi/13.3.1/thumb/v7-m/nofp/crtbegin.o
                0x200000a8                        . = ALIGN (0x4)

.bss            0x200000a8     0x411c load address 0x0800e540
                0x200000a8                        _sbss = .
                0x200000a8                        __bss_start__ = _sbss
 *(.bss)
 .bss           0x200000a8       0x1c D:/SOFTWARE/CubeIDE/STM32CubeIDE_1.18.1/STM32CubeIDE/plugins/com.st.stm32cube.ide.mcu.externaltools.gnu-tools-for-stm32.13.3.rel1.win32_1.0.0.202411081344/tools/bin/../lib/gcc/arm-none-eabi/13.3.1/thumb/v7-m/nofp/crtbegin.o
 *(.bss*)
 .bss.fac_us    0x200000c4        0x4 ./Core/Src/delay.o
 .bss.t.0       0x200000c8        0x1 ./Core/Src/ft5206.o
 .bss.t.0       0x200000c9        0x1 ./Core/Src/gt9147.o
 .bss.POINT_COLOR
                0x200000ca        0x2 ./Core/Src/lcd.o
                0x200000ca                POINT_COLOR
 .bss.lcddev    0x200000cc        0xe ./Core/Src/lcd.o
                0x200000cc                lcddev
 *fill*         0x200000da        0x2 
 .bss.STATE     0x200000dc       0x1e ./Core/Src/main.o
                0x200000dc                STATE
 *fill*         0x200000fa        0x2 
 .bss.huart1    0x200000fc       0x48 ./Core/Src/main.o
                0x200000fc                huart1
 .bss.hspi1     0x20000144       0x58 ./Core/Src/main.o
                0x20000144                hspi1
 .bss.huart2    0x2000019c       0x48 ./Core/Src/main.o
                0x2000019c                huart2
 .bss.t.0       0x200001e4        0x1 ./Core/Src/ott2001a.o
 *fill*         0x200001e5        0x3 
 .bss.route_points
                0x200001e8     0x1f40 ./Core/Src/route_planning.o
 .bss.route_count
                0x20002128        0x2 ./Core/Src/route_planning.o
 *fill*         0x2000212a        0x2 
 .bss.fit_points
                0x2000212c     0x1f40 ./Core/Src/route_planning.o
 .bss.fit_count
                0x2000406c        0x2 ./Core/Src/route_planning.o
 .bss.mode      0x2000406e        0x1 ./Core/Src/screen.o
                0x2000406e                mode
 *fill*         0x2000406f        0x1 
 .bss.__sbrk_heap_end
                0x20004070        0x4 ./Core/Src/sysmem.o
 .bss.uwTick    0x20004074        0x4 ./Drivers/STM32F1xx_HAL_Driver/Src/stm32f1xx_hal.o
                0x20004074                uwTick
 .bss.__sf      0x20004078      0x138 D:/SOFTWARE/CubeIDE/STM32CubeIDE_1.18.1/STM32CubeIDE/plugins/com.st.stm32cube.ide.mcu.externaltools.gnu-tools-for-stm32.13.3.rel1.win32_1.0.0.202411081344/tools/bin/../lib/gcc/arm-none-eabi/13.3.1/../../../../arm-none-eabi/lib/thumb/v7-m/nofp\libc_nano.a(libc_a-findfp.o)
                0x20004078                __sf
 .bss.__stdio_exit_handler
                0x200041b0        0x4 D:/SOFTWARE/CubeIDE/STM32CubeIDE_1.18.1/STM32CubeIDE/plugins/com.st.stm32cube.ide.mcu.externaltools.gnu-tools-for-stm32.13.3.rel1.win32_1.0.0.202411081344/tools/bin/../lib/gcc/arm-none-eabi/13.3.1/../../../../arm-none-eabi/lib/thumb/v7-m/nofp\libc_nano.a(libc_a-findfp.o)
                0x200041b0                __stdio_exit_handler
 .bss.errno     0x200041b4        0x4 D:/SOFTWARE/CubeIDE/STM32CubeIDE_1.18.1/STM32CubeIDE/plugins/com.st.stm32cube.ide.mcu.externaltools.gnu-tools-for-stm32.13.3.rel1.win32_1.0.0.202411081344/tools/bin/../lib/gcc/arm-none-eabi/13.3.1/../../../../arm-none-eabi/lib/thumb/v7-m/nofp\libc_nano.a(libc_a-reent.o)
                0x200041b4                errno
 .bss.__lock___malloc_recursive_mutex
                0x200041b8        0x1 D:/SOFTWARE/CubeIDE/STM32CubeIDE_1.18.1/STM32CubeIDE/plugins/com.st.stm32cube.ide.mcu.externaltools.gnu-tools-for-stm32.13.3.rel1.win32_1.0.0.202411081344/tools/bin/../lib/gcc/arm-none-eabi/13.3.1/../../../../arm-none-eabi/lib/thumb/v7-m/nofp\libc_nano.a(libc_a-lock.o)
                0x200041b8                __lock___malloc_recursive_mutex
 .bss.__lock___sfp_recursive_mutex
                0x200041b9        0x1 D:/SOFTWARE/CubeIDE/STM32CubeIDE_1.18.1/STM32CubeIDE/plugins/com.st.stm32cube.ide.mcu.externaltools.gnu-tools-for-stm32.13.3.rel1.win32_1.0.0.202411081344/tools/bin/../lib/gcc/arm-none-eabi/13.3.1/../../../../arm-none-eabi/lib/thumb/v7-m/nofp\libc_nano.a(libc_a-lock.o)
                0x200041b9                __lock___sfp_recursive_mutex
 *fill*         0x200041ba        0x2 
 .bss.__malloc_sbrk_start
                0x200041bc        0x4 D:/SOFTWARE/CubeIDE/STM32CubeIDE_1.18.1/STM32CubeIDE/plugins/com.st.stm32cube.ide.mcu.externaltools.gnu-tools-for-stm32.13.3.rel1.win32_1.0.0.202411081344/tools/bin/../lib/gcc/arm-none-eabi/13.3.1/../../../../arm-none-eabi/lib/thumb/v7-m/nofp\libc_nano.a(libc_a-mallocr.o)
                0x200041bc                __malloc_sbrk_start
 .bss.__malloc_free_list
                0x200041c0        0x4 D:/SOFTWARE/CubeIDE/STM32CubeIDE_1.18.1/STM32CubeIDE/plugins/com.st.stm32cube.ide.mcu.externaltools.gnu-tools-for-stm32.13.3.rel1.win32_1.0.0.202411081344/tools/bin/../lib/gcc/arm-none-eabi/13.3.1/../../../../arm-none-eabi/lib/thumb/v7-m/nofp\libc_nano.a(libc_a-mallocr.o)
                0x200041c0                __malloc_free_list
 *(COMMON)
                0x200041c4                        . = ALIGN (0x4)
                0x200041c4                        _ebss = .
                0x200041c4                        __bss_end__ = _ebss

._user_heap_stack
                0x200041c4      0x604 load address 0x0800e540
                0x200041c8                        . = ALIGN (0x8)
 *fill*         0x200041c4        0x4 
                [!provide]                        PROVIDE (end = .)
                0x200041c8                        PROVIDE (_end = .)
                0x200043c8                        . = (. + _Min_Heap_Size)
 *fill*         0x200041c8      0x200 
                0x200047c8                        . = (. + _Min_Stack_Size)
 *fill*         0x200043c8      0x400 
                0x200047c8                        . = ALIGN (0x8)

/DISCARD/
 libc.a(*)
 libm.a(*)
 libgcc.a(*)

.ARM.attributes
                0x00000000       0x29
 *(.ARM.attributes)
 .ARM.attributes
                0x00000000       0x1d D:/SOFTWARE/CubeIDE/STM32CubeIDE_1.18.1/STM32CubeIDE/plugins/com.st.stm32cube.ide.mcu.externaltools.gnu-tools-for-stm32.13.3.rel1.win32_1.0.0.202411081344/tools/bin/../lib/gcc/arm-none-eabi/13.3.1/thumb/v7-m/nofp/crti.o
 .ARM.attributes
                0x0000001d       0x2d D:/SOFTWARE/CubeIDE/STM32CubeIDE_1.18.1/STM32CubeIDE/plugins/com.st.stm32cube.ide.mcu.externaltools.gnu-tools-for-stm32.13.3.rel1.win32_1.0.0.202411081344/tools/bin/../lib/gcc/arm-none-eabi/13.3.1/thumb/v7-m/nofp/crtbegin.o
 .ARM.attributes
                0x0000004a       0x2d ./Core/Src/24cxx.o
 .ARM.attributes
                0x00000077       0x2d ./Core/Src/ctiic.o
 .ARM.attributes
                0x000000a4       0x2d ./Core/Src/delay.o
 .ARM.attributes
                0x000000d1       0x2d ./Core/Src/ft5206.o
 .ARM.attributes
                0x000000fe       0x2d ./Core/Src/gt9147.o
 .ARM.attributes
                0x0000012b       0x2d ./Core/Src/key.o
 .ARM.attributes
                0x00000158       0x2d ./Core/Src/lcd.o
 .ARM.attributes
                0x00000185       0x2d ./Core/Src/main.o
 .ARM.attributes
                0x000001b2       0x2d ./Core/Src/myiic.o
 .ARM.attributes
                0x000001df       0x2d ./Core/Src/ott2001a.o
 .ARM.attributes
                0x0000020c       0x2d ./Core/Src/route_planning.o
 .ARM.attributes
                0x00000239       0x2d ./Core/Src/screen.o
 .ARM.attributes
                0x00000266       0x2d ./Core/Src/stm32f1xx_hal_msp.o
 .ARM.attributes
                0x00000293       0x2d ./Core/Src/stm32f1xx_it.o
 .ARM.attributes
                0x000002c0       0x2d ./Core/Src/sys.o
 .ARM.attributes
                0x000002ed       0x2d ./Core/Src/syscalls.o
 .ARM.attributes
                0x0000031a       0x2d ./Core/Src/sysmem.o
 .ARM.attributes
                0x00000347       0x2d ./Core/Src/system_stm32f1xx.o
 .ARM.attributes
                0x00000374       0x2d ./Core/Src/touch.o
 .ARM.attributes
                0x000003a1       0x21 ./Core/Startup/startup_stm32f103rctx.o
 .ARM.attributes
                0x000003c2       0x2d ./Drivers/STM32F1xx_HAL_Driver/Src/stm32f1xx_hal.o
 .ARM.attributes
                0x000003ef       0x2d ./Drivers/STM32F1xx_HAL_Driver/Src/stm32f1xx_hal_cortex.o
 .ARM.attributes
                0x0000041c       0x2d ./Drivers/STM32F1xx_HAL_Driver/Src/stm32f1xx_hal_dma.o
 .ARM.attributes
                0x00000449       0x2d ./Drivers/STM32F1xx_HAL_Driver/Src/stm32f1xx_hal_gpio.o
 .ARM.attributes
                0x00000476       0x2d ./Drivers/STM32F1xx_HAL_Driver/Src/stm32f1xx_hal_rcc.o
 .ARM.attributes
                0x000004a3       0x2d ./Drivers/STM32F1xx_HAL_Driver/Src/stm32f1xx_hal_spi.o
 .ARM.attributes
                0x000004d0       0x2d ./Drivers/STM32F1xx_HAL_Driver/Src/stm32f1xx_hal_uart.o
 .ARM.attributes
                0x000004fd       0x2d D:/SOFTWARE/CubeIDE/STM32CubeIDE_1.18.1/STM32CubeIDE/plugins/com.st.stm32cube.ide.mcu.externaltools.gnu-tools-for-stm32.13.3.rel1.win32_1.0.0.202411081344/tools/bin/../lib/gcc/arm-none-eabi/13.3.1/../../../../arm-none-eabi/lib/thumb/v7-m/nofp\libc_nano.a(libc_a-findfp.o)
 .ARM.attributes
                0x0000052a       0x2d D:/SOFTWARE/CubeIDE/STM32CubeIDE_1.18.1/STM32CubeIDE/plugins/com.st.stm32cube.ide.mcu.externaltools.gnu-tools-for-stm32.13.3.rel1.win32_1.0.0.202411081344/tools/bin/../lib/gcc/arm-none-eabi/13.3.1/../../../../arm-none-eabi/lib/thumb/v7-m/nofp\libc_nano.a(libc_a-fwalk.o)
 .ARM.attributes
                0x00000557       0x2d D:/SOFTWARE/CubeIDE/STM32CubeIDE_1.18.1/STM32CubeIDE/plugins/com.st.stm32cube.ide.mcu.externaltools.gnu-tools-for-stm32.13.3.rel1.win32_1.0.0.202411081344/tools/bin/../lib/gcc/arm-none-eabi/13.3.1/../../../../arm-none-eabi/lib/thumb/v7-m/nofp\libc_nano.a(libc_a-printf.o)
 .ARM.attributes
                0x00000584       0x2d D:/SOFTWARE/CubeIDE/STM32CubeIDE_1.18.1/STM32CubeIDE/plugins/com.st.stm32cube.ide.mcu.externaltools.gnu-tools-for-stm32.13.3.rel1.win32_1.0.0.202411081344/tools/bin/../lib/gcc/arm-none-eabi/13.3.1/../../../../arm-none-eabi/lib/thumb/v7-m/nofp\libc_nano.a(libc_a-sprintf.o)
 .ARM.attributes
                0x000005b1       0x2d D:/SOFTWARE/CubeIDE/STM32CubeIDE_1.18.1/STM32CubeIDE/plugins/com.st.stm32cube.ide.mcu.externaltools.gnu-tools-for-stm32.13.3.rel1.win32_1.0.0.202411081344/tools/bin/../lib/gcc/arm-none-eabi/13.3.1/../../../../arm-none-eabi/lib/thumb/v7-m/nofp\libc_nano.a(libc_a-stdio.o)
 .ARM.attributes
                0x000005de       0x2d D:/SOFTWARE/CubeIDE/STM32CubeIDE_1.18.1/STM32CubeIDE/plugins/com.st.stm32cube.ide.mcu.externaltools.gnu-tools-for-stm32.13.3.rel1.win32_1.0.0.202411081344/tools/bin/../lib/gcc/arm-none-eabi/13.3.1/../../../../arm-none-eabi/lib/thumb/v7-m/nofp\libc_nano.a(libc_a-memset.o)
 .ARM.attributes
                0x0000060b       0x2d D:/SOFTWARE/CubeIDE/STM32CubeIDE_1.18.1/STM32CubeIDE/plugins/com.st.stm32cube.ide.mcu.externaltools.gnu-tools-for-stm32.13.3.rel1.win32_1.0.0.202411081344/tools/bin/../lib/gcc/arm-none-eabi/13.3.1/../../../../arm-none-eabi/lib/thumb/v7-m/nofp\libc_nano.a(libc_a-closer.o)
 .ARM.attributes
                0x00000638       0x2d D:/SOFTWARE/CubeIDE/STM32CubeIDE_1.18.1/STM32CubeIDE/plugins/com.st.stm32cube.ide.mcu.externaltools.gnu-tools-for-stm32.13.3.rel1.win32_1.0.0.202411081344/tools/bin/../lib/gcc/arm-none-eabi/13.3.1/../../../../arm-none-eabi/lib/thumb/v7-m/nofp\libc_nano.a(libc_a-reent.o)
 .ARM.attributes
                0x00000665       0x2d D:/SOFTWARE/CubeIDE/STM32CubeIDE_1.18.1/STM32CubeIDE/plugins/com.st.stm32cube.ide.mcu.externaltools.gnu-tools-for-stm32.13.3.rel1.win32_1.0.0.202411081344/tools/bin/../lib/gcc/arm-none-eabi/13.3.1/../../../../arm-none-eabi/lib/thumb/v7-m/nofp\libc_nano.a(libc_a-impure.o)
 .ARM.attributes
                0x00000692       0x2d D:/SOFTWARE/CubeIDE/STM32CubeIDE_1.18.1/STM32CubeIDE/plugins/com.st.stm32cube.ide.mcu.externaltools.gnu-tools-for-stm32.13.3.rel1.win32_1.0.0.202411081344/tools/bin/../lib/gcc/arm-none-eabi/13.3.1/../../../../arm-none-eabi/lib/thumb/v7-m/nofp\libc_nano.a(libc_a-lseekr.o)
 .ARM.attributes
                0x000006bf       0x2d D:/SOFTWARE/CubeIDE/STM32CubeIDE_1.18.1/STM32CubeIDE/plugins/com.st.stm32cube.ide.mcu.externaltools.gnu-tools-for-stm32.13.3.rel1.win32_1.0.0.202411081344/tools/bin/../lib/gcc/arm-none-eabi/13.3.1/../../../../arm-none-eabi/lib/thumb/v7-m/nofp\libc_nano.a(libc_a-readr.o)
 .ARM.attributes
                0x000006ec       0x2d D:/SOFTWARE/CubeIDE/STM32CubeIDE_1.18.1/STM32CubeIDE/plugins/com.st.stm32cube.ide.mcu.externaltools.gnu-tools-for-stm32.13.3.rel1.win32_1.0.0.202411081344/tools/bin/../lib/gcc/arm-none-eabi/13.3.1/../../../../arm-none-eabi/lib/thumb/v7-m/nofp\libc_nano.a(libc_a-writer.o)
 .ARM.attributes
                0x00000719       0x2d D:/SOFTWARE/CubeIDE/STM32CubeIDE_1.18.1/STM32CubeIDE/plugins/com.st.stm32cube.ide.mcu.externaltools.gnu-tools-for-stm32.13.3.rel1.win32_1.0.0.202411081344/tools/bin/../lib/gcc/arm-none-eabi/13.3.1/../../../../arm-none-eabi/lib/thumb/v7-m/nofp\libc_nano.a(libc_a-errno.o)
 .ARM.attributes
                0x00000746       0x2d D:/SOFTWARE/CubeIDE/STM32CubeIDE_1.18.1/STM32CubeIDE/plugins/com.st.stm32cube.ide.mcu.externaltools.gnu-tools-for-stm32.13.3.rel1.win32_1.0.0.202411081344/tools/bin/../lib/gcc/arm-none-eabi/13.3.1/../../../../arm-none-eabi/lib/thumb/v7-m/nofp\libc_nano.a(libc_a-init.o)
 .ARM.attributes
                0x00000773       0x2d D:/SOFTWARE/CubeIDE/STM32CubeIDE_1.18.1/STM32CubeIDE/plugins/com.st.stm32cube.ide.mcu.externaltools.gnu-tools-for-stm32.13.3.rel1.win32_1.0.0.202411081344/tools/bin/../lib/gcc/arm-none-eabi/13.3.1/../../../../arm-none-eabi/lib/thumb/v7-m/nofp\libc_nano.a(libc_a-lock.o)
 .ARM.attributes
                0x000007a0       0x1b D:/SOFTWARE/CubeIDE/STM32CubeIDE_1.18.1/STM32CubeIDE/plugins/com.st.stm32cube.ide.mcu.externaltools.gnu-tools-for-stm32.13.3.rel1.win32_1.0.0.202411081344/tools/bin/../lib/gcc/arm-none-eabi/13.3.1/../../../../arm-none-eabi/lib/thumb/v7-m/nofp\libc_nano.a(libc_a-strcmp.o)
 .ARM.attributes
                0x000007bb       0x17 D:/SOFTWARE/CubeIDE/STM32CubeIDE_1.18.1/STM32CubeIDE/plugins/com.st.stm32cube.ide.mcu.externaltools.gnu-tools-for-stm32.13.3.rel1.win32_1.0.0.202411081344/tools/bin/../lib/gcc/arm-none-eabi/13.3.1/../../../../arm-none-eabi/lib/thumb/v7-m/nofp\libc_nano.a(libc_a-strlen.o)
 .ARM.attributes
                0x000007d2       0x2d D:/SOFTWARE/CubeIDE/STM32CubeIDE_1.18.1/STM32CubeIDE/plugins/com.st.stm32cube.ide.mcu.externaltools.gnu-tools-for-stm32.13.3.rel1.win32_1.0.0.202411081344/tools/bin/../lib/gcc/arm-none-eabi/13.3.1/../../../../arm-none-eabi/lib/thumb/v7-m/nofp\libc_nano.a(libc_a-freer.o)
 .ARM.attributes
                0x000007ff       0x2d D:/SOFTWARE/CubeIDE/STM32CubeIDE_1.18.1/STM32CubeIDE/plugins/com.st.stm32cube.ide.mcu.externaltools.gnu-tools-for-stm32.13.3.rel1.win32_1.0.0.202411081344/tools/bin/../lib/gcc/arm-none-eabi/13.3.1/../../../../arm-none-eabi/lib/thumb/v7-m/nofp\libc_nano.a(libc_a-mallocr.o)
 .ARM.attributes
                0x0000082c       0x2d D:/SOFTWARE/CubeIDE/STM32CubeIDE_1.18.1/STM32CubeIDE/plugins/com.st.stm32cube.ide.mcu.externaltools.gnu-tools-for-stm32.13.3.rel1.win32_1.0.0.202411081344/tools/bin/../lib/gcc/arm-none-eabi/13.3.1/../../../../arm-none-eabi/lib/thumb/v7-m/nofp\libc_nano.a(libc_a-mlock.o)
 .ARM.attributes
                0x00000859       0x2d D:/SOFTWARE/CubeIDE/STM32CubeIDE_1.18.1/STM32CubeIDE/plugins/com.st.stm32cube.ide.mcu.externaltools.gnu-tools-for-stm32.13.3.rel1.win32_1.0.0.202411081344/tools/bin/../lib/gcc/arm-none-eabi/13.3.1/../../../../arm-none-eabi/lib/thumb/v7-m/nofp\libc_nano.a(libc_a-nano-svfprintf.o)
 .ARM.attributes
                0x00000886       0x2d D:/SOFTWARE/CubeIDE/STM32CubeIDE_1.18.1/STM32CubeIDE/plugins/com.st.stm32cube.ide.mcu.externaltools.gnu-tools-for-stm32.13.3.rel1.win32_1.0.0.202411081344/tools/bin/../lib/gcc/arm-none-eabi/13.3.1/../../../../arm-none-eabi/lib/thumb/v7-m/nofp\libc_nano.a(libc_a-nano-vfprintf.o)
 .ARM.attributes
                0x000008b3       0x2d D:/SOFTWARE/CubeIDE/STM32CubeIDE_1.18.1/STM32CubeIDE/plugins/com.st.stm32cube.ide.mcu.externaltools.gnu-tools-for-stm32.13.3.rel1.win32_1.0.0.202411081344/tools/bin/../lib/gcc/arm-none-eabi/13.3.1/../../../../arm-none-eabi/lib/thumb/v7-m/nofp\libc_nano.a(libc_a-nano-vfprintf_i.o)
 .ARM.attributes
                0x000008e0       0x2d D:/SOFTWARE/CubeIDE/STM32CubeIDE_1.18.1/STM32CubeIDE/plugins/com.st.stm32cube.ide.mcu.externaltools.gnu-tools-for-stm32.13.3.rel1.win32_1.0.0.202411081344/tools/bin/../lib/gcc/arm-none-eabi/13.3.1/../../../../arm-none-eabi/lib/thumb/v7-m/nofp\libc_nano.a(libc_a-fflush.o)
 .ARM.attributes
                0x0000090d       0x2d D:/SOFTWARE/CubeIDE/STM32CubeIDE_1.18.1/STM32CubeIDE/plugins/com.st.stm32cube.ide.mcu.externaltools.gnu-tools-for-stm32.13.3.rel1.win32_1.0.0.202411081344/tools/bin/../lib/gcc/arm-none-eabi/13.3.1/../../../../arm-none-eabi/lib/thumb/v7-m/nofp\libc_nano.a(libc_a-wbuf.o)
 .ARM.attributes