Archive member included to satisfy reference by file (symbol)

E:/STM32CubeIDE_1.19.0/STM32CubeIDE/plugins/com.st.stm32cube.ide.mcu.externaltools.gnu-tools-for-stm32.13.3.rel1.win32_1.0.0.202411081344/tools/bin/../lib/gcc/arm-none-eabi/13.3.1/../../../../arm-none-eabi/lib/thumb/v7-m/nofp\libc_nano.a(libc_a-atof.o)
                              ./Core/Src/screen.o (atof)
E:/STM32CubeIDE_1.19.0/STM32CubeIDE/plugins/com.st.stm32cube.ide.mcu.externaltools.gnu-tools-for-stm32.13.3.rel1.win32_1.0.0.202411081344/tools/bin/../lib/gcc/arm-none-eabi/13.3.1/../../../../arm-none-eabi/lib/thumb/v7-m/nofp\libc_nano.a(libc_a-exit.o)
                              E:/STM32CubeIDE_1.19.0/STM32CubeIDE/plugins/com.st.stm32cube.ide.mcu.externaltools.gnu-tools-for-stm32.13.3.rel1.win32_1.0.0.202411081344/tools/bin/../lib/gcc/arm-none-eabi/13.3.1/../../../../arm-none-eabi/lib/thumb/v7-m/nofp/crt0.o (exit)
E:/STM32CubeIDE_1.19.0/STM32CubeIDE/plugins/com.st.stm32cube.ide.mcu.externaltools.gnu-tools-for-stm32.13.3.rel1.win32_1.0.0.202411081344/tools/bin/../lib/gcc/arm-none-eabi/13.3.1/../../../../arm-none-eabi/lib/thumb/v7-m/nofp\libc_nano.a(libc_a-strtod.o)
                              E:/STM32CubeIDE_1.19.0/STM32CubeIDE/plugins/com.st.stm32cube.ide.mcu.externaltools.gnu-tools-for-stm32.13.3.rel1.win32_1.0.0.202411081344/tools/bin/../lib/gcc/arm-none-eabi/13.3.1/../../../../arm-none-eabi/lib/thumb/v7-m/nofp\libc_nano.a(libc_a-atof.o) (strtod)
E:/STM32CubeIDE_1.19.0/STM32CubeIDE/plugins/com.st.stm32cube.ide.mcu.externaltools.gnu-tools-for-stm32.13.3.rel1.win32_1.0.0.202411081344/tools/bin/../lib/gcc/arm-none-eabi/13.3.1/../../../../arm-none-eabi/lib/thumb/v7-m/nofp\libc_nano.a(libc_a-findfp.o)
                              E:/STM32CubeIDE_1.19.0/STM32CubeIDE/plugins/com.st.stm32cube.ide.mcu.externaltools.gnu-tools-for-stm32.13.3.rel1.win32_1.0.0.202411081344/tools/bin/../lib/gcc/arm-none-eabi/13.3.1/../../../../arm-none-eabi/lib/thumb/v7-m/nofp\libc_nano.a(libc_a-exit.o) (__stdio_exit_handler)
E:/STM32CubeIDE_1.19.0/STM32CubeIDE/plugins/com.st.stm32cube.ide.mcu.externaltools.gnu-tools-for-stm32.13.3.rel1.win32_1.0.0.202411081344/tools/bin/../lib/gcc/arm-none-eabi/13.3.1/../../../../arm-none-eabi/lib/thumb/v7-m/nofp\libc_nano.a(libc_a-fwalk.o)
                              E:/STM32CubeIDE_1.19.0/STM32CubeIDE/plugins/com.st.stm32cube.ide.mcu.externaltools.gnu-tools-for-stm32.13.3.rel1.win32_1.0.0.202411081344/tools/bin/../lib/gcc/arm-none-eabi/13.3.1/../../../../arm-none-eabi/lib/thumb/v7-m/nofp\libc_nano.a(libc_a-findfp.o) (_fwalk_sglue)
E:/STM32CubeIDE_1.19.0/STM32CubeIDE/plugins/com.st.stm32cube.ide.mcu.externaltools.gnu-tools-for-stm32.13.3.rel1.win32_1.0.0.202411081344/tools/bin/../lib/gcc/arm-none-eabi/13.3.1/../../../../arm-none-eabi/lib/thumb/v7-m/nofp\libc_nano.a(libc_a-printf.o)
                              ./Core/Src/ft5206.o (printf)
E:/STM32CubeIDE_1.19.0/STM32CubeIDE/plugins/com.st.stm32cube.ide.mcu.externaltools.gnu-tools-for-stm32.13.3.rel1.win32_1.0.0.202411081344/tools/bin/../lib/gcc/arm-none-eabi/13.3.1/../../../../arm-none-eabi/lib/thumb/v7-m/nofp\libc_nano.a(libc_a-sprintf.o)
                              ./Core/Src/main.o (sprintf)
E:/STM32CubeIDE_1.19.0/STM32CubeIDE/plugins/com.st.stm32cube.ide.mcu.externaltools.gnu-tools-for-stm32.13.3.rel1.win32_1.0.0.202411081344/tools/bin/../lib/gcc/arm-none-eabi/13.3.1/../../../../arm-none-eabi/lib/thumb/v7-m/nofp\libc_nano.a(libc_a-stdio.o)
                              E:/STM32CubeIDE_1.19.0/STM32CubeIDE/plugins/com.st.stm32cube.ide.mcu.externaltools.gnu-tools-for-stm32.13.3.rel1.win32_1.0.0.202411081344/tools/bin/../lib/gcc/arm-none-eabi/13.3.1/../../../../arm-none-eabi/lib/thumb/v7-m/nofp\libc_nano.a(libc_a-findfp.o) (__sread)
E:/STM32CubeIDE_1.19.0/STM32CubeIDE/plugins/com.st.stm32cube.ide.mcu.externaltools.gnu-tools-for-stm32.13.3.rel1.win32_1.0.0.202411081344/tools/bin/../lib/gcc/arm-none-eabi/13.3.1/../../../../arm-none-eabi/lib/thumb/v7-m/nofp\libc_nano.a(libc_a-memset.o)
                              E:/STM32CubeIDE_1.19.0/STM32CubeIDE/plugins/com.st.stm32cube.ide.mcu.externaltools.gnu-tools-for-stm32.13.3.rel1.win32_1.0.0.202411081344/tools/bin/../lib/gcc/arm-none-eabi/13.3.1/../../../../arm-none-eabi/lib/thumb/v7-m/nofp/crt0.o (memset)
E:/STM32CubeIDE_1.19.0/STM32CubeIDE/plugins/com.st.stm32cube.ide.mcu.externaltools.gnu-tools-for-stm32.13.3.rel1.win32_1.0.0.202411081344/tools/bin/../lib/gcc/arm-none-eabi/13.3.1/../../../../arm-none-eabi/lib/thumb/v7-m/nofp\libc_nano.a(libc_a-strchr.o)
                              ./Core/Src/screen.o (strchr)
E:/STM32CubeIDE_1.19.0/STM32CubeIDE/plugins/com.st.stm32cube.ide.mcu.externaltools.gnu-tools-for-stm32.13.3.rel1.win32_1.0.0.202411081344/tools/bin/../lib/gcc/arm-none-eabi/13.3.1/../../../../arm-none-eabi/lib/thumb/v7-m/nofp\libc_nano.a(libc_a-strncmp.o)
                              ./Core/Src/screen.o (strncmp)
[...]
Memory Configuration

Name             Origin             Length             Attributes
RAM              0x20000000         0x0000c000         xrw
FLASH            0x08000000         0x00040000         xr
*default*        0x00000000         0xffffffff

Linker script and memory map

LOAD E:/STM32CubeIDE_1.19.0/STM32CubeIDE/plugins/com.st.stm32cube.ide.mcu.externaltools.gnu-tools-for-stm32.13.3.rel1.win32_1.0.0.202411081344/tools/bin/../lib/gcc/arm-none-eabi/13.3.1/thumb/v7-m/nofp/crti.o
LOAD E:/STM32CubeIDE_1.19.0/STM32CubeIDE/plugins/com.st.stm32cube.ide.mcu.externaltools.gnu-tools-for-stm32.13.3.rel1.win32_1.0.0.202411081344/tools/bin/../lib/gcc/arm-none-eabi/13.3.1/thumb/v7-m/nofp/crtbegin.o
LOAD E:/STM32CubeIDE_1.19.0/STM32CubeIDE/plugins/com.st.stm32cube.ide.mcu.externaltools.gnu-tools-for-stm32.13.3.rel1.win32_1.0.0.202411081344/tools/bin/../lib/gcc/arm-none-eabi/13.3.1/../../../../arm-none-eabi/lib/thumb/v7-m/nofp/crt0.o
LOAD ./Core/Src/24cxx.o
LOAD ./Core/Src/24l01.o
LOAD ./Core/Src/ctiic.o
LOAD ./Core/Src/delay.o
LOAD ./Core/Src/ft5206.o
LOAD ./Core/Src/gt9147.o
LOAD ./Core/Src/key.o
LOAD ./Core/Src/lcd.o
LOAD ./Core/Src/led.o
LOAD ./Core/Src/main.o
LOAD ./Core/Src/myiic.o
LOAD ./Core/Src/ott2001a.o
LOAD ./Core/Src/route_planning.o
LOAD ./Core/Src/screen.o
LOAD ./Core/Src/spi.o
LOAD ./Core/Src/stm32f1xx_hal_msp.o
LOAD ./Core/Src/stm32f1xx_it.o
LOAD ./Core/Src/sys.o
LOAD ./Core/Src/syscalls.o
LOAD ./Core/Src/sysmem.o
LOAD ./Core/Src/system_stm32f1xx.o
LOAD ./Core/Src/touch.o
LOAD ./Core/Startup/startup_stm32f103rctx.o
LOAD ./Drivers/STM32F1xx_HAL_Driver/Src/stm32f1xx_hal.o
LOAD ./Drivers/STM32F1xx_HAL_Driver/Src/stm32f1xx_hal_cortex.o
LOAD ./Drivers/STM32F1xx_HAL_Driver/Src/stm32f1xx_hal_dma.o
LOAD ./Drivers/STM32F1xx_HAL_Driver/Src/stm32f1xx_hal_exti.o
LOAD ./Drivers/STM32F1xx_HAL_Driver/Src/stm32f1xx_hal_flash.o
LOAD ./Drivers/STM32F1xx_HAL_Driver/Src/stm32f1xx_hal_flash_ex.o
LOAD ./Drivers/STM32F1xx_HAL_Driver/Src/stm32f1xx_hal_gpio.o
LOAD ./Drivers/STM32F1xx_HAL_Driver/Src/stm32f1xx_hal_gpio_ex.o
LOAD ./Drivers/STM32F1xx_HAL_Driver/Src/stm32f1xx_hal_pwr.o
LOAD ./Drivers/STM32F1xx_HAL_Driver/Src/stm32f1xx_hal_rcc.o
LOAD ./Drivers/STM32F1xx_HAL_Driver/Src/stm32f1xx_hal_rcc_ex.o
LOAD ./Drivers/STM32F1xx_HAL_Driver/Src/stm32f1xx_hal_spi.o
LOAD ./Drivers/STM32F1xx_HAL_Driver/Src/stm32f1xx_hal_uart.o
START GROUP
LOAD E:/STM32CubeIDE_1.19.0/STM32CubeIDE/plugins/com.st.stm32cube.ide.mcu.externaltools.gnu-tools-for-stm32.13.3.rel1.win32_1.0.0.202411081344/tools/bin/../lib/gcc/arm-none-eabi/13.3.1/../../../../arm-none-eabi/lib/thumb/v7-m/nofp\libc_nano.a
LOAD E:/STM32CubeIDE_1.19.0/STM32CubeIDE/plugins/com.st.stm32cube.ide.mcu.externaltools.gnu-tools-for-stm32.13.3.rel1.win32_1.0.0.202411081344/tools/bin/../lib/gcc/arm-none-eabi/13.3.1/../../../../arm-none-eabi/lib/thumb/v7-m/nofp\libm.a
END GROUP
START GROUP
LOAD E:/STM32CubeIDE_1.19.0/STM32CubeIDE/plugins/com.st.stm32cube.ide.mcu.externaltools.gnu-tools-for-stm32.13.3.rel1.win32_1.0.0.202411081344/tools/bin/../lib/gcc/arm-none-eabi/13.3.1/thumb/v7-m/nofp\libgcc.a
LOAD E:/STM32CubeIDE_1.19.0/STM32CubeIDE/plugins/com.st.stm32cube.ide.mcu.externaltools.gnu-tools-for-stm32.13.3.rel1.win32_1.0.0.202411081344/tools/bin/../lib/gcc/arm-none-eabi/13.3.1/../../../../arm-none-eabi/lib/thumb/v7-m/nofp\libc_nano.a
END GROUP
START GROUP
LOAD E:/STM32CubeIDE_1.19.0/STM32CubeIDE/plugins/com.st.stm32cube.ide.mcu.externaltools.gnu-tools-for-stm32.13.3.rel1.win32_1.0.0.202411081344/tools/bin/../lib/gcc/arm-none-eabi/13.3.1/thumb/v7-m/nofp\libgcc.a
LOAD E:/STM32CubeIDE_1.19.0/STM32CubeIDE/plugins/com.st.stm32cube.ide.mcu.externaltools.gnu-tools-for-stm32.13.3.rel1.win32_1.0.0.202411081344/tools/bin/../lib/gcc/arm-none-eabi/13.3.1/../../../../arm-none-eabi/lib/thumb/v7-m/nofp\libc_nano.a
LOAD E:/STM32CubeIDE_1.19.0/STM32CubeIDE/plugins/com.st.stm32cube.ide.mcu.externaltools.gnu-tools-for-stm32.13.3.rel1.win32_1.0.0.202411081344/tools/bin/../lib/gcc/arm-none-eabi/13.3.1/../../../../arm-none-eabi/lib/thumb/v7-m/nofp\libnosys.a
END GROUP
START GROUP
LOAD E:/STM32CubeIDE_1.19.0/STM32CubeIDE/plugins/com.st.stm32cube.ide.mcu.externaltools.gnu-tools-for-stm32.13.3.rel1.win32_1.0.0.202411081344/tools/bin/../lib/gcc/arm-none-eabi/13.3.1/thumb/v7-m/nofp\libgcc.a
LOAD E:/STM32CubeIDE_1.19.0/STM32CubeIDE/plugins/com.st.stm32cube.ide.mcu.externaltools.gnu-tools-for-stm32.13.3.rel1.win32_1.0.0.202411081344/tools/bin/../lib/gcc/arm-none-eabi/13.3.1/../../../../arm-none-eabi/lib/thumb/v7-m/nofp\libc_nano.a
LOAD E:/STM32CubeIDE_1.19.0/STM32CubeIDE/plugins/com.st.stm32cube.ide.mcu.externaltools.gnu-tools-for-stm32.13.3.rel1.win32_1.0.0.202411081344/tools/bin/../lib/gcc/arm-none-eabi/13.3.1/../../../../arm-none-eabi/lib/thumb/v7-m/nofp\libnosys.a
END GROUP
LOAD E:/STM32CubeIDE_1.19.0/STM32CubeIDE/plugins/com.st.stm32cube.ide.mcu.externaltools.gnu-tools-for-stm32.13.3.rel1.win32_1.0.0.202411081344/tools/bin/../lib/gcc/arm-none-eabi/13.3.1/thumb/v7-m/nofp/crtend.o
LOAD E:/STM32CubeIDE_1.19.0/STM32CubeIDE/plugins/com.st.stm32cube.ide.mcu.externaltools.gnu-tools-for-stm32.13.3.rel1.win32_1.0.0.202411081344/tools/bin/../lib/gcc/arm-none-eabi/13.3.1/thumb/v7-m/nofp/crtn.o
                0x2000c000                        _estack = (ORIGIN (RAM) + LENGTH (RAM))
                0x00000200                        _Min_Heap_Size = 0x200
                0x00000400                        _Min_Stack_Size = 0x400

.isr_vector     0x08000000      0x1e4
                0x08000000                        . = ALIGN (0x4)
 *(.isr_vector)
 .isr_vector    0x08000000      0x1e4 ./Core/Startup/startup_stm32f103rctx.o
                0x08000000                g_pfnVectors
                0x080001e4                        . = ALIGN (0x4)

.text           0x080001e8     0xe9e4
                0x080001e8                        . = ALIGN (0x4)
 *(.text)
 .text          0x080001e8       0x40 E:/STM32CubeIDE_1.19.0/STM32CubeIDE/plugins/com.st.stm32cube.ide.mcu.externaltools.gnu-tools-for-stm32.13.3.rel1.win32_1.0.0.202411081344/tools/bin/../lib/gcc/arm-none-eabi/13.3.1/thumb/v7-m/nofp/crtbegin.o
 .text          0x08000228       0x14 E:/STM32CubeIDE_1.19.0/STM32CubeIDE/plugins/com.st.stm32cube.ide.mcu.externaltools.gnu-tools-for-stm32.13.3.rel1.win32_1.0.0.202411081344/tools/bin/../lib/gcc/arm-none-eabi/13.3.1/../../../../arm-none-eabi/lib/thumb/v7-m/nofp\libc_nano.a(libc_a-strcmp.o)
                0x08000228                strcmp
 .text          0x0800023c       0x10 E:/STM32CubeIDE_1.19.0/STM32CubeIDE/plugins/com.st.stm32cube.ide.mcu.externaltools.gnu-tools-for-stm32.13.3.rel1.win32_1.0.0.202411081344/tools/bin/../lib/gcc/arm-none-eabi/13.3.1/../../../../arm-none-eabi/lib/thumb/v7-m/nofp\libc_nano.a(libc_a-strlen.o)
                0x0800023c                strlen
 .text          0x0800024c      0x378 E:/STM32CubeIDE_1.19.0/STM32CubeIDE/plugins/com.st.stm32cube.ide.mcu.externaltools.gnu-tools-for-stm32.13.3.rel1.win32_1.0.0.202411081344/tools/bin/../lib/gcc/arm-none-eabi/13.3.1/thumb/v7-m/nofp\libgcc.a(_arm_addsubdf3.o)
                0x0800024c                __aeabi_drsub
                0x08000254                __aeabi_dsub
                0x08000254                __subdf3
                0x08000258                __aeabi_dadd
                0x08000258                __adddf3
                0x080004d0                __floatunsidf
                0x080004d0                __aeabi_ui2d
                0x080004f0                __floatsidf
                0x080004f0                __aeabi_i2d
                0x08000514                __aeabi_f2d
                0x08000514                __extendsfdf2
                0x08000558                __floatundidf
                0x08000558                __aeabi_ul2d
                0x08000568                __floatdidf
                0x08000568                __aeabi_l2d
 .text          0x080005c4      0x424 E:/STM32CubeIDE_1.19.0/STM32CubeIDE/plugins/com.st.stm32cube.ide.mcu.externaltools.gnu-tools-for-stm32.13.3.rel1.win32_1.0.0.202411081344/tools/bin/../lib/gcc/arm-none-eabi/13.3.1/thumb/v7-m/nofp\libgcc.a(_arm_muldivdf3.o)
                0x080005c4                __aeabi_dmul
                0x080005c4                __muldf3
                0x08000818                __divdf3
                0x08000818                __aeabi_ddiv
 .text          0x080009e8      0x110 E:/STM32CubeIDE_1.19.0/STM32CubeIDE/plugins/com.st.stm32cube.ide.mcu.externaltools.gnu-tools-for-stm32.13.3.rel1.win32_1.0.0.202411081344/tools/bin/../lib/gcc/arm-none-eabi/13.3.1/thumb/v7-m/nofp\libgcc.a(_arm_cmpdf2.o)
                0x080009e8                __gtdf2
                0x080009e8                __gedf2
                0x080009f0                __ltdf2
                0x080009f0                __ledf2
                0x080009f8                __nedf2
                0x080009f8                __eqdf2
                0x080009f8                __cmpdf2
                0x08000a74                __aeabi_cdrcmple
                0x08000a84                __aeabi_cdcmpeq
                0x08000a84                __aeabi_cdcmple
                0x08000a94                __aeabi_dcmpeq
                0x08000aa8                __aeabi_dcmplt
                0x08000abc                __aeabi_dcmple
                0x08000ad0                __aeabi_dcmpge
                0x08000ae4                __aeabi_dcmpgt
 .text          0x08000af8       0x2c E:/STM32CubeIDE_1.19.0/STM32CubeIDE/plugins/com.st.stm32cube.ide.mcu.externaltools.gnu-tools-for-stm32.13.3.rel1.win32_1.0.0.202411081344/tools/bin/../lib/gcc/arm-none-eabi/13.3.1/thumb/v7-m/nofp\libgcc.a(_arm_unorddf2.o)
                0x08000af8                __unorddf2
                0x08000af8                __aeabi_dcmpun
 .text          0x08000b24       0x40 E:/STM32CubeIDE_1.19.0/STM32CubeIDE/plugins/com.st.stm32cube.ide.mcu.externaltools.gnu-tools-for-stm32.13.3.rel1.win32_1.0.0.202411081344/tools/bin/../lib/gcc/arm-none-eabi/13.3.1/thumb/v7-m/nofp\libgcc.a(_arm_fixunsdfsi.o)
                0x08000b24                __aeabi_d2uiz
                0x08000b24                __fixunsdfsi
 .text          0x08000b64       0xa0 E:/STM32CubeIDE_1.19.0/STM32CubeIDE/plugins/com.st.stm32cube.ide.mcu.externaltools.gnu-tools-for-stm32.13.3.rel1.win32_1.0.0.202411081344/tools/bin/../lib/gcc/arm-none-eabi/13.3.1/thumb/v7-m/nofp\libgcc.a(_arm_truncdfsf2.o)
                0x08000b64                __truncdfsf2
                0x08000b64                __aeabi_d2f
 .text          0x08000c04      0x21c E:/STM32CubeIDE_1.19.0/STM32CubeIDE/plugins/com.st.stm32cube.ide.mcu.externaltools.gnu-tools-for-stm32.13.3.rel1.win32_1.0.0.202411081344/tools/bin/../lib/gcc/arm-none-eabi/13.3.1/thumb/v7-m/nofp\libgcc.a(_arm_addsubsf3.o)
                0x08000c04                __aeabi_frsub
                0x08000c0c                __subsf3
                0x08000c0c                __aeabi_fsub
                0x08000c10                __aeabi_fadd
                0x08000c10                __addsf3
                0x08000d70                __aeabi_ui2f
                0x08000d70                __floatunsisf
                0x08000d78                __aeabi_i2f
                0x08000d78                __floatsisf
                0x08000d94                __aeabi_ul2f
                0x08000d94                __floatundisf
                0x08000da4                __aeabi_l2f
                0x08000da4                __floatdisf
 .text          0x08000e20      0x2a0 E:/STM32CubeIDE_1.19.0/STM32CubeIDE/plugins/com.st.stm32cube.ide.mcu.externaltools.gnu-tools-for-stm32.13.3.rel1.win32_1.0.0.202411081344/tools/bin/../lib/gcc/arm-none-eabi/13.3.1/thumb/v7-m/nofp\libgcc.a(_arm_muldivsf3.o)
                0x08000e20                __mulsf3
                0x08000e20                __aeabi_fmul
                0x08000f88                __aeabi_fdiv
                0x08000f88                __divsf3
 .text          0x080010c0       0xec E:/STM32CubeIDE_1.19.0/STM32CubeIDE/plugins/com.st.stm32cube.ide.mcu.externaltools.gnu-tools-for-stm32.13.3.rel1.win32_1.0.0.202411081344/tools/bin/../lib/gcc/arm-none-eabi/13.3.1/thumb/v7-m/nofp\libgcc.a(_arm_cmpsf2.o)
                0x080010c0                __gesf2
                0x080010c0                __gtsf2
                0x080010c8                __lesf2
                0x080010c8                __ltsf2
                0x080010d0                __nesf2
                0x080010d0                __eqsf2
                0x080010d0                __cmpsf2
                0x08001130                __aeabi_cfrcmple
                0x08001138                __aeabi_cfcmpeq
                0x08001138                __aeabi_cfcmple
                0x08001148                __aeabi_fcmpeq
                0x0800115c                __aeabi_fcmplt
                0x08001170                __aeabi_fcmple
                0x08001184                __aeabi_fcmpge
                0x08001198                __aeabi_fcmpgt
 .text          0x080011ac       0x2c E:/STM32CubeIDE_1.19.0/STM32CubeIDE/plugins/com.st.stm32cube.ide.mcu.externaltools.gnu-tools-for-stm32.13.3.rel1.win32_1.0.0.202411081344/tools/bin/../lib/gcc/arm-none-eabi/13.3.1/thumb/v7-m/nofp\libgcc.a(_arm_unordsf2.o)
                0x080011ac                __unordsf2
                0x080011ac                __aeabi_fcmpun
 .text          0x080011d8       0x4c E:/STM32CubeIDE_1.19.0/STM32CubeIDE/plugins/com.st.stm32cube.ide.mcu.externaltools.gnu-tools-for-stm32.13.3.rel1.win32_1.0.0.202411081344/tools/bin/../lib/gcc/arm-none-eabi/13.3.1/thumb/v7-m/nofp\libgcc.a(_arm_fixsfsi.o)
                0x080011d8                __aeabi_f2iz
                0x080011d8                __fixsfsi
 .text          0x08001224       0x40 E:/STM32CubeIDE_1.19.0/STM32CubeIDE/plugins/com.st.stm32cube.ide.mcu.externaltools.gnu-tools-for-stm32.13.3.rel1.win32_1.0.0.202411081344/tools/bin/../lib/gcc/arm-none-eabi/13.3.1/thumb/v7-m/nofp\libgcc.a(_arm_fixunssfsi.o)
                0x08001224                __fixunssfsi
                0x08001224                __aeabi_f2uiz
 .text          0x08001264       0x30 E:/STM32CubeIDE_1.19.0/STM32CubeIDE/plugins/com.st.stm32cube.ide.mcu.externaltools.gnu-tools-for-stm32.13.3.rel1.win32_1.0.0.202411081344/tools/bin/../lib/gcc/arm-none-eabi/13.3.1/thumb/v7-m/nofp\libgcc.a(_fixdfdi.o)
                0x08001264                __fixdfdi
                0x08001264                __aeabi_d2lz
 .text          0x08001294       0x3c E:/STM32CubeIDE_1.19.0/STM32CubeIDE/plugins/com.st.stm32cube.ide.mcu.externaltools.gnu-tools-for-stm32.13.3.rel1.win32_1.0.0.202411081344/tools/bin/../lib/gcc/arm-none-eabi/13.3.1/thumb/v7-m/nofp\libgcc.a(_fixunsdfdi.o)
                0x08001294                __fixunsdfdi
                0x08001294                __aeabi_d2ulz
 *(.text*)
 .text.AT24CXX_Init
                0x080012d0        0xc ./Core/Src/24cxx.o
                0x080012d0                AT24CXX_Init
 .text.AT24CXX_ReadOneByte
                0x080012dc       0x60 ./Core/Src/24cxx.o
                0x080012dc                AT24CXX_ReadOneByte
 .text.AT24CXX_WriteOneByte
                0x0800133c       0x5a ./Core/Src/24cxx.o
                0x0800133c                AT24CXX_WriteOneByte
 .text.AT24CXX_Read
                0x08001396       0x3e ./Core/Src/24cxx.o
                0x08001396                AT24CXX_Read
 .text.AT24CXX_Write
                0x080013d4       0x40 ./Core/Src/24cxx.o
                0x080013d4                AT24CXX_Write
 .text.CT_Delay
                0x08001414        0xe ./Core/Src/ctiic.o
                0x08001414                CT_Delay
 *fill*         0x08001422        0x2 
 .text.CT_IIC_Init
                0x08001424       0x60 ./Core/Src/ctiic.o
                0x08001424                CT_IIC_Init
 .text.CT_IIC_Start
                0x08001484       0x50 ./Core/Src/ctiic.o
                0x08001484                CT_IIC_Start
 .text.CT_IIC_Stop
                0x080014d4       0x48 ./Core/Src/ctiic.o
                0x080014d4                CT_IIC_Stop
 .text.CT_IIC_Wait_Ack
                0x0800151c       0x74 ./Core/Src/ctiic.o
                0x0800151c                CT_IIC_Wait_Ack
 .text.CT_IIC_Ack
                0x08001590       0x50 ./Core/Src/ctiic.o
                0x08001590                CT_IIC_Ack
 .text.CT_IIC_NAck
                0x080015e0       0x50 ./Core/Src/ctiic.o
                0x080015e0                CT_IIC_NAck
 .text.CT_IIC_Send_Byte
                0x08001630       0x78 ./Core/Src/ctiic.o
                0x08001630                CT_IIC_Send_Byte
 .text.CT_IIC_Read_Byte
                0x080016a8       0x88 ./Core/Src/ctiic.o
                0x080016a8                CT_IIC_Read_Byte
 .text.delay_init
                0x08001730       0x24 ./Core/Src/delay.o
                0x08001730                delay_init
 .text.delay_us
                0x08001754       0x7c ./Core/Src/delay.o
                0x08001754                delay_us
 .text.delay_ms
                0x080017d0       0x30 ./Core/Src/delay.o
                0x080017d0                delay_ms
 .text.FT5206_WR_Reg
                0x08001800       0x72 ./Core/Src/ft5206.o
                0x08001800                FT5206_WR_Reg
 .text.FT5206_RD_Reg
                0x08001872       0x7c ./Core/Src/ft5206.o
                0x08001872                FT5206_RD_Reg
 *fill*         0x080018ee        0x2 
 .text.FT5206_Init
                0x080018f0       0xf4 ./Core/Src/ft5206.o
                0x080018f0                FT5206_Init
 .text.FT5206_Scan
                0x080019e4      0x22c ./Core/Src/ft5206.o
                0x080019e4                FT5206_Scan
 .text.GT9147_Send_Cfg
                0x08001c10       0x68 ./Core/Src/gt9147.o
                0x08001c10                GT9147_Send_Cfg
 .text.GT9147_WR_Reg
                0x08001c78       0x84 ./Core/Src/gt9147.o
                0x08001c78                GT9147_WR_Reg
 .text.GT9147_RD_Reg
                0x08001cfc       0x8e ./Core/Src/gt9147.o
                0x08001cfc                GT9147_RD_Reg
 *fill*         0x08001d8a        0x2 
 .text.GT9147_Init
                0x08001d8c      0x138 ./Core/Src/gt9147.o
                0x08001d8c                GT9147_Init
 .text.GT9147_Scan
                0x08001ec4      0x268 ./Core/Src/gt9147.o
                0x08001ec4                GT9147_Scan
 .text.KEY_Init
                0x0800212c       0x90 ./Core/Src/key.o
                0x0800212c                KEY_Init
 .text.KEY_Scan
                0x080021bc       0xdc ./Core/Src/key.o
                0x080021bc                KEY_Scan
 .text.LCD_WR_REG
                0x08002298       0x48 ./Core/Src/lcd.o
                0x08002298                LCD_WR_REG
 .text.LCD_WR_DATAX
                0x080022e0       0x48 ./Core/Src/lcd.o
                0x080022e0                LCD_WR_DATAX
 .text.opt_delay
                0x08002328       0x22 ./Core/Src/lcd.o
                0x08002328                opt_delay
 *fill*         0x0800234a        0x2 
 .text.LCD_RD_DATA
                0x0800234c       0x78 ./Core/Src/lcd.o
                0x0800234c                LCD_RD_DATA
 .text.LCD_WriteReg
                0x080023c4       0x54 ./Core/Src/lcd.o
                0x080023c4                LCD_WriteReg
 .text.LCD_WriteRAM_Prepare
                0x08002418       0x18 ./Core/Src/lcd.o
                0x08002418                LCD_WriteRAM_Prepare
 .text.LCD_SetCursor
                0x08002430      0x454 ./Core/Src/lcd.o
                0x08002430                LCD_SetCursor
 .text.LCD_Scan_Dir
                0x08002884      0x528 ./Core/Src/lcd.o
                0x08002884                LCD_Scan_Dir
 .text.LCD_DrawPoint
                0x08002dac       0x60 ./Core/Src/lcd.o
                0x08002dac                LCD_DrawPoint
 .text.LCD_Fast_DrawPoint
                0x08002e0c      0x3f4 ./Core/Src/lcd.o
                0x08002e0c                LCD_Fast_DrawPoint
 .text.LCD_SSD_BackLightSet
                0x08003200      0x148 ./Core/Src/lcd.o
                0x08003200                LCD_SSD_BackLightSet
 .text.LCD_Display_Dir
                0x08003348      0x170 ./Core/Src/lcd.o
                0x08003348                LCD_Display_Dir
 .text.LCD_Init
                0x080034b8     0x2c24 ./Core/Src/lcd.o
                0x080034b8                LCD_Init
 .text.LCD_Clear
                0x080060dc       0x84 ./Core/Src/lcd.o
                0x080060dc                LCD_Clear
 .text.LCD_Fill
                0x08006160       0xa4 ./Core/Src/lcd.o
                0x08006160                LCD_Fill
 .text.LCD_DrawLine
                0x08006204      0x108 ./Core/Src/lcd.o
                0x08006204                LCD_DrawLine
 .text.LCD_DrawRectangle
                0x0800630c       0x56 ./Core/Src/lcd.o
                0x0800630c                LCD_DrawRectangle
 .text.LCD_Draw_Circle
                0x08006362      0x13a ./Core/Src/lcd.o
                0x08006362                LCD_Draw_Circle
 .text.LCD_ShowChar
                0x0800649c      0x15c ./Core/Src/lcd.o
                0x0800649c                LCD_ShowChar
 .text.LCD_Pow  0x080065f8       0x36 ./Core/Src/lcd.o
                0x080065f8                LCD_Pow
 *fill*         0x0800662e        0x2 
 .text.LCD_ShowNum
                0x08006630       0xe4 ./Core/Src/lcd.o
                0x08006630                LCD_ShowNum
 .text.LCD_ShowString
                0x08006714       0x9a ./Core/Src/lcd.o
                0x08006714                LCD_ShowString
 *fill*         0x080067ae        0x2 
 .text.Load_Drow_Dialog
                0x080067b0       0x48 ./Core/Src/main.o
                0x080067b0                Load_Drow_Dialog
 .text.screen_print
                0x080067f8       0x98 ./Core/Src/main.o
                0x080067f8                screen_print
 .text.main     0x08006890       0x4c ./Core/Src/main.o
                0x08006890                main
 .text.SystemClock_Config
                0x080068dc       0x8a ./Core/Src/main.o
                0x080068dc                SystemClock_Config
 *fill*         0x08006966        0x2 
 .text.MX_SPI1_Init
                0x08006968       0x6c ./Core/Src/main.o
 .text.MX_USART1_UART_Init
                0x080069d4       0x54 ./Core/Src/main.o
 .text.MX_USART2_UART_Init
                0x08006a28       0x54 ./Core/Src/main.o
 .text.MX_GPIO_Init
                0x08006a7c       0x6c ./Core/Src/main.o
 .text.Error_Handler
                0x08006ae8        0xc ./Core/Src/main.o
                0x08006ae8                Error_Handler
 .text.IIC_Init
                0x08006af4       0x60 ./Core/Src/myiic.o
                0x08006af4                IIC_Init
 .text.IIC_Start
                0x08006b54       0x50 ./Core/Src/myiic.o
                0x08006b54                IIC_Start
 .text.IIC_Stop
                0x08006ba4       0x50 ./Core/Src/myiic.o
                0x08006ba4                IIC_Stop
 .text.IIC_Wait_Ack
                0x08006bf4       0x78 ./Core/Src/myiic.o
                0x08006bf4                IIC_Wait_Ack
 .text.IIC_Ack  0x08006c6c       0x50 ./Core/Src/myiic.o
                0x08006c6c                IIC_Ack
 .text.IIC_NAck
                0x08006cbc       0x50 ./Core/Src/myiic.o
                0x08006cbc                IIC_NAck
 .text.IIC_Send_Byte
                0x08006d0c       0x80 ./Core/Src/myiic.o
                0x08006d0c                IIC_Send_Byte
 .text.IIC_Read_Byte
                0x08006d8c       0x8c ./Core/Src/myiic.o
                0x08006d8c                IIC_Read_Byte
 .text.OTT2001A_WR_Reg
                0x08006e18       0x84 ./Core/Src/ott2001a.o
                0x08006e18                OTT2001A_WR_Reg
 .text.OTT2001A_RD_Reg
                0x08006e9c       0x8e ./Core/Src/ott2001a.o
                0x08006e9c                OTT2001A_RD_Reg
 .text.OTT2001A_SensorControl
                0x08006f2a       0x30 ./Core/Src/ott2001a.o
                0x08006f2a                OTT2001A_SensorControl
 *fill*         0x08006f5a        0x2 
 .text.OTT2001A_Init
                0x08006f5c       0xb0 ./Core/Src/ott2001a.o
                0x08006f5c                OTT2001A_Init
 *fill*         0x0800700c        0x4 
 .text.OTT2001A_Scan
                0x08007010      0x254 ./Core/Src/ott2001a.o
                0x08007010                OTT2001A_Scan
 .text.pixel_to_meter
                0x08007264       0x78 ./Core/Src/route_planning.o
 .text.RoutePlanning_Init
                0x080072dc       0x20 ./Core/Src/route_planning.o
                0x080072dc                RoutePlanning_Init
 .text.RoutePlanning_AddPoint
                0x080072fc      0x144 ./Core/Src/route_planning.o
                0x080072fc                RoutePlanning_AddPoint
 .text.angle_rad
                0x08007440       0x44 ./Core/Src/route_planning.o
 .text.rad2deg  0x08007484       0x20 ./Core/Src/route_planning.o
 .text.RoutePlanning_FitByAngle
                0x080074a4      0x164 ./Core/Src/route_planning.o
                0x080074a4                RoutePlanning_FitByAngle
 .text.RoutePlanning_Clear
                0x08007608       0x20 ./Core/Src/route_planning.o
                0x08007608                RoutePlanning_Clear
 .text.RoutePlanning_Execute
                0x08007628      0x244 ./Core/Src/route_planning.o
                0x08007628                RoutePlanning_Execute
 .text.IR_MapToCanvas
                0x0800786c       0xc4 ./Core/Src/screen.o
 .text.IR_UartPollAndParse
                0x08007930      0x170 ./Core/Src/screen.o
 .text.Display_InfraFollow
                0x08007aa0       0xb0 ./Core/Src/screen.o
 .text.InfraFollow_Handle
                0x08007b50        0xc ./Core/Src/screen.o
 .text.rtp_test
                0x08007b5c      0x328 ./Core/Src/screen.o
                0x08007b5c                rtp_test
 .text.Display_ConnectionStatus
                0x08007e84       0x68 ./Core/Src/screen.o
                0x08007e84                Display_ConnectionStatus
 .text.Display_ShowMainMenu
                0x08007eec      0x130 ./Core/Src/screen.o
                0x08007eec                Display_ShowMainMenu
 .text.Display_ShowSubMenu
                0x0800801c       0x44 ./Core/Src/screen.o
                0x0800801c                Display_ShowSubMenu
 .text.Display_RoutePlanning
                0x08008060       0xb0 ./Core/Src/screen.o
                0x08008060                Display_RoutePlanning
 .text.HAL_MspInit
                0x08008110       0x64 ./Core/Src/stm32f1xx_hal_msp.o
                0x08008110                HAL_MspInit
 .text.HAL_SPI_MspInit
                0x08008174       0x94 ./Core/Src/stm32f1xx_hal_msp.o
                0x08008174                HAL_SPI_MspInit
 .text.HAL_UART_MspInit
                0x08008208      0x118 ./Core/Src/stm32f1xx_hal_msp.o
                0x08008208                HAL_UART_MspInit
 .text.NMI_Handler
                0x08008320        0x8 ./Core/Src/stm32f1xx_it.o
                0x08008320                NMI_Handler
 .text.HardFault_Handler
                0x08008328        0x8 ./Core/Src/stm32f1xx_it.o
                0x08008328                HardFault_Handler
 .text.MemManage_Handler
                0x08008330        0x8 ./Core/Src/stm32f1xx_it.o
                0x08008330                MemManage_Handler
 .text.BusFault_Handler
                0x08008338        0x8 ./Core/Src/stm32f1xx_it.o
                0x08008338                BusFault_Handler
 .text.UsageFault_Handler
                0x08008340        0x8 ./Core/Src/stm32f1xx_it.o
                0x08008340                UsageFault_Handler
 .text.SVC_Handler
                0x08008348        0xc ./Core/Src/stm32f1xx_it.o
                0x08008348                SVC_Handler
 .text.DebugMon_Handler
                0x08008354        0xc ./Core/Src/stm32f1xx_it.o
                0x08008354                DebugMon_Handler
 .text.PendSV_Handler
                0x08008360        0xc ./Core/Src/stm32f1xx_it.o
                0x08008360                PendSV_Handler
 .text.SysTick_Handler
                0x0800836c        0xc ./Core/Src/stm32f1xx_it.o
                0x0800836c                SysTick_Handler
 .text.USART2_IRQHandler
                0x08008378       0x14 ./Core/Src/stm32f1xx_it.o
                0x08008378                USART2_IRQHandler
 .text.Stm32_Clock_Init
                0x0800838c       0x82 ./Core/Src/sys.o
                0x0800838c                Stm32_Clock_Init
 .text._getpid  0x0800840e        0xe ./Core/Src/syscalls.o
                0x0800840e                _getpid
 .text._kill    0x0800841c       0x20 ./Core/Src/syscalls.o
                0x0800841c                _kill
 .text._exit    0x0800843c       0x16 ./Core/Src/syscalls.o
                0x0800843c                _exit
 .text._read    0x08008452       0x3a ./Core/Src/syscalls.o
                0x08008452                _read
 .text._write   0x0800848c       0x38 ./Core/Src/syscalls.o
                0x0800848c                _write
 .text._close   0x080084c4       0x16 ./Core/Src/syscalls.o
                0x080084c4                _close
 .text._fstat   0x080084da       0x1e ./Core/Src/syscalls.o
                0x080084da                _fstat
 .text._isatty  0x080084f8       0x14 ./Core/Src/syscalls.o
                0x080084f8                _isatty
 .text._lseek   0x0800850c       0x18 ./Core/Src/syscalls.o
                0x0800850c                _lseek
 .text._sbrk    0x08008524       0x6c ./Core/Src/sysmem.o
                0x08008524                _sbrk
 .text.SystemInit
                0x08008590        0xc ./Core/Src/system_stm32f1xx.o
                0x08008590                SystemInit
 .text.TP_Write_Byte
                0x0800859c       0x60 ./Core/Src/touch.o
                0x0800859c                TP_Write_Byte
 .text.TP_Read_AD
                0x080085fc       0xb0 ./Core/Src/touch.o
                0x080085fc                TP_Read_AD
 .text.TP_Read_XOY
                0x080086ac       0xf4 ./Core/Src/touch.o
                0x080086ac                TP_Read_XOY
 .text.TP_Read_XY
                0x080087a0       0x44 ./Core/Src/touch.o
                0x080087a0                TP_Read_XY
 .text.TP_Read_XY2
                0x080087e4       0xc4 ./Core/Src/touch.o
                0x080087e4                TP_Read_XY2
 .text.TP_Drow_Touch_Point
                0x080088a8       0xa8 ./Core/Src/touch.o
                0x080088a8                TP_Drow_Touch_Point
 .text.TP_Draw_Big_Point
                0x08008950       0x64 ./Core/Src/touch.o
                0x08008950                TP_Draw_Big_Point
 .text.TP_Scan  0x080089b4      0x13c ./Core/Src/touch.o
                0x080089b4                TP_Scan
 .text.TP_Save_Adjdata
                0x08008af0       0x20 ./Core/Src/touch.o
                0x08008af0                TP_Save_Adjdata
 .text.TP_Get_Adjdata
                0x08008b10       0x64 ./Core/Src/touch.o
                0x08008b10                TP_Get_Adjdata
 .text.TP_Adj_Info_Show
                0x08008b74      0x1c4 ./Core/Src/touch.o
                0x08008b74                TP_Adj_Info_Show
 .text.TP_Adjust
                0x08008d38      0x878 ./Core/Src/touch.o
                0x08008d38                TP_Adjust
 .text.TP_Init  0x080095b0      0x154 ./Core/Src/touch.o
                0x080095b0                TP_Init
 .text.Reset_Handler
                0x08009704       0x48 ./Core/Startup/startup_stm32f103rctx.o
                0x08009704                Reset_Handler
 .text.Default_Handler
                0x0800974c        0x2 ./Core/Startup/startup_stm32f103rctx.o
                0x0800974c                RTC_Alarm_IRQHandler
                0x0800974c                EXTI2_IRQHandler
                0x0800974c                TIM8_TRG_COM_IRQHandler
                0x0800974c                TIM8_CC_IRQHandler
                0x0800974c                TIM1_CC_IRQHandler
                0x0800974c                TIM6_IRQHandler
                0x0800974c                PVD_IRQHandler
                0x0800974c                SDIO_IRQHandler
                0x0800974c                EXTI3_IRQHandler
                0x0800974c                EXTI0_IRQHandler
                0x0800974c                I2C2_EV_IRQHandler
                0x0800974c                ADC1_2_IRQHandler
                0x0800974c                SPI1_IRQHandler
                0x0800974c                TAMPER_IRQHandler
                0x0800974c                TIM8_UP_IRQHandler
                0x0800974c                DMA2_Channel2_IRQHandler
                0x0800974c                DMA1_Channel4_IRQHandler
                0x0800974c                USART3_IRQHandler
                0x0800974c                RTC_IRQHandler
                0x0800974c                DMA1_Channel7_IRQHandler
                0x0800974c                CAN1_RX1_IRQHandler
                0x0800974c                UART5_IRQHandler
                0x0800974c                ADC3_IRQHandler
                0x0800974c                TIM4_IRQHandler
                0x0800974c                DMA2_Channel1_IRQHandler
                0x0800974c                I2C1_EV_IRQHandler
                0x0800974c                DMA1_Channel6_IRQHandler
                0x0800974c                UART4_IRQHandler
                0x0800974c                TIM3_IRQHandler
                0x0800974c                RCC_IRQHandler
                0x0800974c                TIM1_TRG_COM_IRQHandler
                0x0800974c                DMA1_Channel1_IRQHandler
                0x0800974c                Default_Handler
                0x0800974c                EXTI15_10_IRQHandler
                0x0800974c                TIM7_IRQHandler
                0x0800974c                TIM5_IRQHandler
                0x0800974c                EXTI9_5_IRQHandler
                0x0800974c                SPI2_IRQHandler
                0x0800974c                DMA1_Channel5_IRQHandler
                0x0800974c                EXTI4_IRQHandler
                0x0800974c                USB_LP_CAN1_RX0_IRQHandler
                0x0800974c                USB_HP_CAN1_TX_IRQHandler
                0x0800974c                DMA1_Channel3_IRQHandler
                0x0800974c                FSMC_IRQHandler
                0x0800974c                TIM1_UP_IRQHandler
                0x0800974c                WWDG_IRQHandler
                0x0800974c                TIM2_IRQHandler
                0x0800974c                TIM1_BRK_IRQHandler
                0x0800974c                EXTI1_IRQHandler
                0x0800974c                DMA2_Channel4_5_IRQHandler
                0x0800974c                I2C2_ER_IRQHandler
                0x0800974c                DMA1_Channel2_IRQHandler
                0x0800974c                TIM8_BRK_IRQHandler
                0x0800974c                CAN1_SCE_IRQHandler
                0x0800974c                FLASH_IRQHandler
                0x0800974c                USART1_IRQHandler
                0x0800974c                SPI3_IRQHandler
                0x0800974c                I2C1_ER_IRQHandler
                0x0800974c                USBWakeUp_IRQHandler
                0x0800974c                DMA2_Channel3_IRQHandler
 *fill*         0x0800974e        0x2 
 .text.HAL_Init
                0x08009750       0x2c ./Drivers/STM32F1xx_HAL_Driver/Src/stm32f1xx_hal.o
                0x08009750                HAL_Init
 .text.HAL_InitTick
                0x0800977c       0x60 ./Drivers/STM32F1xx_HAL_Driver/Src/stm32f1xx_hal.o
                0x0800977c                HAL_InitTick
 .text.HAL_IncTick
                0x080097dc       0x24 ./Drivers/STM32F1xx_HAL_Driver/Src/stm32f1xx_hal.o
                0x080097dc                HAL_IncTick
 .text.HAL_GetTick
                0x08009800       0x14 ./Drivers/STM32F1xx_HAL_Driver/Src/stm32f1xx_hal.o
                0x08009800                HAL_GetTick
 .text.HAL_Delay
                0x08009814       0x48 ./Drivers/STM32F1xx_HAL_Driver/Src/stm32f1xx_hal.o
                0x08009814                HAL_Delay
 .text.__NVIC_SetPriorityGrouping
                0x0800985c       0x48 ./Drivers/STM32F1xx_HAL_Driver/Src/stm32f1xx_hal_cortex.o
 .text.__NVIC_GetPriorityGrouping
                0x080098a4       0x1c ./Drivers/STM32F1xx_HAL_Driver/Src/stm32f1xx_hal_cortex.o
 .text.__NVIC_EnableIRQ
                0x080098c0       0x38 ./Drivers/STM32F1xx_HAL_Driver/Src/stm32f1xx_hal_cortex.o
 .text.__NVIC_SetPriority
                0x080098f8       0x54 ./Drivers/STM32F1xx_HAL_Driver/Src/stm32f1xx_hal_cortex.o
 .text.NVIC_EncodePriority
                0x0800994c       0x64 ./Drivers/STM32F1xx_HAL_Driver/Src/stm32f1xx_hal_cortex.o
 .text.SysTick_Config
                0x080099b0       0x44 ./Drivers/STM32F1xx_HAL_Driver/Src/stm32f1xx_hal_cortex.o
 .text.HAL_NVIC_SetPriorityGrouping
                0x080099f4       0x16 ./Drivers/STM32F1xx_HAL_Driver/Src/stm32f1xx_hal_cortex.o
                0x080099f4                HAL_NVIC_SetPriorityGrouping
 .text.HAL_NVIC_SetPriority
                0x08009a0a       0x38 ./Drivers/STM32F1xx_HAL_Driver/Src/stm32f1xx_hal_cortex.o
                0x08009a0a                HAL_NVIC_SetPriority
 .text.HAL_NVIC_EnableIRQ
                0x08009a42       0x1c ./Drivers/STM32F1xx_HAL_Driver/Src/stm32f1xx_hal_cortex.o
                0x08009a42                HAL_NVIC_EnableIRQ
 .text.HAL_SYSTICK_Config
                0x08009a5e       0x18 ./Drivers/STM32F1xx_HAL_Driver/Src/stm32f1xx_hal_cortex.o
                0x08009a5e                HAL_SYSTICK_Config
 *fill*         0x08009a76        0x2 
 .text.HAL_SYSTICK_CLKSourceConfig
                0x08009a78       0x38 ./Drivers/STM32F1xx_HAL_Driver/Src/stm32f1xx_hal_cortex.o
                0x08009a78                HAL_SYSTICK_CLKSourceConfig
 .text.HAL_DMA_Abort
                0x08009ab0       0x76 ./Drivers/STM32F1xx_HAL_Driver/Src/stm32f1xx_hal_dma.o
                0x08009ab0                HAL_DMA_Abort
 *fill*         0x08009b26        0x2 
 .text.HAL_DMA_Abort_IT
                0x08009b28      0x210 ./Drivers/STM32F1xx_HAL_Driver/Src/stm32f1xx_hal_dma.o
                0x08009b28                HAL_DMA_Abort_IT
 .text.HAL_GPIO_Init
                0x08009d38      0x328 ./Drivers/STM32F1xx_HAL_Driver/Src/stm32f1xx_hal_gpio.o
                0x08009d38                HAL_GPIO_Init
 .text.HAL_GPIO_ReadPin
                0x0800a060       0x2e ./Drivers/STM32F1xx_HAL_Driver/Src/stm32f1xx_hal_gpio.o
                0x0800a060                HAL_GPIO_ReadPin
 *fill*         0x0800a08e        0x2 
 .text.HAL_RCC_OscConfig
                0x0800a090      0x504 ./Drivers/STM32F1xx_HAL_Driver/Src/stm32f1xx_hal_rcc.o
                0x0800a090                HAL_RCC_OscConfig
 .text.HAL_RCC_ClockConfig
                0x0800a594      0x1d4 ./Drivers/STM32F1xx_HAL_Driver/Src/stm32f1xx_hal_rcc.o
                0x0800a594                HAL_RCC_ClockConfig
 .text.HAL_RCC_GetSysClockFreq
                0x0800a768       0xa8 ./Drivers/STM32F1xx_HAL_Driver/Src/stm32f1xx_hal_rcc.o
                0x0800a768                HAL_RCC_GetSysClockFreq
 .text.HAL_RCC_GetHCLKFreq
                0x0800a810       0x14 ./Drivers/STM32F1xx_HAL_Driver/Src/stm32f1xx_hal_rcc.o
                0x0800a810                HAL_RCC_GetHCLKFreq
 .text.HAL_RCC_GetPCLK1Freq
                0x0800a824       0x28 ./Drivers/STM32F1xx_HAL_Driver/Src/stm32f1xx_hal_rcc.o
                0x0800a824                HAL_RCC_GetPCLK1Freq
 .text.HAL_RCC_GetPCLK2Freq
                0x0800a84c       0x28 ./Drivers/STM32F1xx_HAL_Driver/Src/stm32f1xx_hal_rcc.o
                0x0800a84c                HAL_RCC_GetPCLK2Freq
 .text.RCC_Delay
                0x0800a874       0x3c ./Drivers/STM32F1xx_HAL_Driver/Src/stm32f1xx_hal_rcc.o
 .text.HAL_SPI_Init
                0x0800a8b0      0x108 ./Drivers/STM32F1xx_HAL_Driver/Src/stm32f1xx_hal_spi.o
                0x0800a8b0                HAL_SPI_Init
 .text.HAL_UART_Init
                0x0800a9b8       0xa0 ./Drivers/STM32F1xx_HAL_Driver/Src/stm32f1xx_hal_uart.o
                0x0800a9b8                HAL_UART_Init
 .text.HAL_UART_Transmit
                0x0800aa58      0x116 ./Drivers/STM32F1xx_HAL_Driver/Src/stm32f1xx_hal_uart.o
                0x0800aa58                HAL_UART_Transmit
 *fill*         0x0800ab6e        0x2 
 .text.HAL_UART_IRQHandler
                0x0800ab70      0x524 ./Drivers/STM32F1xx_HAL_Driver/Src/stm32f1xx_hal_uart.o
                0x0800ab70                HAL_UART_IRQHandler
 .text.HAL_UART_TxCpltCallback
                0x0800b094       0x12 ./Drivers/STM32F1xx_HAL_Driver/Src/stm32f1xx_hal_uart.o
                0x0800b094                HAL_UART_TxCpltCallback
 .text.HAL_UART_RxCpltCallback
                0x0800b0a6       0x12 ./Drivers/STM32F1xx_HAL_Driver/Src/stm32f1xx_hal_uart.o
                0x0800b0a6                HAL_UART_RxCpltCallback
 .text.HAL_UART_ErrorCallback
                0x0800b0b8       0x12 ./Drivers/STM32F1xx_HAL_Driver/Src/stm32f1xx_hal_uart.o
                0x0800b0b8                HAL_UART_ErrorCallback
 .text.HAL_UARTEx_RxEventCallback
                0x0800b0ca       0x16 ./Drivers/STM32F1xx_HAL_Driver/Src/stm32f1xx_hal_uart.o
                0x0800b0ca                HAL_UARTEx_RxEventCallback
 .text.UART_WaitOnFlagUntilTimeout
                0x0800b0e0       0xb2 ./Drivers/STM32F1xx_HAL_Driver/Src/stm32f1xx_hal_uart.o
 .text.UART_EndRxTransfer
                0x0800b192       0xc4 ./Drivers/STM32F1xx_HAL_Driver/Src/stm32f1xx_hal_uart.o
 .text.UART_DMAAbortOnError
                0x0800b256       0x28 ./Drivers/STM32F1xx_HAL_Driver/Src/stm32f1xx_hal_uart.o
 .text.UART_Transmit_IT
                0x0800b27e       0x9e ./Drivers/STM32F1xx_HAL_Driver/Src/stm32f1xx_hal_uart.o
 .text.UART_EndTransmit_IT
                0x0800b31c       0x30 ./Drivers/STM32F1xx_HAL_Driver/Src/stm32f1xx_hal_uart.o
 .text.UART_Receive_IT
                0x0800b34c      0x17c ./Drivers/STM32F1xx_HAL_Driver/Src/stm32f1xx_hal_uart.o
 .text.UART_SetConfig
                0x0800b4c8      0x11c ./Drivers/STM32F1xx_HAL_Driver/Src/stm32f1xx_hal_uart.o
 .text.atof     0x0800b5e4        0x6 E:/STM32CubeIDE_1.19.0/STM32CubeIDE/plugins/com.st.stm32cube.ide.mcu.externaltools.gnu-tools-for-stm32.13.3.rel1.win32_1.0.0.202411081344/tools/bin/../lib/gcc/arm-none-eabi/13.3.1/../../../../arm-none-eabi/lib/thumb/v7-m/nofp\libc_nano.a(libc_a-atof.o)
                0x0800b5e4                atof
 .text.sulp     0x0800b5ea       0x42 E:/STM32CubeIDE_1.19.0/STM32CubeIDE/plugins/com.st.stm32cube.ide.mcu.externaltools.gnu-tools-for-stm32.13.3.rel1.win32_1.0.0.202411081344/tools/bin/../lib/gcc/arm-none-eabi/13.3.1/../../../../arm-none-eabi/lib/thumb/v7-m/nofp\libc_nano.a(libc_a-strtod.o)
 *fill*         0x0800b62c        0x4 
 .text._strtod_l
                0x0800b630      0xbb0 E:/STM32CubeIDE_1.19.0/STM32CubeIDE/plugins/com.st.stm32cube.ide.mcu.externaltools.gnu-tools-for-stm32.13.3.rel1.win32_1.0.0.202411081344/tools/bin/../lib/gcc/arm-none-eabi/13.3.1/../../../../arm-none-eabi/lib/thumb/v7-m/nofp\libc_nano.a(libc_a-strtod.o)
                0x0800b630                _strtod_l
 .text.strtod   0x0800c1e0       0x18 E:/STM32CubeIDE_1.19.0/STM32CubeIDE/plugins/com.st.stm32cube.ide.mcu.externaltools.gnu-tools-for-stm32.13.3.rel1.win32_1.0.0.202411081344/tools/bin/../lib/gcc/arm-none-eabi/13.3.1/../../../../arm-none-eabi/lib/thumb/v7-m/nofp\libc_nano.a(libc_a-strtod.o)
                0x0800c1e0                strtod
 .text.std      0x0800c1f8       0x6c E:/STM32CubeIDE_1.19.0/STM32CubeIDE/plugins/com.st.stm32cube.ide.mcu.externaltools.gnu-tools-for-stm32.13.3.rel1.win32_1.0.0.202411081344/tools/bin/../lib/gcc/arm-none-eabi/13.3.1/../../../../arm-none-eabi/lib/thumb/v7-m/nofp\libc_nano.a(libc_a-findfp.o)
 .text.stdio_exit_handler
                0x0800c264       0x18 E:/STM32CubeIDE_1.19.0/STM32CubeIDE/plugins/com.st.stm32cube.ide.mcu.externaltools.gnu-tools-for-stm32.13.3.rel1.win32_1.0.0.202411081344/tools/bin/../lib/gcc/arm-none-eabi/13.3.1/../../../../arm-none-eabi/lib/thumb/v7-m/nofp\libc_nano.a(libc_a-findfp.o)
 .text.cleanup_stdio
                0x0800c27c       0x40 E:/STM32CubeIDE_1.19.0/STM32CubeIDE/plugins/com.st.stm32cube.ide.mcu.externaltools.gnu-tools-for-stm32.13.3.rel1.win32_1.0.0.202411081344/tools/bin/../lib/gcc/arm-none-eabi/13.3.1/../../../../arm-none-eabi/lib/thumb/v7-m/nofp\libc_nano.a(libc_a-findfp.o)
 .text.global_stdio_init.part.0
                0x0800c2bc       0x3c E:/STM32CubeIDE_1.19.0/STM32CubeIDE/plugins/com.st.stm32cube.ide.mcu.externaltools.gnu-tools-for-stm32.13.3.rel1.win32_1.0.0.202411081344/tools/bin/../lib/gcc/arm-none-eabi/13.3.1/../../../../arm-none-eabi/lib/thumb/v7-m/nofp\libc_nano.a(libc_a-findfp.o)
 .text.__sfp_lock_acquire
                0x0800c2f8        0xc E:/STM32CubeIDE_1.19.0/STM32CubeIDE/plugins/com.st.stm32cube.ide.mcu.externaltools.gnu-tools-for-stm32.13.3.rel1.win32_1.0.0.202411081344/tools/bin/../lib/gcc/arm-none-eabi/13.3.1/../../../../arm-none-eabi/lib/thumb/v7-m/nofp\libc_nano.a(libc_a-findfp.o)
                0x0800c2f8                __sfp_lock_acquire
 .text.__sfp_lock_release
                0x0800c304        0xc E:/STM32CubeIDE_1.19.0/STM32CubeIDE/plugins/com.st.stm32cube.ide.mcu.externaltools.gnu-tools-for-stm32.13.3.rel1.win32_1.0.0.202411081344/tools/bin/../lib/gcc/arm-none-eabi/13.3.1/../../../../arm-none-eabi/lib/thumb/v7-m/nofp\libc_nano.a(libc_a-findfp.o)
                0x0800c304                __sfp_lock_release
 .text.__sinit  0x0800c310       0x30 E:/STM32CubeIDE_1.19.0/STM32CubeIDE/plugins/com.st.stm32cube.ide.mcu.externaltools.gnu-tools-for-stm32.13.3.rel1.win32_1.0.0.202411081344/tools/bin/../lib/gcc/arm-none-eabi/13.3.1/../../../../arm-none-eabi/lib/thumb/v7-m/nofp\libc_nano.a(libc_a-findfp.o)
                0x0800c310                __sinit
 .text._fwalk_sglue
                0x0800c340       0x3c E:/STM32CubeIDE_1.19.0/STM32CubeIDE/plugins/com.st.stm32cube.ide.mcu.externaltools.gnu-tools-for-stm32.13.3.rel1.win32_1.0.0.202411081344/tools/bin/../lib/gcc/arm-none-eabi/13.3.1/../../../../arm-none-eabi/lib/thumb/v7-m/nofp\libc_nano.a(libc_a-fwalk.o)
                0x0800c340                _fwalk_sglue
 .text.printf   0x0800c37c       0x24 E:/STM32CubeIDE_1.19.0/STM32CubeIDE/plugins/com.st.stm32cube.ide.mcu.externaltools.gnu-tools-for-stm32.13.3.rel1.win32_1.0.0.202411081344/tools/bin/../lib/gcc/arm-none-eabi/13.3.1/../../../../arm-none-eabi/lib/thumb/v7-m/nofp\libc_nano.a(libc_a-printf.o)
                0x0800c37c                iprintf
                0x0800c37c                printf
 .text.sprintf  0x0800c3a0       0x44 E:/STM32CubeIDE_1.19.0/STM32CubeIDE/plugins/com.st.stm32cube.ide.mcu.externaltools.gnu-tools-for-stm32.13.3.rel1.win32_1.0.0.202411081344/tools/bin/../lib/gcc/arm-none-eabi/13.3.1/../../../../arm-none-eabi/lib/thumb/v7-m/nofp\libc_nano.a(libc_a-sprintf.o)
                0x0800c3a0                siprintf
                0x0800c3a0                sprintf
 .text.__sread  0x0800c3e4       0x22 E:/STM32CubeIDE_1.19.0/STM32CubeIDE/plugins/com.st.stm32cube.ide.mcu.externaltools.gnu-tools-for-stm32.13.3.rel1.win32_1.0.0.202411081344/tools/bin/../lib/gcc/arm-none-eabi/13.3.1/../../../../arm-none-eabi/lib/thumb/v7-m/nofp\libc_nano.a(libc_a-stdio.o)
                0x0800c3e4                __sread
 .text.__swrite
                0x0800c406       0x38 E:/STM32CubeIDE_1.19.0/STM32CubeIDE/plugins/com.st.stm32cube.ide.mcu.externaltools.gnu-tools-for-stm32.13.3.rel1.win32_1.0.0.202411081344/tools/bin/../lib/gcc/arm-none-eabi/13.3.1/../../../../arm-none-eabi/lib/thumb/v7-m/nofp\libc_nano.a(libc_a-stdio.o)
                0x0800c406                __swrite
 .text.__sseek  0x0800c43e       0x24 E:/STM32CubeIDE_1.19.0/STM32CubeIDE/plugins/com.st.stm32cube.ide.mcu.externaltools.gnu-tools-for-stm32.13.3.rel1.win32_1.0.0.202411081344/tools/bin/../lib/gcc/arm-none-eabi/13.3.1/../../../../arm-none-eabi/lib/thumb/v7-m/nofp\libc_nano.a(libc_a-stdio.o)
                0x0800c43e                __sseek
 .text.__sclose
                0x0800c462        0x8 E:/STM32CubeIDE_1.19.0/STM32CubeIDE/plugins/com.st.stm32cube.ide.mcu.externaltools.gnu-tools-for-stm32.13.3.rel1.win32_1.0.0.202411081344/tools/bin/../lib/gcc/arm-none-eabi/13.3.1/../../../../arm-none-eabi/lib/thumb/v7-m/nofp\libc_nano.a(libc_a-stdio.o)
                0x0800c462                __sclose
 .text.memset   0x0800c46a       0x10 E:/STM32CubeIDE_1.19.0/STM32CubeIDE/plugins/com.st.stm32cube.ide.mcu.externaltools.gnu-tools-for-stm32.13.3.rel1.win32_1.0.0.202411081344/tools/bin/../lib/gcc/arm-none-eabi/13.3.1/../../../../arm-none-eabi/lib/thumb/v7-m/nofp\libc_nano.a(libc_a-memset.o)
                0x0800c46a                memset
 .text.strchr   0x0800c47a       0x1a E:/STM32CubeIDE_1.19.0/STM32CubeIDE/plugins/com.st.stm32cube.ide.mcu.externaltools.gnu-tools-for-stm32.13.3.rel1.win32_1.0.0.202411081344/tools/bin/../lib/gcc/arm-none-eabi/13.3.1/../../../../arm-none-eabi/lib/thumb/v7-m/nofp\libc_nano.a(libc_a-strchr.o)
                0x0800c47a                strchr
 .text.strncmp  0x0800c494       0x24 E:/STM32CubeIDE_1.19.0/STM32CubeIDE/plugins/com.st.stm32cube.ide.mcu.externaltools.gnu-tools-for-stm32.13.3.rel1.win32_1.0.0.202411081344/tools/bin/../lib/gcc/arm-none-eabi/13.3.1/../../../../arm-none-eabi/lib/thumb/v7-m/nofp\libc_nano.a(libc_a-strncmp.o)
                0x0800c494                strncmp
 .text._close_r
                0x0800c4b8       0x20 E:/STM32CubeIDE_1.19.0/STM32CubeIDE/plugins/com.st.stm32cube.ide.mcu.externaltools.gnu-tools-for-stm32.13.3.rel1.win32_1.0.0.202411081344/tools/bin/../lib/gcc/arm-none-eabi/13.3.1/../../../../arm-none-eabi/lib/thumb/v7-m/nofp\libc_nano.a(libc_a-closer.o)
                0x0800c4b8                _close_r
 .text._lseek_r
                0x0800c4d8       0x24 E:/STM32CubeIDE_1.19.0/STM32CubeIDE/plugins/com.st.stm32cube.ide.mcu.externaltools.gnu-tools-for-stm32.13.3.rel1.win32_1.0.0.202411081344/tools/bin/../lib/gcc/arm-none-eabi/13.3.1/../../../../arm-none-eabi/lib/thumb/v7-m/nofp\libc_nano.a(libc_a-lseekr.o)
                0x0800c4d8                _lseek_r
 .text._read_r  0x0800c4fc       0x24 E:/STM32CubeIDE_1.19.0/STM32CubeIDE/plugins/com.st.stm32cube.ide.mcu.externaltools.gnu-tools-for-stm32.13.3.rel1.win32_1.0.0.202411081344/tools/bin/../lib/gcc/arm-none-eabi/13.3.1/../../../../arm-none-eabi/lib/thumb/v7-m/nofp\libc_nano.a(libc_a-readr.o)
                0x0800c4fc                _read_r
 .text._write_r
                0x0800c520       0x24 E:/STM32CubeIDE_1.19.0/STM32CubeIDE/plugins/com.st.stm32cube.ide.mcu.externaltools.gnu-tools-for-stm32.13.3.rel1.win32_1.0.0.202411081344/tools/bin/../lib/gcc/arm-none-eabi/13.3.1/../../../../arm-none-eabi/lib/thumb/v7-m/nofp\libc_nano.a(libc_a-writer.o)
                0x0800c520                _write_r
 .text.__errno  0x0800c544        0xc E:/STM32CubeIDE_1.19.0/STM32CubeIDE/plugins/com.st.stm32cube.ide.mcu.externaltools.gnu-tools-for-stm32.13.3.rel1.win32_1.0.0.202411081344/tools/bin/../lib/gcc/arm-none-eabi/13.3.1/../../../../arm-none-eabi/lib/thumb/v7-m/nofp\libc_nano.a(libc_a-errno.o)
                0x0800c544                __errno
 .text.__libc_init_array
                0x0800c550       0x48 E:/STM32CubeIDE_1.19.0/STM32CubeIDE/plugins/com.st.stm32cube.ide.mcu.externaltools.gnu-tools-for-stm32.13.3.rel1.win32_1.0.0.202411081344/tools/bin/../lib/gcc/arm-none-eabi/13.3.1/../../../../arm-none-eabi/lib/thumb/v7-m/nofp\libc_nano.a(libc_a-init.o)
                0x0800c550                __libc_init_array
 .text.__retarget_lock_init_recursive
                0x0800c598        0x2 E:/STM32CubeIDE_1.19.0/STM32CubeIDE/plugins/com.st.stm32cube.ide.mcu.externaltools.gnu-tools-for-stm32.13.3.rel1.win32_1.0.0.202411081344/tools/bin/../lib/gcc/arm-none-eabi/13.3.1/../../../../arm-none-eabi/lib/thumb/v7-m/nofp\libc_nano.a(libc_a-lock.o)
                0x0800c598                __retarget_lock_init_recursive
 .text.__retarget_lock_acquire_recursive
                0x0800c59a        0x2 E:/STM32CubeIDE_1.19.0/STM32CubeIDE/plugins/com.st.stm32cube.ide.mcu.externaltools.gnu-tools-for-stm32.13.3.rel1.win32_1.0.0.202411081344/tools/bin/../lib/gcc/arm-none-eabi/13.3.1/../../../../arm-none-eabi/lib/thumb/v7-m/nofp\libc_nano.a(libc_a-lock.o)
                0x0800c59a                __retarget_lock_acquire_recursive
 .text.__retarget_lock_release_recursive
                0x0800c59c        0x2 E:/STM32CubeIDE_1.19.0/STM32CubeIDE/plugins/com.st.stm32cube.ide.mcu.externaltools.gnu-tools-for-stm32.13.3.rel1.win32_1.0.0.202411081344/tools/bin/../lib/gcc/arm-none-eabi/13.3.1/../../../../arm-none-eabi/lib/thumb/v7-m/nofp\libc_nano.a(libc_a-lock.o)
                0x0800c59c                __retarget_lock_release_recursive
 .text.memcpy   0x0800c59e       0x1c E:/STM32CubeIDE_1.19.0/STM32CubeIDE/plugins/com.st.stm32cube.ide.mcu.externaltools.gnu-tools-for-stm32.13.3.rel1.win32_1.0.0.202411081344/tools/bin/../lib/gcc/arm-none-eabi/13.3.1/../../../../arm-none-eabi/lib/thumb/v7-m/nofp\libc_nano.a(libc_a-memcpy-stub.o)
                0x0800c59e                memcpy
 *fill*         0x0800c5ba        0x2 
 .text.nan      0x0800c5bc        0xc E:/STM32CubeIDE_1.19.0/STM32CubeIDE/plugins/com.st.stm32cube.ide.mcu.externaltools.gnu-tools-for-stm32.13.3.rel1.win32_1.0.0.202411081344/tools/bin/../lib/gcc/arm-none-eabi/13.3.1/../../../../arm-none-eabi/lib/thumb/v7-m/nofp\libc_nano.a(libm_a-s_nan.o)
                0x0800c5bc                nan
 .text._free_r  0x0800c5c8       0x90 E:/STM32CubeIDE_1.19.0/STM32CubeIDE/plugins/com.st.stm32cube.ide.mcu.externaltools.gnu-tools-for-stm32.13.3.rel1.win32_1.0.0.202411081344/tools/bin/../lib/gcc/arm-none-eabi/13.3.1/../../../../arm-none-eabi/lib/thumb/v7-m/nofp\libc_nano.a(libc_a-freer.o)
                0x0800c5c8                _free_r
 .text.rshift   0x0800c658       0xa6 E:/STM32CubeIDE_1.19.0/STM32CubeIDE/plugins/com.st.stm32cube.ide.mcu.externaltools.gnu-tools-for-stm32.13.3.rel1.win32_1.0.0.202411081344/tools/bin/../lib/gcc/arm-none-eabi/13.3.1/../../../../arm-none-eabi/lib/thumb/v7-m/nofp\libc_nano.a(libc_a-gdtoa-gethex.o)
 .text.__hexdig_fun
                0x0800c6fe       0x2a E:/STM32CubeIDE_1.19.0/STM32CubeIDE/plugins/com.st.stm32cube.ide.mcu.externaltools.gnu-tools-for-stm32.13.3.rel1.win32_1.0.0.202411081344/tools/bin/../lib/gcc/arm-none-eabi/13.3.1/../../../../arm-none-eabi/lib/thumb/v7-m/nofp\libc_nano.a(libc_a-gdtoa-gethex.o)
                0x0800c6fe                __hexdig_fun
 .text.__gethex
                0x0800c728      0x420 E:/STM32CubeIDE_1.19.0/STM32CubeIDE/plugins/com.st.stm32cube.ide.mcu.externaltools.gnu-tools-for-stm32.13.3.rel1.win32_1.0.0.202411081344/tools/bin/../lib/gcc/arm-none-eabi/13.3.1/../../../../arm-none-eabi/lib/thumb/v7-m/nofp\libc_nano.a(libc_a-gdtoa-gethex.o)
                0x0800c728                __gethex
 .text.L_shift  0x0800cb48       0x24 E:/STM32CubeIDE_1.19.0/STM32CubeIDE/plugins/com.st.stm32cube.ide.mcu.externaltools.gnu-tools-for-stm32.13.3.rel1.win32_1.0.0.202411081344/tools/bin/../lib/gcc/arm-none-eabi/13.3.1/../../../../arm-none-eabi/lib/thumb/v7-m/nofp\libc_nano.a(libc_a-gdtoa-hexnan.o)
 .text.__match  0x0800cb6c       0x28 E:/STM32CubeIDE_1.19.0/STM32CubeIDE/plugins/com.st.stm32cube.ide.mcu.externaltools.gnu-tools-for-stm32.13.3.rel1.win32_1.0.0.202411081344/tools/bin/../lib/gcc/arm-none-eabi/13.3.1/../../../../arm-none-eabi/lib/thumb/v7-m/nofp\libc_nano.a(libc_a-gdtoa-hexnan.o)
                0x0800cb6c                __match
 .text.__hexnan
                0x0800cb94      0x136 E:/STM32CubeIDE_1.19.0/STM32CubeIDE/plugins/com.st.stm32cube.ide.mcu.externaltools.gnu-tools-for-stm32.13.3.rel1.win32_1.0.0.202411081344/tools/bin/../lib/gcc/arm-none-eabi/13.3.1/../../../../arm-none-eabi/lib/thumb/v7-m/nofp\libc_nano.a(libc_a-gdtoa-hexnan.o)
                0x0800cb94                __hexnan
 *fill*         0x0800ccca        0x2 
 .text.sbrk_aligned
                0x0800cccc       0x44 E:/STM32CubeIDE_1.19.0/STM32CubeIDE/plugins/com.st.stm32cube.ide.mcu.externaltools.gnu-tools-for-stm32.13.3.rel1.win32_1.0.0.202411081344/tools/bin/../lib/gcc/arm-none-eabi/13.3.1/../../../../arm-none-eabi/lib/thumb/v7-m/nofp\libc_nano.a(libc_a-mallocr.o)
 .text._malloc_r
                0x0800cd10      0x100 E:/STM32CubeIDE_1.19.0/STM32CubeIDE/plugins/com.st.stm32cube.ide.mcu.externaltools.gnu-tools-for-stm32.13.3.rel1.win32_1.0.0.202411081344/tools/bin/../lib/gcc/arm-none-eabi/13.3.1/../../../../arm-none-eabi/lib/thumb/v7-m/nofp\libc_nano.a(libc_a-mallocr.o)
                0x0800cd10                _malloc_r
 .text.__ascii_mbtowc
                0x0800ce10       0x24 E:/STM32CubeIDE_1.19.0/STM32CubeIDE/plugins/com.st.stm32cube.ide.mcu.externaltools.gnu-tools-for-stm32.13.3.rel1.win32_1.0.0.202411081344/tools/bin/../lib/gcc/arm-none-eabi/13.3.1/../../../../arm-none-eabi/lib/thumb/v7-m/nofp\libc_nano.a(libc_a-mbtowc_r.o)
                0x0800ce10                __ascii_mbtowc
 .text.__malloc_lock
                0x0800ce34        0xc E:/STM32CubeIDE_1.19.0/STM32CubeIDE/plugins/com.st.stm32cube.ide.mcu.externaltools.gnu-tools-for-stm32.13.3.rel1.win32_1.0.0.202411081344/tools/bin/../lib/gcc/arm-none-eabi/13.3.1/../../../../arm-none-eabi/lib/thumb/v7-m/nofp\libc_nano.a(libc_a-mlock.o)
                0x0800ce34                __malloc_lock
 .text.__malloc_unlock
                0x0800ce40        0xc E:/STM32CubeIDE_1.19.0/STM32CubeIDE/plugins/com.st.stm32cube.ide.mcu.externaltools.gnu-tools-for-stm32.13.3.rel1.win32_1.0.0.202411081344/tools/bin/../lib/gcc/arm-none-eabi/13.3.1/../../../../arm-none-eabi/lib/thumb/v7-m/nofp\libc_nano.a(libc_a-mlock.o)
                0x0800ce40                __malloc_unlock
 .text._Balloc  0x0800ce4c       0x80 E:/STM32CubeIDE_1.19.0/STM32CubeIDE/plugins/com.st.stm32cube.ide.mcu.externaltools.gnu-tools-for-stm32.13.3.rel1.win32_1.0.0.202411081344/tools/bin/../lib/gcc/arm-none-eabi/13.3.1/../../../../arm-none-eabi/lib/thumb/v7-m/nofp\libc_nano.a(libc_a-mprec.o)
                0x0800ce4c                _Balloc
 .text._Bfree   0x0800cecc       0x44 E:/STM32CubeIDE_1.19.0/STM32CubeIDE/plugins/com.st.stm32cube.ide.mcu.externaltools.gnu-tools-for-stm32.13.3.rel1.win32_1.0.0.202411081344/tools/bin/../lib/gcc/arm-none-eabi/13.3.1/../../../../arm-none-eabi/lib/thumb/v7-m/nofp\libc_nano.a(libc_a-mprec.o)
                0x0800cecc                _Bfree
 .text.__multadd
                0x0800cf10       0x8c E:/STM32CubeIDE_1.19.0/STM32CubeIDE/plugins/com.st.stm32cube.ide.mcu.externaltools.gnu-tools-for-stm32.13.3.rel1.win32_1.0.0.202411081344/tools/bin/../lib/gcc/arm-none-eabi/13.3.1/../../../../arm-none-eabi/lib/thumb/v7-m/nofp\libc_nano.a(libc_a-mprec.o)
                0x0800cf10                __multadd
 .text.__s2b    0x0800cf9c       0x94 E:/STM32CubeIDE_1.19.0/STM32CubeIDE/plugins/com.st.stm32cube.ide.mcu.externaltools.gnu-tools-for-stm32.13.3.rel1.win32_1.0.0.202411081344/tools/bin/../lib/gcc/arm-none-eabi/13.3.1/../../../../arm-none-eabi/lib/thumb/v7-m/nofp\libc_nano.a(libc_a-mprec.o)
                0x0800cf9c                __s2b
 .text.__hi0bits
                0x0800d030       0x3e E:/STM32CubeIDE_1.19.0/STM32CubeIDE/plugins/com.st.stm32cube.ide.mcu.externaltools.gnu-tools-for-stm32.13.3.rel1.win32_1.0.0.202411081344/tools/bin/../lib/gcc/arm-none-eabi/13.3.1/../../../../arm-none-eabi/lib/thumb/v7-m/nofp\libc_nano.a(libc_a-mprec.o)
                0x0800d030                __hi0bits
 .text.__lo0bits
                0x0800d06e       0x5a E:/STM32CubeIDE_1.19.0/STM32CubeIDE/plugins/com.st.stm32cube.ide.mcu.externaltools.gnu-tools-for-stm32.13.3.rel1.win32_1.0.0.202411081344/tools/bin/../lib/gcc/arm-none-eabi/13.3.1/../../../../arm-none-eabi/lib/thumb/v7-m/nofp\libc_nano.a(libc_a-mprec.o)
                0x0800d06e                __lo0bits
 .text.__i2b    0x0800d0c8       0x2c E:/STM32CubeIDE_1.19.0/STM32CubeIDE/plugins/com.st.stm32cube.ide.mcu.externaltools.gnu-tools-for-stm32.13.3.rel1.win32_1.0.0.202411081344/tools/bin/../lib/gcc/arm-none-eabi/13.3.1/../../../../arm-none-eabi/lib/thumb/v7-m/nofp\libc_nano.a(libc_a-mprec.o)
                0x0800d0c8                __i2b
 .text.__multiply
                0x0800d0f4      0x144 E:/STM32CubeIDE_1.19.0/STM32CubeIDE/plugins/com.st.stm32cube.ide.mcu.externaltools.gnu-tools-for-stm32.13.3.rel1.win32_1.0.0.202411081344/tools/bin/../lib/gcc/arm-none-eabi/13.3.1/../../../../arm-none-eabi/lib/thumb/v7-m/nofp\libc_nano.a(libc_a-mprec.o)
                0x0800d0f4                __multiply
 .text.__pow5mult
                0x0800d238       0xb4 E:/STM32CubeIDE_1.19.0/STM32CubeIDE/plugins/com.st.stm32cube.ide.mcu.externaltools.gnu-tools-for-stm32.13.3.rel1.win32_1.0.0.202411081344/tools/bin/../lib/gcc/arm-none-eabi/13.3.1/../../../../arm-none-eabi/lib/thumb/v7-m/nofp\libc_nano.a(libc_a-mprec.o)
                0x0800d238                __pow5mult
 .text.__lshift
                0x0800d2ec       0xd8 E:/STM32CubeIDE_1.19.0/STM32CubeIDE/plugins/com.st.stm32cube.ide.mcu.externaltools.gnu-tools-for-stm32.13.3.rel1.win32_1.0.0.202411081344/tools/bin/../lib/gcc/arm-none-eabi/13.3.1/../../../../arm-none-eabi/lib/thumb/v7-m/nofp\libc_nano.a(libc_a-mprec.o)
                0x0800d2ec                __lshift
 .text.__mcmp   0x0800d3c4       0x36 E:/STM32CubeIDE_1.19.0/STM32CubeIDE/plugins/com.st.stm32cube.ide.mcu.externaltools.gnu-tools-for-stm32.13.3.rel1.win32_1.0.0.202411081344/tools/bin/../lib/gcc/arm-none-eabi/13.3.1/../../../../arm-none-eabi/lib/thumb/v7-m/nofp\libc_nano.a(libc_a-mprec.o)
                0x0800d3c4                __mcmp
 *fill*         0x0800d3fa        0x2 
 .text.__mdiff  0x0800d3fc      0x128 E:/STM32CubeIDE_1.19.0/STM32CubeIDE/plugins/com.st.stm32cube.ide.mcu.externaltools.gnu-tools-for-stm32.13.3.rel1.win32_1.0.0.202411081344/tools/bin/../lib/gcc/arm-none-eabi/13.3.1/../../../../arm-none-eabi/lib/thumb/v7-m/nofp\libc_nano.a(libc_a-mprec.o)
                0x0800d3fc                __mdiff
 .text.__ulp    0x0800d524       0x40 E:/STM32CubeIDE_1.19.0/STM32CubeIDE/plugins/com.st.stm32cube.ide.mcu.externaltools.gnu-tools-for-stm32.13.3.rel1.win32_1.0.0.202411081344/tools/bin/../lib/gcc/arm-none-eabi/13.3.1/../../../../arm-none-eabi/lib/thumb/v7-m/nofp\libc_nano.a(libc_a-mprec.o)
                0x0800d524                __ulp
 .text.__b2d    0x0800d564       0x90 E:/STM32CubeIDE_1.19.0/STM32CubeIDE/plugins/com.st.stm32cube.ide.mcu.externaltools.gnu-tools-for-stm32.13.3.rel1.win32_1.0.0.202411081344/tools/bin/../lib/gcc/arm-none-eabi/13.3.1/../../../../arm-none-eabi/lib/thumb/v7-m/nofp\libc_nano.a(libc_a-mprec.o)
                0x0800d564                __b2d
 .text.__d2b    0x0800d5f4       0xb0 E:/STM32CubeIDE_1.19.0/STM32CubeIDE/plugins/com.st.stm32cube.ide.mcu.externaltools.gnu-tools-for-stm32.13.3.rel1.win32_1.0.0.202411081344/tools/bin/../lib/gcc/arm-none-eabi/13.3.1/../../../../arm-none-eabi/lib/thumb/v7-m/nofp\libc_nano.a(libc_a-mprec.o)
                0x0800d5f4                __d2b
 .text.__ratio  0x0800d6a4       0x60 E:/STM32CubeIDE_1.19.0/STM32CubeIDE/plugins/com.st.stm32cube.ide.mcu.externaltools.gnu-tools-for-stm32.13.3.rel1.win32_1.0.0.202411081344/tools/bin/../lib/gcc/arm-none-eabi/13.3.1/../../../../arm-none-eabi/lib/thumb/v7-m/nofp\libc_nano.a(libc_a-mprec.o)
                0x0800d6a4                __ratio
 .text.__copybits
                0x0800d704       0x46 E:/STM32CubeIDE_1.19.0/STM32CubeIDE/plugins/com.st.stm32cube.ide.mcu.externaltools.gnu-tools-for-stm32.13.3.rel1.win32_1.0.0.202411081344/tools/bin/../lib/gcc/arm-none-eabi/13.3.1/../../../../arm-none-eabi/lib/thumb/v7-m/nofp\libc_nano.a(libc_a-mprec.o)
                0x0800d704                __copybits
 .text.__any_on
                0x0800d74a       0x42 E:/STM32CubeIDE_1.19.0/STM32CubeIDE/plugins/com.st.stm32cube.ide.mcu.externaltools.gnu-tools-for-stm32.13.3.rel1.win32_1.0.0.202411081344/tools/bin/../lib/gcc/arm-none-eabi/13.3.1/../../../../arm-none-eabi/lib/thumb/v7-m/nofp\libc_nano.a(libc_a-mprec.o)
                0x0800d74a                __any_on
 .text.__ascii_wctomb
                0x0800d78c       0x1a E:/STM32CubeIDE_1.19.0/STM32CubeIDE/plugins/com.st.stm32cube.ide.mcu.externaltools.gnu-tools-for-stm32.13.3.rel1.win32_1.0.0.202411081344/tools/bin/../lib/gcc/arm-none-eabi/13.3.1/../../../../arm-none-eabi/lib/thumb/v7-m/nofp\libc_nano.a(libc_a-wctomb_r.o)
                0x0800d78c                __ascii_wctomb
 .text.__ssputs_r
                0x0800d7a6       0xb6 E:/STM32CubeIDE_1.19.0/STM32CubeIDE/plugins/com.st.stm32cube.ide.mcu.externaltools.gnu-tools-for-stm32.13.3.rel1.win32_1.0.0.202411081344/tools/bin/../lib/gcc/arm-none-eabi/13.3.1/../../../../arm-none-eabi/lib/thumb/v7-m/nofp\libc_nano.a(libc_a-nano-svfprintf.o)
                0x0800d7a6                __ssputs_r
 .text._svfprintf_r
                0x0800d85c      0x1f8 E:/STM32CubeIDE_1.19.0/STM32CubeIDE/plugins/com.st.stm32cube.ide.mcu.externaltools.gnu-tools-for-stm32.13.3.rel1.win32_1.0.0.202411081344/tools/bin/../lib/gcc/arm-none-eabi/13.3.1/../../../../arm-none-eabi/lib/thumb/v7-m/nofp\libc_nano.a(libc_a-nano-svfprintf.o)
                0x0800d85c                _svfiprintf_r
                0x0800d85c                _svfprintf_r
 .text.__sfputc_r
                0x0800da54       0x2a E:/STM32CubeIDE_1.19.0/STM32CubeIDE/plugins/com.st.stm32cube.ide.mcu.externaltools.gnu-tools-for-stm32.13.3.rel1.win32_1.0.0.202411081344/tools/bin/../lib/gcc/arm-none-eabi/13.3.1/../../../../arm-none-eabi/lib/thumb/v7-m/nofp\libc_nano.a(libc_a-nano-vfprintf.o)
 .text.__sfputs_r
                0x0800da7e       0x24 E:/STM32CubeIDE_1.19.0/STM32CubeIDE/plugins/com.st.stm32cube.ide.mcu.externaltools.gnu-tools-for-stm32.13.3.rel1.win32_1.0.0.202411081344/tools/bin/../lib/gcc/arm-none-eabi/13.3.1/../../../../arm-none-eabi/lib/thumb/v7-m/nofp\libc_nano.a(libc_a-nano-vfprintf.o)
                0x0800da7e                __sfputs_r
 *fill*         0x0800daa2        0x2 
 .text._vfprintf_r
                0x0800daa4      0x230 E:/STM32CubeIDE_1.19.0/STM32CubeIDE/plugins/com.st.stm32cube.ide.mcu.externaltools.gnu-tools-for-stm32.13.3.rel1.win32_1.0.0.202411081344/tools/bin/../lib/gcc/arm-none-eabi/13.3.1/../../../../arm-none-eabi/lib/thumb/v7-m/nofp\libc_nano.a(libc_a-nano-vfprintf.o)
                0x0800daa4                _vfprintf_r
                0x0800daa4                _vfiprintf_r
 .text._printf_common
                0x0800dcd4       0xe4 E:/STM32CubeIDE_1.19.0/STM32CubeIDE/plugins/com.st.stm32cube.ide.mcu.externaltools.gnu-tools-for-stm32.13.3.rel1.win32_1.0.0.202411081344/tools/bin/../lib/gcc/arm-none-eabi/13.3.1/../../../../arm-none-eabi/lib/thumb/v7-m/nofp\libc_nano.a(libc_a-nano-vfprintf_i.o)
                0x0800dcd4                _printf_common
 .text._printf_i
                0x0800ddb8      0x23c E:/STM32CubeIDE_1.19.0/STM32CubeIDE/plugins/com.st.stm32cube.ide.mcu.externaltools.gnu-tools-for-stm32.13.3.rel1.win32_1.0.0.202411081344/tools/bin/../lib/gcc/arm-none-eabi/13.3.1/../../../../arm-none-eabi/lib/thumb/v7-m/nofp\libc_nano.a(libc_a-nano-vfprintf_i.o)
                0x0800ddb8                _printf_i
 .text.__sflush_r
                0x0800dff4      0x100 E:/STM32CubeIDE_1.19.0/STM32CubeIDE/plugins/com.st.stm32cube.ide.mcu.externaltools.gnu-tools-for-stm32.13.3.rel1.win32_1.0.0.202411081344/tools/bin/../lib/gcc/arm-none-eabi/13.3.1/../../../../arm-none-eabi/lib/thumb/v7-m/nofp\libc_nano.a(libc_a-fflush.o)
                0x0800dff4                __sflush_r
 .text._fflush_r
                0x0800e0f4       0x50 E:/STM32CubeIDE_1.19.0/STM32CubeIDE/plugins/com.st.stm32cube.ide.mcu.externaltools.gnu-tools-for-stm32.13.3.rel1.win32_1.0.0.202411081344/tools/bin/../lib/gcc/arm-none-eabi/13.3.1/../../../../arm-none-eabi/lib/thumb/v7-m/nofp\libc_nano.a(libc_a-fflush.o)
                0x0800e0f4                _fflush_r
 .text.__swbuf_r
                0x0800e144       0x7c E:/STM32CubeIDE_1.19.0/STM32CubeIDE/plugins/com.st.stm32cube.ide.mcu.externaltools.gnu-tools-for-stm32.13.3.rel1.win32_1.0.0.202411081344/tools/bin/../lib/gcc/arm-none-eabi/13.3.1/../../../../arm-none-eabi/lib/thumb/v7-m/nofp\libc_nano.a(libc_a-wbuf.o)
                0x0800e144                __swbuf_r
 .text.__swsetup_r
                0x0800e1c0       0xac E:/STM32CubeIDE_1.19.0/STM32CubeIDE/plugins/com.st.stm32cube.ide.mcu.externaltools.gnu-tools-for-stm32.13.3.rel1.win32_1.0.0.202411081344/tools/bin/../lib/gcc/arm-none-eabi/13.3.1/../../../../arm-none-eabi/lib/thumb/v7-m/nofp\libc_nano.a(libc_a-wsetup.o)
                0x0800e1c0                __swsetup_r
 .text.memmove  0x0800e26c       0x34 E:/STM32CubeIDE_1.19.0/STM32CubeIDE/plugins/com.st.stm32cube.ide.mcu.externaltools.gnu-tools-for-stm32.13.3.rel1.win32_1.0.0.202411081344/tools/bin/../lib/gcc/arm-none-eabi/13.3.1/../../../../arm-none-eabi/lib/thumb/v7-m/nofp\libc_nano.a(libc_a-memmove.o)
                0x0800e26c                memmove
 .text._sbrk_r  0x0800e2a0       0x20 E:/STM32CubeIDE_1.19.0/STM32CubeIDE/plugins/com.st.stm32cube.ide.mcu.externaltools.gnu-tools-for-stm32.13.3.rel1.win32_1.0.0.202411081344/tools/bin/../lib/gcc/arm-none-eabi/13.3.1/../../../../arm-none-eabi/lib/thumb/v7-m/nofp\libc_nano.a(libc_a-sbrkr.o)
                0x0800e2a0                _sbrk_r
 .text.memchr   0x0800e2c0       0x1c E:/STM32CubeIDE_1.19.0/STM32CubeIDE/plugins/com.st.stm32cube.ide.mcu.externaltools.gnu-tools-for-stm32.13.3.rel1.win32_1.0.0.202411081344/tools/bin/../lib/gcc/arm-none-eabi/13.3.1/../../../../arm-none-eabi/lib/thumb/v7-m/nofp\libc_nano.a(libc_a-memchr-stub.o)
                0x0800e2c0                memchr
 .text.__assert_func
                0x0800e2dc       0x3c E:/STM32CubeIDE_1.19.0/STM32CubeIDE/plugins/com.st.stm32cube.ide.mcu.externaltools.gnu-tools-for-stm32.13.3.rel1.win32_1.0.0.202411081344/tools/bin/../lib/gcc/arm-none-eabi/13.3.1/../../../../arm-none-eabi/lib/thumb/v7-m/nofp\libc_nano.a(libc_a-assert.o)
                0x0800e2dc                __assert_func
 .text._calloc_r
                0x0800e318       0x28 E:/STM32CubeIDE_1.19.0/STM32CubeIDE/plugins/com.st.stm32cube.ide.mcu.externaltools.gnu-tools-for-stm32.13.3.rel1.win32_1.0.0.202411081344/tools/bin/../lib/gcc/arm-none-eabi/13.3.1/../../../../arm-none-eabi/lib/thumb/v7-m/nofp\libc_nano.a(libc_a-callocr.o)
                0x0800e318                _calloc_r
 .text.malloc   0x0800e340       0x10 E:/STM32CubeIDE_1.19.0/STM32CubeIDE/plugins/com.st.stm32cube.ide.mcu.externaltools.gnu-tools-for-stm32.13.3.rel1.win32_1.0.0.202411081344/tools/bin/../lib/gcc/arm-none-eabi/13.3.1/../../../../arm-none-eabi/lib/thumb/v7-m/nofp\libc_nano.a(libc_a-malloc.o)
                0x0800e340                malloc
 .text._realloc_r
                0x0800e350       0x5c E:/STM32CubeIDE_1.19.0/STM32CubeIDE/plugins/com.st.stm32cube.ide.mcu.externaltools.gnu-tools-for-stm32.13.3.rel1.win32_1.0.0.202411081344/tools/bin/../lib/gcc/arm-none-eabi/13.3.1/../../../../arm-none-eabi/lib/thumb/v7-m/nofp\libc_nano.a(libc_a-reallocr.o)
                0x0800e350                _realloc_r
 .text.fprintf  0x0800e3ac       0x24 E:/STM32CubeIDE_1.19.0/STM32CubeIDE/plugins/com.st.stm32cube.ide.mcu.externaltools.gnu-tools-for-stm32.13.3.rel1.win32_1.0.0.202411081344/tools/bin/../lib/gcc/arm-none-eabi/13.3.1/../../../../arm-none-eabi/lib/thumb/v7-m/nofp\libc_nano.a(libc_a-fprintf.o)
                0x0800e3ac                fiprintf
                0x0800e3ac                fprintf
 .text.__swhatbuf_r
                0x0800e3d0       0x4a E:/STM32CubeIDE_1.19.0/STM32CubeIDE/plugins/com.st.stm32cube.ide.mcu.externaltools.gnu-tools-for-stm32.13.3.rel1.win32_1.0.0.202411081344/tools/bin/../lib/gcc/arm-none-eabi/13.3.1/../../../../arm-none-eabi/lib/thumb/v7-m/nofp\libc_nano.a(libc_a-makebuf.o)
                0x0800e3d0                __swhatbuf_r
 .text.__smakebuf_r
                0x0800e41a       0x78 E:/STM32CubeIDE_1.19.0/STM32CubeIDE/plugins/com.st.stm32cube.ide.mcu.externaltools.gnu-tools-for-stm32.13.3.rel1.win32_1.0.0.202411081344/tools/bin/../lib/gcc/arm-none-eabi/13.3.1/../../../../arm-none-eabi/lib/thumb/v7-m/nofp\libc_nano.a(libc_a-makebuf.o)
                0x0800e41a                __smakebuf_r
 *fill*         0x0800e492        0x2 
 .text._fstat_r
                0x0800e494       0x24 E:/STM32CubeIDE_1.19.0/STM32CubeIDE/plugins/com.st.stm32cube.ide.mcu.externaltools.gnu-tools-for-stm32.13.3.rel1.win32_1.0.0.202411081344/tools/bin/../lib/gcc/arm-none-eabi/13.3.1/../../../../arm-none-eabi/lib/thumb/v7-m/nofp\libc_nano.a(libc_a-fstatr.o)
                0x0800e494                _fstat_r
 .text._isatty_r
                0x0800e4b8       0x20 E:/STM32CubeIDE_1.19.0/STM32CubeIDE/plugins/com.st.stm32cube.ide.mcu.externaltools.gnu-tools-for-stm32.13.3.rel1.win32_1.0.0.202411081344/tools/bin/../lib/gcc/arm-none-eabi/13.3.1/../../../../arm-none-eabi/lib/thumb/v7-m/nofp\libc_nano.a(libc_a-isattyr.o)
                0x0800e4b8                _isatty_r
 .text.abort    0x0800e4d8        0xe E:/STM32CubeIDE_1.19.0/STM32CubeIDE/plugins/com.st.stm32cube.ide.mcu.externaltools.gnu-tools-for-stm32.13.3.rel1.win32_1.0.0.202411081344/tools/bin/../lib/gcc/arm-none-eabi/13.3.1/../../../../arm-none-eabi/lib/thumb/v7-m/nofp\libc_nano.a(libc_a-abort.o)
                0x0800e4d8                abort
 .text._malloc_usable_size_r
                0x0800e4e6       0x10 E:/STM32CubeIDE_1.19.0/STM32CubeIDE/plugins/com.st.stm32cube.ide.mcu.externaltools.gnu-tools-for-stm32.13.3.rel1.win32_1.0.0.202411081344/tools/bin/../lib/gcc/arm-none-eabi/13.3.1/../../../../arm-none-eabi/lib/thumb/v7-m/nofp\libc_nano.a(libc_a-msizer.o)
                0x0800e4e6                _malloc_usable_size_r
 .text._raise_r
                0x0800e4f6       0x50 E:/STM32CubeIDE_1.19.0/STM32CubeIDE/plugins/com.st.stm32cube.ide.mcu.externaltools.gnu-tools-for-stm32.13.3.rel1.win32_1.0.0.202411081344/tools/bin/../lib/gcc/arm-none-eabi/13.3.1/../../../../arm-none-eabi/lib/thumb/v7-m/nofp\libc_nano.a(libc_a-signal.o)
                0x0800e4f6                _raise_r
 *fill*         0x0800e546        0x2 
 .text.raise    0x0800e548       0x10 E:/STM32CubeIDE_1.19.0/STM32CubeIDE/plugins/com.st.stm32cube.ide.mcu.externaltools.gnu-tools-for-stm32.13.3.rel1.win32_1.0.0.202411081344/tools/bin/../lib/gcc/arm-none-eabi/13.3.1/../../../../arm-none-eabi/lib/thumb/v7-m/nofp\libc_nano.a(libc_a-signal.o)
                0x0800e548                raise
 .text._kill_r  0x0800e558       0x24 E:/STM32CubeIDE_1.19.0/STM32CubeIDE/plugins/com.st.stm32cube.ide.mcu.externaltools.gnu-tools-for-stm32.13.3.rel1.win32_1.0.0.202411081344/tools/bin/../lib/gcc/arm-none-eabi/13.3.1/../../../../arm-none-eabi/lib/thumb/v7-m/nofp\libc_nano.a(libc_a-signalr.o)
                0x0800e558                _kill_r
 .text._getpid_r
                0x0800e57c        0x4 E:/STM32CubeIDE_1.19.0/STM32CubeIDE/plugins/com.st.stm32cube.ide.mcu.externaltools.gnu-tools-for-stm32.13.3.rel1.win32_1.0.0.202411081344/tools/bin/../lib/gcc/arm-none-eabi/13.3.1/../../../../arm-none-eabi/lib/thumb/v7-m/nofp\libc_nano.a(libc_a-signalr.o)
                0x0800e57c                _getpid_r
 .text.sqrt     0x0800e580       0x48 E:/STM32CubeIDE_1.19.0/STM32CubeIDE/plugins/com.st.stm32cube.ide.mcu.externaltools.gnu-tools-for-stm32.13.3.rel1.win32_1.0.0.202411081344/tools/bin/../lib/gcc/arm-none-eabi/13.3.1/../../../../arm-none-eabi/lib/thumb/v7-m/nofp\libm.a(libm_a-w_sqrt.o)
                0x0800e580                sqrt
 .text.atan2f   0x0800e5c8        0x4 E:/STM32CubeIDE_1.19.0/STM32CubeIDE/plugins/com.st.stm32cube.ide.mcu.externaltools.gnu-tools-for-stm32.13.3.rel1.win32_1.0.0.202411081344/tools/bin/../lib/gcc/arm-none-eabi/13.3.1/../../../../arm-none-eabi/lib/thumb/v7-m/nofp\libm.a(libm_a-wf_atan2.o)
                0x0800e5c8                atan2f
 .text.sqrtf    0x0800e5cc       0x34 E:/STM32CubeIDE_1.19.0/STM32CubeIDE/plugins/com.st.stm32cube.ide.mcu.externaltools.gnu-tools-for-stm32.13.3.rel1.win32_1.0.0.202411081344/tools/bin/../lib/gcc/arm-none-eabi/13.3.1/../../../../arm-none-eabi/lib/thumb/v7-m/nofp\libm.a(libm_a-wf_sqrt.o)
                0x0800e5cc                sqrtf
 .text.__ieee754_sqrt
                0x0800e600      0x1a4 E:/STM32CubeIDE_1.19.0/STM32CubeIDE/plugins/com.st.stm32cube.ide.mcu.externaltools.gnu-tools-for-stm32.13.3.rel1.win32_1.0.0.202411081344/tools/bin/../lib/gcc/arm-none-eabi/13.3.1/../../../../arm-none-eabi/lib/thumb/v7-m/nofp\libm.a(libm_a-e_sqrt.o)
                0x0800e600                __ieee754_sqrt
 .text.__ieee754_sqrtf
                0x0800e7a4       0xe0 E:/STM32CubeIDE_1.19.0/STM32CubeIDE/plugins/com.st.stm32cube.ide.mcu.externaltools.gnu-tools-for-stm32.13.3.rel1.win32_1.0.0.202411081344/tools/bin/../lib/gcc/arm-none-eabi/13.3.1/../../../../arm-none-eabi/lib/thumb/v7-m/nofp\libm.a(libm_a-ef_sqrt.o)
                0x0800e7a4                __ieee754_sqrtf
 .text.__ieee754_atan2f
                0x0800e884      0x110 E:/STM32CubeIDE_1.19.0/STM32CubeIDE/plugins/com.st.stm32cube.ide.mcu.externaltools.gnu-tools-for-stm32.13.3.rel1.win32_1.0.0.202411081344/tools/bin/../lib/gcc/arm-none-eabi/13.3.1/../../../../arm-none-eabi/lib/thumb/v7-m/nofp\libm.a(libm_a-ef_atan2.o)
                0x0800e884                __ieee754_atan2f
 .text.atanf    0x0800e994      0x218 E:/STM32CubeIDE_1.19.0/STM32CubeIDE/plugins/com.st.stm32cube.ide.mcu.externaltools.gnu-tools-for-stm32.13.3.rel1.win32_1.0.0.202411081344/tools/bin/../lib/gcc/arm-none-eabi/13.3.1/../../../../arm-none-eabi/lib/thumb/v7-m/nofp\libm.a(libm_a-sf_atan.o)
                0x0800e994                atanf
 .text.fabsf    0x0800ebac        0x6 E:/STM32CubeIDE_1.19.0/STM32CubeIDE/plugins/com.st.stm32cube.ide.mcu.externaltools.gnu-tools-for-stm32.13.3.rel1.win32_1.0.0.202411081344/tools/bin/../lib/gcc/arm-none-eabi/13.3.1/../../../../arm-none-eabi/lib/thumb/v7-m/nofp\libm.a(libm_a-sf_fabs.o)
                0x0800ebac                fabsf
 *(.glue_7)
 .glue_7        0x0800ebb2        0x0 linker stubs
 *(.glue_7t)
 .glue_7t       0x0800ebb2        0x0 linker stubs
 *(.eh_frame)
 *fill*         0x0800ebb2        0x2 
 .eh_frame      0x0800ebb4        0x0 E:/STM32CubeIDE_1.19.0/STM32CubeIDE/plugins/com.st.stm32cube.ide.mcu.externaltools.gnu-tools-for-stm32.13.3.rel1.win32_1.0.0.202411081344/tools/bin/../lib/gcc/arm-none-eabi/13.3.1/thumb/v7-m/nofp/crtbegin.o
 *(.init)
 .init          0x0800ebb4        0x4 E:/STM32CubeIDE_1.19.0/STM32CubeIDE/plugins/com.st.stm32cube.ide.mcu.externaltools.gnu-tools-for-stm32.13.3.rel1.win32_1.0.0.202411081344/tools/bin/../lib/gcc/arm-none-eabi/13.3.1/thumb/v7-m/nofp/crti.o
                0x0800ebb4                _init
 .init          0x0800ebb8        0x8 E:/STM32CubeIDE_1.19.0/STM32CubeIDE/plugins/com.st.stm32cube.ide.mcu.externaltools.gnu-tools-for-stm32.13.3.rel1.win32_1.0.0.202411081344/tools/bin/../lib/gcc/arm-none-eabi/13.3.1/thumb/v7-m/nofp/crtn.o
 *(.fini)
 .fini          0x0800ebc0        0x4 E:/STM32CubeIDE_1.19.0/STM32CubeIDE/plugins/com.st.stm32cube.ide.mcu.externaltools.gnu-tools-for-stm32.13.3.rel1.win32_1.0.0.202411081344/tools/bin/../lib/gcc/arm-none-eabi/13.3.1/thumb/v7-m/nofp/crti.o
                0x0800ebc0                _fini
 .fini          0x0800ebc4        0x8 E:/STM32CubeIDE_1.19.0/STM32CubeIDE/plugins/com.st.stm32cube.ide.mcu.externaltools.gnu-tools-for-stm32.13.3.rel1.win32_1.0.0.202411081344/tools/bin/../lib/gcc/arm-none-eabi/13.3.1/thumb/v7-m/nofp/crtn.o
                0x0800ebcc                        . = ALIGN (0x4)
                0x0800ebcc                        _etext = .

.vfp11_veneer   0x0800ebcc        0x0
 .vfp11_veneer  0x0800ebcc        0x0 linker stubs

.v4_bx          0x0800ebcc        0x0
 .v4_bx         0x0800ebcc        0x0 linker stubs

.iplt           0x0800ebcc        0x0
 .iplt          0x0800ebcc        0x0 E:/STM32CubeIDE_1.19.0/STM32CubeIDE/plugins/com.st.stm32cube.ide.mcu.externaltools.gnu-tools-for-stm32.13.3.rel1.win32_1.0.0.202411081344/tools/bin/../lib/gcc/arm-none-eabi/13.3.1/thumb/v7-m/nofp/crtbegin.o

.rodata         0x0800ebd0     0x1ef8
                0x0800ebd0                        . = ALIGN (0x4)
 *(.rodata)
 .rodata        0x0800ebd0        0xc ./Core/Src/ft5206.o
 .rodata        0x0800ebdc       0x25 ./Core/Src/gt9147.o
 *fill*         0x0800ec01        0x3 
 .rodata        0x0800ec04        0xd ./Core/Src/lcd.o
 *fill*         0x0800ec11        0x3 
 .rodata        0x0800ec14       0x3b ./Core/Src/main.o
 *fill*         0x0800ec4f        0x1 
 .rodata        0x0800ec50        0xc ./Core/Src/ott2001a.o
 .rodata        0x0800ec5c       0x1b ./Core/Src/route_planning.o
 *fill*         0x0800ec77        0x1 
 .rodata        0x0800ec78       0xaa ./Core/Src/screen.o
 *fill*         0x0800ed22        0x2 
 .rodata        0x0800ed24       0xd0 ./Core/Src/touch.o
 *(.rodata*)
 .rodata.FT5206_TPX_TBL
                0x0800edf4        0xa ./Core/Src/ft5206.o
                0x0800edf4                FT5206_TPX_TBL
 *fill*         0x0800edfe        0x2 
 .rodata.GT9147_CFG_TBL
                0x0800ee00       0xb8 ./Core/Src/gt9147.o
                0x0800ee00                GT9147_CFG_TBL
 .rodata.GT9147_TPX_TBL
                0x0800eeb8        0xa ./Core/Src/gt9147.o
                0x0800eeb8                GT9147_TPX_TBL
 *fill*         0x0800eec2        0x2 
 .rodata.asc2_1206
                0x0800eec4      0x474 ./Core/Src/lcd.o
                0x0800eec4                asc2_1206
 .rodata.asc2_1608
                0x0800f338      0x5f0 ./Core/Src/lcd.o
                0x0800f338                asc2_1608
 .rodata.asc2_2412
                0x0800f928      0xd5c ./Core/Src/lcd.o
                0x0800f928                asc2_2412
 .rodata.OTT_TPX_TBL
                0x08010684        0xa ./Core/Src/ott2001a.o
                0x08010684                OTT_TPX_TBL
 *fill*         0x0801068e        0x2 
 .rodata.AHBPrescTable
                0x08010690       0x10 ./Core/Src/system_stm32f1xx.o
                0x08010690                AHBPrescTable
 .rodata.APBPrescTable
                0x080106a0        0x8 ./Core/Src/system_stm32f1xx.o
                0x080106a0                APBPrescTable
 .rodata.aPLLMULFactorTable.1
                0x080106a8       0x10 ./Drivers/STM32F1xx_HAL_Driver/Src/stm32f1xx_hal_rcc.o
 .rodata.aPredivFactorTable.0
                0x080106b8        0x2 ./Drivers/STM32F1xx_HAL_Driver/Src/stm32f1xx_hal_rcc.o
 .rodata._strtod_l.str1.1
                0x080106ba      0x166 E:/STM32CubeIDE_1.19.0/STM32CubeIDE/plugins/com.st.stm32cube.ide.mcu.externaltools.gnu-tools-for-stm32.13.3.rel1.win32_1.0.0.202411081344/tools/bin/../lib/gcc/arm-none-eabi/13.3.1/../../../../arm-none-eabi/lib/thumb/v7-m/nofp\libc_nano.a(libc_a-strtod.o)
                                  0xf (size before relaxing)
 .rodata.fpinan.0
                0x08010820       0x14 E:/STM32CubeIDE_1.19.0/STM32CubeIDE/plugins/com.st.stm32cube.ide.mcu.externaltools.gnu-tools-for-stm32.13.3.rel1.win32_1.0.0.202411081344/tools/bin/../lib/gcc/arm-none-eabi/13.3.1/../../../../arm-none-eabi/lib/thumb/v7-m/nofp\libc_nano.a(libc_a-strtod.o)
 .rodata.fpi.1  0x08010834       0x14 E:/STM32CubeIDE_1.19.0/STM32CubeIDE/plugins/com.st.stm32cube.ide.mcu.externaltools.gnu-tools-for-stm32.13.3.rel1.win32_1.0.0.202411081344/tools/bin/../lib/gcc/arm-none-eabi/13.3.1/../../../../arm-none-eabi/lib/thumb/v7-m/nofp\libc_nano.a(libc_a-strtod.o)
 .rodata.tinytens
                0x08010848       0x28 E:/STM32CubeIDE_1.19.0/STM32CubeIDE/plugins/com.st.stm32cube.ide.mcu.externaltools.gnu-tools-for-stm32.13.3.rel1.win32_1.0.0.202411081344/tools/bin/../lib/gcc/arm-none-eabi/13.3.1/../../../../arm-none-eabi/lib/thumb/v7-m/nofp\libc_nano.a(libc_a-strtod.o)
 .rodata._setlocale_r.str1.1
                0x08010870        0x9 E:/STM32CubeIDE_1.19.0/STM32CubeIDE/plugins/com.st.stm32cube.ide.mcu.externaltools.gnu-tools-for-stm32.13.3.rel1.win32_1.0.0.202411081344/tools/bin/../lib/gcc/arm-none-eabi/13.3.1/../../../../arm-none-eabi/lib/thumb/v7-m/nofp\libc_nano.a(libc_a-locale.o)
 .rodata.str1.1
                0x08010870        0x2 E:/STM32CubeIDE_1.19.0/STM32CubeIDE/plugins/com.st.stm32cube.ide.mcu.externaltools.gnu-tools-for-stm32.13.3.rel1.win32_1.0.0.202411081344/tools/bin/../lib/gcc/arm-none-eabi/13.3.1/../../../../arm-none-eabi/lib/thumb/v7-m/nofp\libc_nano.a(libc_a-locale.o)
 .rodata.__gethex.str1.1
                0x08010870       0x73 E:/STM32CubeIDE_1.19.0/STM32CubeIDE/plugins/com.st.stm32cube.ide.mcu.externaltools.gnu-tools-for-stm32.13.3.rel1.win32_1.0.0.202411081344/tools/bin/../lib/gcc/arm-none-eabi/13.3.1/../../../../arm-none-eabi/lib/thumb/v7-m/nofp\libc_nano.a(libc_a-gdtoa-gethex.o)
 .rodata._Balloc.str1.1
                0x08010870       0x70 E:/STM32CubeIDE_1.19.0/STM32CubeIDE/plugins/com.st.stm32cube.ide.mcu.externaltools.gnu-tools-for-stm32.13.3.rel1.win32_1.0.0.202411081344/tools/bin/../lib/gcc/arm-none-eabi/13.3.1/../../../../arm-none-eabi/lib/thumb/v7-m/nofp\libc_nano.a(libc_a-mprec.o)
 .rodata.__multadd.str1.1
                0x08010870       0x11 E:/STM32CubeIDE_1.19.0/STM32CubeIDE/plugins/com.st.stm32cube.ide.mcu.externaltools.gnu-tools-for-stm32.13.3.rel1.win32_1.0.0.202411081344/tools/bin/../lib/gcc/arm-none-eabi/13.3.1/../../../../arm-none-eabi/lib/thumb/v7-m/nofp\libc_nano.a(libc_a-mprec.o)
 .rodata.p05.0  0x08010870        0xc E:/STM32CubeIDE_1.19.0/STM32CubeIDE/plugins/com.st.stm32cube.ide.mcu.externaltools.gnu-tools-for-stm32.13.3.rel1.win32_1.0.0.202411081344/tools/bin/../lib/gcc/arm-none-eabi/13.3.1/../../../../arm-none-eabi/lib/thumb/v7-m/nofp\libc_nano.a(libc_a-mprec.o)
 *fill*         0x0801087c        0x4 
 .rodata.__mprec_bigtens
                0x08010880       0x28 E:/STM32CubeIDE_1.19.0/STM32CubeIDE/plugins/com.st.stm32cube.ide.mcu.externaltools.gnu-tools-for-stm32.13.3.rel1.win32_1.0.0.202411081344/tools/bin/../lib/gcc/arm-none-eabi/13.3.1/../../../../arm-none-eabi/lib/thumb/v7-m/nofp\libc_nano.a(libc_a-mprec.o)
                0x08010880                __mprec_bigtens
 .rodata.__mprec_tens
                0x080108a8       0xc8 E:/STM32CubeIDE_1.19.0/STM32CubeIDE/plugins/com.st.stm32cube.ide.mcu.externaltools.gnu-tools-for-stm32.13.3.rel1.win32_1.0.0.202411081344/tools/bin/../lib/gcc/arm-none-eabi/13.3.1/../../../../arm-none-eabi/lib/thumb/v7-m/nofp\libc_nano.a(libc_a-mprec.o)
                0x080108a8                __mprec_tens
 .rodata._ctype_
                0x08010970      0x101 E:/STM32CubeIDE_1.19.0/STM32CubeIDE/plugins/com.st.stm32cube.ide.mcu.externaltools.gnu-tools-for-stm32.13.3.rel1.win32_1.0.0.202411081344/tools/bin/../lib/gcc/arm-none-eabi/13.3.1/../../../../arm-none-eabi/lib/thumb/v7-m/nofp\libc_nano.a(libc_a-ctype_.o)
                0x08010970                _ctype_
 .rodata._svfprintf_r.str1.1
                0x08010a71       0x11 E:/STM32CubeIDE_1.19.0/STM32CubeIDE/plugins/com.st.stm32cube.ide.mcu.externaltools.gnu-tools-for-stm32.13.3.rel1.win32_1.0.0.202411081344/tools/bin/../lib/gcc/arm-none-eabi/13.3.1/../../../../arm-none-eabi/lib/thumb/v7-m/nofp\libc_nano.a(libc_a-nano-svfprintf.o)
 .rodata._vfprintf_r.str1.1
                0x08010a71       0x11 E:/STM32CubeIDE_1.19.0/STM32CubeIDE/plugins/com.st.stm32cube.ide.mcu.externaltools.gnu-tools-for-stm32.13.3.rel1.win32_1.0.0.202411081344/tools/bin/../lib/gcc/arm-none-eabi/13.3.1/../../../../arm-none-eabi/lib/thumb/v7-m/nofp\libc_nano.a(libc_a-nano-vfprintf.o)
 .rodata._printf_i.str1.1
                0x08010a71       0x22 E:/STM32CubeIDE_1.19.0/STM32CubeIDE/plugins/com.st.stm32cube.ide.mcu.externaltools.gnu-tools-for-stm32.13.3.rel1.win32_1.0.0.202411081344/tools/bin/../lib/gcc/arm-none-eabi/13.3.1/../../../../arm-none-eabi/lib/thumb/v7-m/nofp\libc_nano.a(libc_a-nano-vfprintf_i.o)
 .rodata.__assert_func.str1.1
                0x08010a71       0x3d E:/STM32CubeIDE_1.19.0/STM32CubeIDE/plugins/com.st.stm32cube.ide.mcu.externaltools.gnu-tools-for-stm32.13.3.rel1.win32_1.0.0.202411081344/tools/bin/../lib/gcc/arm-none-eabi/13.3.1/../../../../arm-none-eabi/lib/thumb/v7-m/nofp\libc_nano.a(libc_a-assert.o)
 *fill*         0x08010a71        0x7 
 .rodata.tiny   0x08010a78        0x8 E:/STM32CubeIDE_1.19.0/STM32CubeIDE/plugins/com.st.stm32cube.ide.mcu.externaltools.gnu-tools-for-stm32.13.3.rel1.win32_1.0.0.202411081344/tools/bin/../lib/gcc/arm-none-eabi/13.3.1/../../../../arm-none-eabi/lib/thumb/v7-m/nofp\libm.a(libm_a-e_sqrt.o)
 .rodata.one    0x08010a80        0x8 E:/STM32CubeIDE_1.19.0/STM32CubeIDE/plugins/com.st.stm32cube.ide.mcu.externaltools.gnu-tools-for-stm32.13.3.rel1.win32_1.0.0.202411081344/tools/bin/../lib/gcc/arm-none-eabi/13.3.1/../../../../arm-none-eabi/lib/thumb/v7-m/nofp\libm.a(libm_a-e_sqrt.o)
 .rodata.tiny   0x08010a88        0x4 E:/STM32CubeIDE_1.19.0/STM32CubeIDE/plugins/com.st.stm32cube.ide.mcu.externaltools.gnu-tools-for-stm32.13.3.rel1.win32_1.0.0.202411081344/tools/bin/../lib/gcc/arm-none-eabi/13.3.1/../../../../arm-none-eabi/lib/thumb/v7-m/nofp\libm.a(libm_a-ef_sqrt.o)
 .rodata.one    0x08010a8c        0x4 E:/STM32CubeIDE_1.19.0/STM32CubeIDE/plugins/com.st.stm32cube.ide.mcu.externaltools.gnu-tools-for-stm32.13.3.rel1.win32_1.0.0.202411081344/tools/bin/../lib/gcc/arm-none-eabi/13.3.1/../../../../arm-none-eabi/lib/thumb/v7-m/nofp\libm.a(libm_a-ef_sqrt.o)
 .rodata.CSWTCH.9
                0x08010a90        0xc E:/STM32CubeIDE_1.19.0/STM32CubeIDE/plugins/com.st.stm32cube.ide.mcu.externaltools.gnu-tools-for-stm32.13.3.rel1.win32_1.0.0.202411081344/tools/bin/../lib/gcc/arm-none-eabi/13.3.1/../../../../arm-none-eabi/lib/thumb/v7-m/nofp\libm.a(libm_a-ef_atan2.o)
 .rodata.CSWTCH.8
                0x08010a9c        0xc E:/STM32CubeIDE_1.19.0/STM32CubeIDE/plugins/com.st.stm32cube.ide.mcu.externaltools.gnu-tools-for-stm32.13.3.rel1.win32_1.0.0.202411081344/tools/bin/../lib/gcc/arm-none-eabi/13.3.1/../../../../arm-none-eabi/lib/thumb/v7-m/nofp\libm.a(libm_a-ef_atan2.o)
 .rodata.atanlo
                0x08010aa8       0x10 E:/STM32CubeIDE_1.19.0/STM32CubeIDE/plugins/com.st.stm32cube.ide.mcu.externaltools.gnu-tools-for-stm32.13.3.rel1.win32_1.0.0.202411081344/tools/bin/../lib/gcc/arm-none-eabi/13.3.1/../../../../arm-none-eabi/lib/thumb/v7-m/nofp\libm.a(libm_a-sf_atan.o)
 .rodata.atanhi
                0x08010ab8       0x10 E:/STM32CubeIDE_1.19.0/STM32CubeIDE/plugins/com.st.stm32cube.ide.mcu.externaltools.gnu-tools-for-stm32.13.3.rel1.win32_1.0.0.202411081344/tools/bin/../lib/gcc/arm-none-eabi/13.3.1/../../../../arm-none-eabi/lib/thumb/v7-m/nofp\libm.a(libm_a-sf_atan.o)
                0x08010ac8                        . = ALIGN (0x4)

.ARM.extab      0x08010ac8        0x0
                0x08010ac8                        . = ALIGN (0x4)
 *(.ARM.extab* .gnu.linkonce.armextab.*)
                0x08010ac8                        . = ALIGN (0x4)

.ARM            0x08010ac8        0x8
                0x08010ac8                        . = ALIGN (0x4)
                0x08010ac8                        __exidx_start = .
 *(.ARM.exidx*)
 .ARM.exidx     0x08010ac8        0x8 E:/STM32CubeIDE_1.19.0/STM32CubeIDE/plugins/com.st.stm32cube.ide.mcu.externaltools.gnu-tools-for-stm32.13.3.rel1.win32_1.0.0.202411081344/tools/bin/../lib/gcc/arm-none-eabi/13.3.1/../../../../arm-none-eabi/lib/thumb/v7-m/nofp\libc_nano.a(libc_a-strcmp.o)
 .ARM.exidx     0x08010ad0        0x0 E:/STM32CubeIDE_1.19.0/STM32CubeIDE/plugins/com.st.stm32cube.ide.mcu.externaltools.gnu-tools-for-stm32.13.3.rel1.win32_1.0.0.202411081344/tools/bin/../lib/gcc/arm-none-eabi/13.3.1/../../../../arm-none-eabi/lib/thumb/v7-m/nofp\libc_nano.a(libc_a-strlen.o)
                                  0x8 (size before relaxing)
                0x08010ad0                        __exidx_end = .
                0x08010ad0                        . = ALIGN (0x4)

.rel.dyn        0x08010ad0        0x0
 .rel.iplt      0x08010ad0        0x0 E:/STM32CubeIDE_1.19.0/STM32CubeIDE/plugins/com.st.stm32cube.ide.mcu.externaltools.gnu-tools-for-stm32.13.3.rel1.win32_1.0.0.202411081344/tools/bin/../lib/gcc/arm-none-eabi/13.3.1/thumb/v7-m/nofp/crtbegin.o

.preinit_array  0x08010ad0        0x0
                0x08010ad0                        . = ALIGN (0x4)
                0x08010ad0                        PROVIDE (__preinit_array_start = .)
 *(.preinit_array*)
                0x08010ad0                        PROVIDE (__preinit_array_end = .)
                0x08010ad0                        . = ALIGN (0x4)

.init_array     0x08010ad0        0x4
                0x08010ad0                        . = ALIGN (0x4)
                0x08010ad0                        PROVIDE (__init_array_start = .)
 *(SORT_BY_NAME(.init_array.*))
 *(.init_array*)
 .init_array    0x08010ad0        0x4 E:/STM32CubeIDE_1.19.0/STM32CubeIDE/plugins/com.st.stm32cube.ide.mcu.externaltools.gnu-tools-for-stm32.13.3.rel1.win32_1.0.0.202411081344/tools/bin/../lib/gcc/arm-none-eabi/13.3.1/thumb/v7-m/nofp/crtbegin.o
                0x08010ad4                        PROVIDE (__init_array_end = .)
                0x08010ad4                        . = ALIGN (0x4)

.fini_array     0x08010ad4        0x4
                0x08010ad4                        . = ALIGN (0x4)
                [!provide]                        PROVIDE (__fini_array_start = .)
 *(SORT_BY_NAME(.fini_array.*))
 *(.fini_array*)
 .fini_array    0x08010ad4        0x4 E:/STM32CubeIDE_1.19.0/STM32CubeIDE/plugins/com.st.stm32cube.ide.mcu.externaltools.gnu-tools-for-stm32.13.3.rel1.win32_1.0.0.202411081344/tools/bin/../lib/gcc/arm-none-eabi/13.3.1/thumb/v7-m/nofp/crtbegin.o
                [!provide]                        PROVIDE (__fini_array_end = .)
                0x08010ad8                        . = ALIGN (0x4)
                0x08010ad8                        _sidata = LOADADDR (.data)

.data           0x20000000      0x214 load address 0x08010ad8
                0x20000000                        . = ALIGN (0x4)
                0x20000000                        _sdata = .
 *(.data)
 *(.data*)
 .data.key_up.0
                0x20000000        0x1 ./Core/Src/key.o
 *fill*         0x20000001        0x1 
 .data.BACK_COLOR
                0x20000002        0x2 ./Core/Src/lcd.o
                0x20000002                BACK_COLOR
 .data.bt_connected
                0x20000004        0x1 ./Core/Src/screen.o
                0x20000004                bt_connected
 *fill*         0x20000005        0x3 
 .data.SystemCoreClock
                0x20000008        0x4 ./Core/Src/system_stm32f1xx.o
                0x20000008                SystemCoreClock
 .data.tp_dev   0x2000000c       0x34 ./Core/Src/touch.o
                0x2000000c                tp_dev
 .data.CMD_RDX  0x20000040        0x1 ./Core/Src/touch.o
                0x20000040                CMD_RDX